../Radio_Drivers/radio-board/sx126x-board.c:78:6:SX126xIoIrqInit	16	static
../Radio_Drivers/radio-board/sx126x-board.c:95:6:SX126xIoDbgInit	4	static
../Radio_Drivers/radio-board/sx126x-board.c:103:6:SX126xIoTcxoInit	4	static
../Radio_Drivers/radio-board/sx126x-board.c:108:10:SX126xGetBoardTcxoWakeupTime	4	static
../Radio_Drivers/radio-board/sx126x-board.c:113:6:SX126xIoRfSwitchInit	8	static
../Radio_Drivers/radio-board/sx126x-board.c:118:23:SX126xGetOperatingMode	4	static
../Radio_Drivers/radio-board/sx126x-board.c:123:6:SX126xSetOperatingMode	16	static
../Radio_Drivers/radio-board/sx126x-board.c:146:6:SX126xReset	8	static
../Radio_Drivers/radio-board/sx126x-board.c:161:6:SX126xWaitOnBusy	8	static
../Radio_Drivers/radio-board/sx126x-board.c:167:6:SX126xWakeup	8	static
../Radio_Drivers/radio-board/sx126x-board.c:195:6:SX126xWriteCommand	24	static
../Radio_Drivers/radio-board/sx126x-board.c:217:9:SX126xReadCommand	32	static
../Radio_Drivers/radio-board/sx126x-board.c:242:6:SX126xWriteRegisters	24	static
../Radio_Drivers/radio-board/sx126x-board.c:268:6:SX126xWriteRegister	16	static
../Radio_Drivers/radio-board/sx126x-board.c:273:6:SX126xReadRegisters	32	static
../Radio_Drivers/radio-board/sx126x-board.c:297:9:SX126xReadRegister	24	static
../Radio_Drivers/radio-board/sx126x-board.c:304:6:SX126xWriteBuffer	24	static
../Radio_Drivers/radio-board/sx126x-board.c:324:6:SX126xReadBuffer	32	static
../Radio_Drivers/radio-board/sx126x-board.c:346:6:SX126xSetRfTxPower	16	static
../Radio_Drivers/radio-board/sx126x-board.c:351:9:SX126xGetDeviceId	8	static
../Radio_Drivers/radio-board/sx126x-board.c:363:6:SX126xAntSwOn	8	static
../Radio_Drivers/radio-board/sx126x-board.c:369:6:SX126xAntSwOff	8	static
../Radio_Drivers/radio-board/sx126x-board.c:375:6:SX126xCheckRfFrequency	16	static
../Radio_Drivers/radio-board/sx126x-board.c:381:10:SX126xGetDio1PinState	8	static
