Archive member included to satisfy reference by file (symbol)

d:/st software/cubeide/stm32cubeide_1.12.1/stm32cubeide/plugins/com.st.stm32cube.ide.mcu.externaltools.gnu-tools-for-stm32.10.3-2021.10.win32_1.0.200.202301161003/tools/bin/../lib/gcc/arm-none-eabi/10.3.1/../../../../arm-none-eabi/lib/thumb/v7e-m+fp/hard\libc_nano.a(lib_a-errno.o)
                              ./Core/Src/syscalls.o (__errno)
d:/st software/cubeide/stm32cubeide_1.12.1/stm32cubeide/plugins/com.st.stm32cube.ide.mcu.externaltools.gnu-tools-for-stm32.10.3-2021.10.win32_1.0.200.202301161003/tools/bin/../lib/gcc/arm-none-eabi/10.3.1/../../../../arm-none-eabi/lib/thumb/v7e-m+fp/hard\libc_nano.a(lib_a-exit.o)
                              d:/st software/cubeide/stm32cubeide_1.12.1/stm32cubeide/plugins/com.st.stm32cube.ide.mcu.externaltools.gnu-tools-for-stm32.10.3-2021.10.win32_1.0.200.202301161003/tools/bin/../lib/gcc/arm-none-eabi/10.3.1/../../../../arm-none-eabi/lib/thumb/v7e-m+fp/hard/crt0.o (exit)
d:/st software/cubeide/stm32cubeide_1.12.1/stm32cubeide/plugins/com.st.stm32cube.ide.mcu.externaltools.gnu-tools-for-stm32.10.3-2021.10.win32_1.0.200.202301161003/tools/bin/../lib/gcc/arm-none-eabi/10.3.1/../../../../arm-none-eabi/lib/thumb/v7e-m+fp/hard\libc_nano.a(lib_a-impure.o)
                              d:/st software/cubeide/stm32cubeide_1.12.1/stm32cubeide/plugins/com.st.stm32cube.ide.mcu.externaltools.gnu-tools-for-stm32.10.3-2021.10.win32_1.0.200.202301161003/tools/bin/../lib/gcc/arm-none-eabi/10.3.1/../../../../arm-none-eabi/lib/thumb/v7e-m+fp/hard\libc_nano.a(lib_a-exit.o) (_global_impure_ptr)
d:/st software/cubeide/stm32cubeide_1.12.1/stm32cubeide/plugins/com.st.stm32cube.ide.mcu.externaltools.gnu-tools-for-stm32.10.3-2021.10.win32_1.0.200.202301161003/tools/bin/../lib/gcc/arm-none-eabi/10.3.1/../../../../arm-none-eabi/lib/thumb/v7e-m+fp/hard\libc_nano.a(lib_a-init.o)
                              d:/st software/cubeide/stm32cubeide_1.12.1/stm32cubeide/plugins/com.st.stm32cube.ide.mcu.externaltools.gnu-tools-for-stm32.10.3-2021.10.win32_1.0.200.202301161003/tools/bin/../lib/gcc/arm-none-eabi/10.3.1/../../../../arm-none-eabi/lib/thumb/v7e-m+fp/hard/crt0.o (__libc_init_array)
d:/st software/cubeide/stm32cubeide_1.12.1/stm32cubeide/plugins/com.st.stm32cube.ide.mcu.externaltools.gnu-tools-for-stm32.10.3-2021.10.win32_1.0.200.202301161003/tools/bin/../lib/gcc/arm-none-eabi/10.3.1/../../../../arm-none-eabi/lib/thumb/v7e-m+fp/hard\libc_nano.a(lib_a-memcpy-stub.o)
                              ./Sensor_Drivers/Sensor_Drivers.o (memcpy)
d:/st software/cubeide/stm32cubeide_1.12.1/stm32cubeide/plugins/com.st.stm32cube.ide.mcu.externaltools.gnu-tools-for-stm32.10.3-2021.10.win32_1.0.200.202301161003/tools/bin/../lib/gcc/arm-none-eabi/10.3.1/../../../../arm-none-eabi/lib/thumb/v7e-m+fp/hard\libc_nano.a(lib_a-memset.o)
                              d:/st software/cubeide/stm32cubeide_1.12.1/stm32cubeide/plugins/com.st.stm32cube.ide.mcu.externaltools.gnu-tools-for-stm32.10.3-2021.10.win32_1.0.200.202301161003/tools/bin/../lib/gcc/arm-none-eabi/10.3.1/../../../../arm-none-eabi/lib/thumb/v7e-m+fp/hard/crt0.o (memset)
d:/st software/cubeide/stm32cubeide_1.12.1/stm32cubeide/plugins/com.st.stm32cube.ide.mcu.externaltools.gnu-tools-for-stm32.10.3-2021.10.win32_1.0.200.202301161003/tools/bin/../lib/gcc/arm-none-eabi/10.3.1/../../../../arm-none-eabi/lib/thumb/v7e-m+fp/hard\libc_nano.a(lib_a-nano-vfprintf_float.o)
                              (_printf_float)
d:/st software/cubeide/stm32cubeide_1.12.1/stm32cubeide/plugins/com.st.stm32cube.ide.mcu.externaltools.gnu-tools-for-stm32.10.3-2021.10.win32_1.0.200.202301161003/tools/bin/../lib/gcc/arm-none-eabi/10.3.1/../../../../arm-none-eabi/lib/thumb/v7e-m+fp/hard\libc_nano.a(lib_a-nano-vfprintf_i.o)
                              d:/st software/cubeide/stm32cubeide_1.12.1/stm32cubeide/plugins/com.st.stm32cube.ide.mcu.externaltools.gnu-tools-for-stm32.10.3-2021.10.win32_1.0.200.202301161003/tools/bin/../lib/gcc/arm-none-eabi/10.3.1/../../../../arm-none-eabi/lib/thumb/v7e-m+fp/hard\libc_nano.a(lib_a-nano-vfprintf_float.o) (_printf_common)
d:/st software/cubeide/stm32cubeide_1.12.1/stm32cubeide/plugins/com.st.stm32cube.ide.mcu.externaltools.gnu-tools-for-stm32.10.3-2021.10.win32_1.0.200.202301161003/tools/bin/../lib/gcc/arm-none-eabi/10.3.1/../../../../arm-none-eabi/lib/thumb/v7e-m+fp/hard\libc_nano.a(lib_a-nano-vfscanf_float.o)
                              (_scanf_float)
d:/st software/cubeide/stm32cubeide_1.12.1/stm32cubeide/plugins/com.st.stm32cube.ide.mcu.externaltools.gnu-tools-for-stm32.10.3-2021.10.win32_1.0.200.202301161003/tools/bin/../lib/gcc/arm-none-eabi/10.3.1/../../../../arm-none-eabi/lib/thumb/v7e-m+fp/hard\libc_nano.a(lib_a-sf_nan.o)
[...]
Memory Configuration

Name             Origin             Length             Attributes
CCMRAM           0x0000000010000000 0x0000000000010000 xrw
RAM              0x0000000020000000 0x0000000000020000 xrw
FLASH            0x0000000008000000 0x0000000000100000 xr
*default*        0x0000000000000000 0xffffffffffffffff

Linker script and memory map

LOAD d:/st software/cubeide/stm32cubeide_1.12.1/stm32cubeide/plugins/com.st.stm32cube.ide.mcu.externaltools.gnu-tools-for-stm32.10.3-2021.10.win32_1.0.200.202301161003/tools/bin/../lib/gcc/arm-none-eabi/10.3.1/thumb/v7e-m+fp/hard/crti.o
LOAD d:/st software/cubeide/stm32cubeide_1.12.1/stm32cubeide/plugins/com.st.stm32cube.ide.mcu.externaltools.gnu-tools-for-stm32.10.3-2021.10.win32_1.0.200.202301161003/tools/bin/../lib/gcc/arm-none-eabi/10.3.1/thumb/v7e-m+fp/hard/crtbegin.o
LOAD d:/st software/cubeide/stm32cubeide_1.12.1/stm32cubeide/plugins/com.st.stm32cube.ide.mcu.externaltools.gnu-tools-for-stm32.10.3-2021.10.win32_1.0.200.202301161003/tools/bin/../lib/gcc/arm-none-eabi/10.3.1/../../../../arm-none-eabi/lib/thumb/v7e-m+fp/hard/crt0.o
LOAD ./Core/Src/adc.o
LOAD ./Core/Src/dma.o
LOAD ./Core/Src/gpio.o
LOAD ./Core/Src/main.o
LOAD ./Core/Src/rtc.o
LOAD ./Core/Src/sdio.o
LOAD ./Core/Src/spi.o
LOAD ./Core/Src/stm32f4xx_hal_msp.o
LOAD ./Core/Src/stm32f4xx_it.o
LOAD ./Core/Src/syscalls.o
LOAD ./Core/Src/sysmem.o
LOAD ./Core/Src/system_stm32f4xx.o
LOAD ./Core/Startup/startup_stm32f407vgtx.o
LOAD ./DDS/AD9833.o
LOAD ./DDS/AD9914.o
LOAD ./Drivers/STM32F4xx_HAL_Driver/Src/stm32f4xx_hal.o
LOAD ./Drivers/STM32F4xx_HAL_Driver/Src/stm32f4xx_hal_adc.o
LOAD ./Drivers/STM32F4xx_HAL_Driver/Src/stm32f4xx_hal_adc_ex.o
LOAD ./Drivers/STM32F4xx_HAL_Driver/Src/stm32f4xx_hal_cortex.o
LOAD ./Drivers/STM32F4xx_HAL_Driver/Src/stm32f4xx_hal_dma.o
LOAD ./Drivers/STM32F4xx_HAL_Driver/Src/stm32f4xx_hal_dma_ex.o
LOAD ./Drivers/STM32F4xx_HAL_Driver/Src/stm32f4xx_hal_exti.o
LOAD ./Drivers/STM32F4xx_HAL_Driver/Src/stm32f4xx_hal_flash.o
LOAD ./Drivers/STM32F4xx_HAL_Driver/Src/stm32f4xx_hal_flash_ex.o
LOAD ./Drivers/STM32F4xx_HAL_Driver/Src/stm32f4xx_hal_flash_ramfunc.o
LOAD ./Drivers/STM32F4xx_HAL_Driver/Src/stm32f4xx_hal_gpio.o
LOAD ./Drivers/STM32F4xx_HAL_Driver/Src/stm32f4xx_hal_pwr.o
LOAD ./Drivers/STM32F4xx_HAL_Driver/Src/stm32f4xx_hal_pwr_ex.o
LOAD ./Drivers/STM32F4xx_HAL_Driver/Src/stm32f4xx_hal_rcc.o
LOAD ./Drivers/STM32F4xx_HAL_Driver/Src/stm32f4xx_hal_rcc_ex.o
LOAD ./Drivers/STM32F4xx_HAL_Driver/Src/stm32f4xx_hal_rtc.o
LOAD ./Drivers/STM32F4xx_HAL_Driver/Src/stm32f4xx_hal_rtc_ex.o
LOAD ./Drivers/STM32F4xx_HAL_Driver/Src/stm32f4xx_hal_sd.o
LOAD ./Drivers/STM32F4xx_HAL_Driver/Src/stm32f4xx_hal_spi.o
LOAD ./Drivers/STM32F4xx_HAL_Driver/Src/stm32f4xx_hal_tim.o
LOAD ./Drivers/STM32F4xx_HAL_Driver/Src/stm32f4xx_hal_tim_ex.o
LOAD ./Drivers/STM32F4xx_HAL_Driver/Src/stm32f4xx_ll_adc.o
LOAD ./Drivers/STM32F4xx_HAL_Driver/Src/stm32f4xx_ll_sdmmc.o
LOAD ./FATFS/App/fatfs.o
LOAD ./FATFS/Target/bsp_driver_sd.o
LOAD ./FATFS/Target/fatfs_platform.o
LOAD ./FATFS/Target/sd_diskio.o
LOAD ./Middlewares/Third_Party/FatFs/src/diskio.o
LOAD ./Middlewares/Third_Party/FatFs/src/ff.o
LOAD ./Middlewares/Third_Party/FatFs/src/ff_gen_drv.o
LOAD ./Middlewares/Third_Party/FatFs/src/option/ccsbcs.o
LOAD ./Middlewares/Third_Party/FatFs/src/option/syscall.o
LOAD ./Radio_Drivers/hw/board_gpio.o
LOAD ./Radio_Drivers/hw/board_spi.o
LOAD ./Radio_Drivers/radio-board/sx126x-board.o
LOAD ./Radio_Drivers/radio-board/utilities.o
LOAD ./Radio_Drivers/sx126x/radio.o
LOAD ./Radio_Drivers/sx126x/sx126x.o
LOAD ./Sensor_Drivers/Sensor_Drivers.o
START GROUP
LOAD d:/st software/cubeide/stm32cubeide_1.12.1/stm32cubeide/plugins/com.st.stm32cube.ide.mcu.externaltools.gnu-tools-for-stm32.10.3-2021.10.win32_1.0.200.202301161003/tools/bin/../lib/gcc/arm-none-eabi/10.3.1/../../../../arm-none-eabi/lib/thumb/v7e-m+fp/hard\libc_nano.a
LOAD d:/st software/cubeide/stm32cubeide_1.12.1/stm32cubeide/plugins/com.st.stm32cube.ide.mcu.externaltools.gnu-tools-for-stm32.10.3-2021.10.win32_1.0.200.202301161003/tools/bin/../lib/gcc/arm-none-eabi/10.3.1/../../../../arm-none-eabi/lib/thumb/v7e-m+fp/hard\libm.a
END GROUP
START GROUP
LOAD d:/st software/cubeide/stm32cubeide_1.12.1/stm32cubeide/plugins/com.st.stm32cube.ide.mcu.externaltools.gnu-tools-for-stm32.10.3-2021.10.win32_1.0.200.202301161003/tools/bin/../lib/gcc/arm-none-eabi/10.3.1/thumb/v7e-m+fp/hard\libgcc.a
LOAD d:/st software/cubeide/stm32cubeide_1.12.1/stm32cubeide/plugins/com.st.stm32cube.ide.mcu.externaltools.gnu-tools-for-stm32.10.3-2021.10.win32_1.0.200.202301161003/tools/bin/../lib/gcc/arm-none-eabi/10.3.1/../../../../arm-none-eabi/lib/thumb/v7e-m+fp/hard\libc_nano.a
END GROUP
START GROUP
LOAD d:/st software/cubeide/stm32cubeide_1.12.1/stm32cubeide/plugins/com.st.stm32cube.ide.mcu.externaltools.gnu-tools-for-stm32.10.3-2021.10.win32_1.0.200.202301161003/tools/bin/../lib/gcc/arm-none-eabi/10.3.1/thumb/v7e-m+fp/hard\libgcc.a
LOAD d:/st software/cubeide/stm32cubeide_1.12.1/stm32cubeide/plugins/com.st.stm32cube.ide.mcu.externaltools.gnu-tools-for-stm32.10.3-2021.10.win32_1.0.200.202301161003/tools/bin/../lib/gcc/arm-none-eabi/10.3.1/../../../../arm-none-eabi/lib/thumb/v7e-m+fp/hard\libc_nano.a
LOAD d:/st software/cubeide/stm32cubeide_1.12.1/stm32cubeide/plugins/com.st.stm32cube.ide.mcu.externaltools.gnu-tools-for-stm32.10.3-2021.10.win32_1.0.200.202301161003/tools/bin/../lib/gcc/arm-none-eabi/10.3.1/../../../../arm-none-eabi/lib/thumb/v7e-m+fp/hard\libnosys.a
END GROUP
START GROUP
LOAD d:/st software/cubeide/stm32cubeide_1.12.1/stm32cubeide/plugins/com.st.stm32cube.ide.mcu.externaltools.gnu-tools-for-stm32.10.3-2021.10.win32_1.0.200.202301161003/tools/bin/../lib/gcc/arm-none-eabi/10.3.1/thumb/v7e-m+fp/hard\libgcc.a
LOAD d:/st software/cubeide/stm32cubeide_1.12.1/stm32cubeide/plugins/com.st.stm32cube.ide.mcu.externaltools.gnu-tools-for-stm32.10.3-2021.10.win32_1.0.200.202301161003/tools/bin/../lib/gcc/arm-none-eabi/10.3.1/../../../../arm-none-eabi/lib/thumb/v7e-m+fp/hard\libc_nano.a
LOAD d:/st software/cubeide/stm32cubeide_1.12.1/stm32cubeide/plugins/com.st.stm32cube.ide.mcu.externaltools.gnu-tools-for-stm32.10.3-2021.10.win32_1.0.200.202301161003/tools/bin/../lib/gcc/arm-none-eabi/10.3.1/../../../../arm-none-eabi/lib/thumb/v7e-m+fp/hard\libnosys.a
END GROUP
LOAD d:/st software/cubeide/stm32cubeide_1.12.1/stm32cubeide/plugins/com.st.stm32cube.ide.mcu.externaltools.gnu-tools-for-stm32.10.3-2021.10.win32_1.0.200.202301161003/tools/bin/../lib/gcc/arm-none-eabi/10.3.1/thumb/v7e-m+fp/hard/crtend.o
LOAD d:/st software/cubeide/stm32cubeide_1.12.1/stm32cubeide/plugins/com.st.stm32cube.ide.mcu.externaltools.gnu-tools-for-stm32.10.3-2021.10.win32_1.0.200.202301161003/tools/bin/../lib/gcc/arm-none-eabi/10.3.1/thumb/v7e-m+fp/hard/crtn.o
                0x0000000020020000                _estack = (ORIGIN (RAM) + LENGTH (RAM))
                0x0000000000000200                _Min_Heap_Size = 0x200
                0x0000000000000400                _Min_Stack_Size = 0x400

.isr_vector     0x0000000008000000      0x188
                0x0000000008000000                . = ALIGN (0x4)
 *(.isr_vector)
 .isr_vector    0x0000000008000000      0x188 ./Core/Startup/startup_stm32f407vgtx.o
                0x0000000008000000                g_pfnVectors
                0x0000000008000188                . = ALIGN (0x4)

.text           0x0000000008000190    0x13144
                0x0000000008000190                . = ALIGN (0x4)
 *(.text)
 .text          0x0000000008000190       0x40 d:/st software/cubeide/stm32cubeide_1.12.1/stm32cubeide/plugins/com.st.stm32cube.ide.mcu.externaltools.gnu-tools-for-stm32.10.3-2021.10.win32_1.0.200.202301161003/tools/bin/../lib/gcc/arm-none-eabi/10.3.1/thumb/v7e-m+fp/hard/crtbegin.o
 .text          0x00000000080001d0       0x10 d:/st software/cubeide/stm32cubeide_1.12.1/stm32cubeide/plugins/com.st.stm32cube.ide.mcu.externaltools.gnu-tools-for-stm32.10.3-2021.10.win32_1.0.200.202301161003/tools/bin/../lib/gcc/arm-none-eabi/10.3.1/../../../../arm-none-eabi/lib/thumb/v7e-m+fp/hard\libc_nano.a(lib_a-strlen.o)
                0x00000000080001d0                strlen
 .text          0x00000000080001e0       0xa0 d:/st software/cubeide/stm32cubeide_1.12.1/stm32cubeide/plugins/com.st.stm32cube.ide.mcu.externaltools.gnu-tools-for-stm32.10.3-2021.10.win32_1.0.200.202301161003/tools/bin/../lib/gcc/arm-none-eabi/10.3.1/../../../../arm-none-eabi/lib/thumb/v7e-m+fp/hard\libc_nano.a(lib_a-memchr.o)
                0x00000000080001e0                memchr
 .text          0x0000000008000280      0x378 d:/st software/cubeide/stm32cubeide_1.12.1/stm32cubeide/plugins/com.st.stm32cube.ide.mcu.externaltools.gnu-tools-for-stm32.10.3-2021.10.win32_1.0.200.202301161003/tools/bin/../lib/gcc/arm-none-eabi/10.3.1/thumb/v7e-m+fp/hard\libgcc.a(_arm_addsubdf3.o)
                0x0000000008000280                __aeabi_drsub
                0x0000000008000288                __aeabi_dsub
                0x0000000008000288                __subdf3
                0x000000000800028c                __aeabi_dadd
                0x000000000800028c                __adddf3
                0x0000000008000504                __floatunsidf
                0x0000000008000504                __aeabi_ui2d
                0x0000000008000524                __floatsidf
                0x0000000008000524                __aeabi_i2d
                0x0000000008000548                __aeabi_f2d
                0x0000000008000548                __extendsfdf2
                0x000000000800058c                __floatundidf
                0x000000000800058c                __aeabi_ul2d
                0x000000000800059c                __floatdidf
                0x000000000800059c                __aeabi_l2d
 .text          0x00000000080005f8      0x424 d:/st software/cubeide/stm32cubeide_1.12.1/stm32cubeide/plugins/com.st.stm32cube.ide.mcu.externaltools.gnu-tools-for-stm32.10.3-2021.10.win32_1.0.200.202301161003/tools/bin/../lib/gcc/arm-none-eabi/10.3.1/thumb/v7e-m+fp/hard\libgcc.a(_arm_muldivdf3.o)
                0x00000000080005f8                __aeabi_dmul
                0x00000000080005f8                __muldf3
                0x000000000800084c                __divdf3
                0x000000000800084c                __aeabi_ddiv
 .text          0x0000000008000a1c      0x110 d:/st software/cubeide/stm32cubeide_1.12.1/stm32cubeide/plugins/com.st.stm32cube.ide.mcu.externaltools.gnu-tools-for-stm32.10.3-2021.10.win32_1.0.200.202301161003/tools/bin/../lib/gcc/arm-none-eabi/10.3.1/thumb/v7e-m+fp/hard\libgcc.a(_arm_cmpdf2.o)
                0x0000000008000a1c                __gtdf2
                0x0000000008000a1c                __gedf2
                0x0000000008000a24                __ltdf2
                0x0000000008000a24                __ledf2
                0x0000000008000a2c                __nedf2
                0x0000000008000a2c                __eqdf2
                0x0000000008000a2c                __cmpdf2
                0x0000000008000aa8                __aeabi_cdrcmple
                0x0000000008000ab8                __aeabi_cdcmpeq
                0x0000000008000ab8                __aeabi_cdcmple
                0x0000000008000ac8                __aeabi_dcmpeq
                0x0000000008000adc                __aeabi_dcmplt
                0x0000000008000af0                __aeabi_dcmple
                0x0000000008000b04                __aeabi_dcmpge
                0x0000000008000b18                __aeabi_dcmpgt
 .text          0x0000000008000b2c       0x2c d:/st software/cubeide/stm32cubeide_1.12.1/stm32cubeide/plugins/com.st.stm32cube.ide.mcu.externaltools.gnu-tools-for-stm32.10.3-2021.10.win32_1.0.200.202301161003/tools/bin/../lib/gcc/arm-none-eabi/10.3.1/thumb/v7e-m+fp/hard\libgcc.a(_arm_unorddf2.o)
                0x0000000008000b2c                __unorddf2
                0x0000000008000b2c                __aeabi_dcmpun
 .text          0x0000000008000b58       0x50 d:/st software/cubeide/stm32cubeide_1.12.1/stm32cubeide/plugins/com.st.stm32cube.ide.mcu.externaltools.gnu-tools-for-stm32.10.3-2021.10.win32_1.0.200.202301161003/tools/bin/../lib/gcc/arm-none-eabi/10.3.1/thumb/v7e-m+fp/hard\libgcc.a(_arm_fixdfsi.o)
                0x0000000008000b58                __aeabi_d2iz
                0x0000000008000b58                __fixdfsi
 .text          0x0000000008000ba8       0x40 d:/st software/cubeide/stm32cubeide_1.12.1/stm32cubeide/plugins/com.st.stm32cube.ide.mcu.externaltools.gnu-tools-for-stm32.10.3-2021.10.win32_1.0.200.202301161003/tools/bin/../lib/gcc/arm-none-eabi/10.3.1/thumb/v7e-m+fp/hard\libgcc.a(_arm_fixunsdfsi.o)
                0x0000000008000ba8                __aeabi_d2uiz
                0x0000000008000ba8                __fixunsdfsi
 .text          0x0000000008000be8       0xa0 d:/st software/cubeide/stm32cubeide_1.12.1/stm32cubeide/plugins/com.st.stm32cube.ide.mcu.externaltools.gnu-tools-for-stm32.10.3-2021.10.win32_1.0.200.202301161003/tools/bin/../lib/gcc/arm-none-eabi/10.3.1/thumb/v7e-m+fp/hard\libgcc.a(_arm_truncdfsf2.o)
                0x0000000008000be8                __truncdfsf2
                0x0000000008000be8                __aeabi_d2f
 .text          0x0000000008000c88       0x30 d:/st software/cubeide/stm32cubeide_1.12.1/stm32cubeide/plugins/com.st.stm32cube.ide.mcu.externaltools.gnu-tools-for-stm32.10.3-2021.10.win32_1.0.200.202301161003/tools/bin/../lib/gcc/arm-none-eabi/10.3.1/thumb/v7e-m+fp/hard\libgcc.a(_aeabi_uldivmod.o)
                0x0000000008000c88                __aeabi_uldivmod
 .text          0x0000000008000cb8       0x30 d:/st software/cubeide/stm32cubeide_1.12.1/stm32cubeide/plugins/com.st.stm32cube.ide.mcu.externaltools.gnu-tools-for-stm32.10.3-2021.10.win32_1.0.200.202301161003/tools/bin/../lib/gcc/arm-none-eabi/10.3.1/thumb/v7e-m+fp/hard\libgcc.a(_fixdfdi.o)
                0x0000000008000cb8                __fixdfdi
                0x0000000008000cb8                __aeabi_d2lz
 .text          0x0000000008000ce8       0x3c d:/st software/cubeide/stm32cubeide_1.12.1/stm32cubeide/plugins/com.st.stm32cube.ide.mcu.externaltools.gnu-tools-for-stm32.10.3-2021.10.win32_1.0.200.202301161003/tools/bin/../lib/gcc/arm-none-eabi/10.3.1/thumb/v7e-m+fp/hard\libgcc.a(_fixunsdfdi.o)
                0x0000000008000ce8                __fixunsdfdi
                0x0000000008000ce8                __aeabi_d2ulz
 .text          0x0000000008000d24      0x2d0 d:/st software/cubeide/stm32cubeide_1.12.1/stm32cubeide/plugins/com.st.stm32cube.ide.mcu.externaltools.gnu-tools-for-stm32.10.3-2021.10.win32_1.0.200.202301161003/tools/bin/../lib/gcc/arm-none-eabi/10.3.1/thumb/v7e-m+fp/hard\libgcc.a(_udivmoddi4.o)
                0x0000000008000d24                __udivmoddi4
 .text          0x0000000008000ff4        0x4 d:/st software/cubeide/stm32cubeide_1.12.1/stm32cubeide/plugins/com.st.stm32cube.ide.mcu.externaltools.gnu-tools-for-stm32.10.3-2021.10.win32_1.0.200.202301161003/tools/bin/../lib/gcc/arm-none-eabi/10.3.1/thumb/v7e-m+fp/hard\libgcc.a(_dvmd_tls.o)
                0x0000000008000ff4                __aeabi_idiv0
                0x0000000008000ff4                __aeabi_ldiv0
 *(.text*)
 .text.MX_ADC1_Init
                0x0000000008000ff8       0xc0 ./Core/Src/adc.o
                0x0000000008000ff8                MX_ADC1_Init
 .text.HAL_ADC_MspInit
                0x00000000080010b8       0xec ./Core/Src/adc.o
                0x00000000080010b8                HAL_ADC_MspInit
 .text.MX_DMA_Init
                0x00000000080011a4       0x40 ./Core/Src/dma.o
                0x00000000080011a4                MX_DMA_Init
 .text.MX_GPIO_Init
                0x00000000080011e4      0x2f4 ./Core/Src/gpio.o
                0x00000000080011e4                MX_GPIO_Init
 .text.LOWPOWER_GPIO_Init
                0x00000000080014d8       0xa4 ./Core/Src/gpio.o
                0x00000000080014d8                LOWPOWER_GPIO_Init
 .text.LOWPOWER_GPIO_DeInit
                0x000000000800157c       0x84 ./Core/Src/gpio.o
                0x000000000800157c                LOWPOWER_GPIO_DeInit
 .text.main     0x0000000008001600       0x36 ./Core/Src/main.o
                0x0000000008001600                main
 *fill*         0x0000000008001636        0x2 
 .text.SystemClock_Config
                0x0000000008001638       0xd8 ./Core/Src/main.o
                0x0000000008001638                SystemClock_Config
 .text.Error_Handler
                0x0000000008001710        0xa ./Core/Src/main.o
                0x0000000008001710                Error_Handler
 *fill*         0x000000000800171a        0x2 
 .text.MX_RTC_Init
                0x000000000800171c       0x4c ./Core/Src/rtc.o
                0x000000000800171c                MX_RTC_Init
 .text.HAL_RTC_MspInit
                0x0000000008001768       0x74 ./Core/Src/rtc.o
                0x0000000008001768                HAL_RTC_MspInit
 .text.MX_SDIO_SD_Init
                0x00000000080017dc       0x44 ./Core/Src/sdio.o
                0x00000000080017dc                MX_SDIO_SD_Init
 .text.HAL_SD_MspInit
                0x0000000008001820       0xd0 ./Core/Src/sdio.o
                0x0000000008001820                HAL_SD_MspInit
 .text.MX_SPI1_Init
                0x00000000080018f0       0x70 ./Core/Src/spi.o
                0x00000000080018f0                MX_SPI1_Init
 .text.HAL_SPI_MspInit
                0x0000000008001960       0x90 ./Core/Src/spi.o
                0x0000000008001960                HAL_SPI_MspInit
 .text.HAL_MspInit
                0x00000000080019f0       0x50 ./Core/Src/stm32f4xx_hal_msp.o
                0x00000000080019f0                HAL_MspInit
 .text.NMI_Handler
                0x0000000008001a40        0x6 ./Core/Src/stm32f4xx_it.o
                0x0000000008001a40                NMI_Handler
 .text.HardFault_Handler
                0x0000000008001a46        0x6 ./Core/Src/stm32f4xx_it.o
                0x0000000008001a46                HardFault_Handler
 .text.MemManage_Handler
                0x0000000008001a4c        0x6 ./Core/Src/stm32f4xx_it.o
                0x0000000008001a4c                MemManage_Handler
 .text.BusFault_Handler
                0x0000000008001a52        0x6 ./Core/Src/stm32f4xx_it.o
                0x0000000008001a52                BusFault_Handler
 .text.UsageFault_Handler
                0x0000000008001a58        0x6 ./Core/Src/stm32f4xx_it.o
                0x0000000008001a58                UsageFault_Handler
 .text.SVC_Handler
                0x0000000008001a5e        0xe ./Core/Src/stm32f4xx_it.o
                0x0000000008001a5e                SVC_Handler
 .text.DebugMon_Handler
                0x0000000008001a6c        0xe ./Core/Src/stm32f4xx_it.o
                0x0000000008001a6c                DebugMon_Handler
 .text.PendSV_Handler
                0x0000000008001a7a        0xe ./Core/Src/stm32f4xx_it.o
                0x0000000008001a7a                PendSV_Handler
 .text.SysTick_Handler
                0x0000000008001a88        0xc ./Core/Src/stm32f4xx_it.o
                0x0000000008001a88                SysTick_Handler
 .text.RTC_WKUP_IRQHandler
                0x0000000008001a94       0x14 ./Core/Src/stm32f4xx_it.o
                0x0000000008001a94                RTC_WKUP_IRQHandler
 .text.EXTI9_5_IRQHandler
                0x0000000008001aa8        0xe ./Core/Src/stm32f4xx_it.o
                0x0000000008001aa8                EXTI9_5_IRQHandler
 *fill*         0x0000000008001ab6        0x2 
 .text.RTC_Alarm_IRQHandler
                0x0000000008001ab8       0x14 ./Core/Src/stm32f4xx_it.o
                0x0000000008001ab8                RTC_Alarm_IRQHandler
 .text.DMA2_Stream0_IRQHandler
                0x0000000008001acc       0x14 ./Core/Src/stm32f4xx_it.o
                0x0000000008001acc                DMA2_Stream0_IRQHandler
 .text._getpid  0x0000000008001ae0       0x10 ./Core/Src/syscalls.o
                0x0000000008001ae0                _getpid
 .text._kill    0x0000000008001af0       0x20 ./Core/Src/syscalls.o
                0x0000000008001af0                _kill
 .text._exit    0x0000000008001b10       0x14 ./Core/Src/syscalls.o
                0x0000000008001b10                _exit
 .text._read    0x0000000008001b24       0x3a ./Core/Src/syscalls.o
                0x0000000008001b24                _read
 .text._write   0x0000000008001b5e       0x38 ./Core/Src/syscalls.o
                0x0000000008001b5e                _write
 .text._close   0x0000000008001b96       0x18 ./Core/Src/syscalls.o
                0x0000000008001b96                _close
 .text._fstat   0x0000000008001bae       0x20 ./Core/Src/syscalls.o
                0x0000000008001bae                _fstat
 .text._isatty  0x0000000008001bce       0x16 ./Core/Src/syscalls.o
                0x0000000008001bce                _isatty
 .text._lseek   0x0000000008001be4       0x1a ./Core/Src/syscalls.o
                0x0000000008001be4                _lseek
 *fill*         0x0000000008001bfe        0x2 
 .text._sbrk    0x0000000008001c00       0x6c ./Core/Src/sysmem.o
                0x0000000008001c00                _sbrk
 .text.SystemInit
                0x0000000008001c6c       0x24 ./Core/Src/system_stm32f4xx.o
                0x0000000008001c6c                SystemInit
 .text.Reset_Handler
                0x0000000008001c90       0x50 ./Core/Startup/startup_stm32f407vgtx.o
                0x0000000008001c90                Reset_Handler
 .text.Default_Handler
                0x0000000008001ce0        0x2 ./Core/Startup/startup_stm32f407vgtx.o
                0x0000000008001ce0                HASH_RNG_IRQHandler
                0x0000000008001ce0                EXTI2_IRQHandler
                0x0000000008001ce0                TIM8_CC_IRQHandler
                0x0000000008001ce0                TIM1_CC_IRQHandler
                0x0000000008001ce0                DMA2_Stream5_IRQHandler
                0x0000000008001ce0                DMA1_Stream5_IRQHandler
                0x0000000008001ce0                PVD_IRQHandler
                0x0000000008001ce0                SDIO_IRQHandler
                0x0000000008001ce0                TAMP_STAMP_IRQHandler
                0x0000000008001ce0                CAN2_RX1_IRQHandler
                0x0000000008001ce0                EXTI3_IRQHandler
                0x0000000008001ce0                TIM8_TRG_COM_TIM14_IRQHandler
                0x0000000008001ce0                TIM1_UP_TIM10_IRQHandler
                0x0000000008001ce0                TIM8_UP_TIM13_IRQHandler
                0x0000000008001ce0                I2C3_ER_IRQHandler
                0x0000000008001ce0                EXTI0_IRQHandler
                0x0000000008001ce0                I2C2_EV_IRQHandler
                0x0000000008001ce0                DMA1_Stream2_IRQHandler
                0x0000000008001ce0                CAN1_RX0_IRQHandler
                0x0000000008001ce0                FPU_IRQHandler
                0x0000000008001ce0                OTG_HS_WKUP_IRQHandler
                0x0000000008001ce0                CAN2_SCE_IRQHandler
                0x0000000008001ce0                DMA2_Stream2_IRQHandler
                0x0000000008001ce0                SPI1_IRQHandler
                0x0000000008001ce0                TIM6_DAC_IRQHandler
                0x0000000008001ce0                TIM1_BRK_TIM9_IRQHandler
                0x0000000008001ce0                DCMI_IRQHandler
                0x0000000008001ce0                CAN2_RX0_IRQHandler
                0x0000000008001ce0                DMA2_Stream3_IRQHandler
                0x0000000008001ce0                USART6_IRQHandler
                0x0000000008001ce0                USART3_IRQHandler
                0x0000000008001ce0                CAN1_RX1_IRQHandler
                0x0000000008001ce0                UART5_IRQHandler
                0x0000000008001ce0                TIM4_IRQHandler
                0x0000000008001ce0                I2C1_EV_IRQHandler
                0x0000000008001ce0                DMA1_Stream6_IRQHandler
                0x0000000008001ce0                DMA1_Stream1_IRQHandler
                0x0000000008001ce0                UART4_IRQHandler
                0x0000000008001ce0                TIM3_IRQHandler
                0x0000000008001ce0                RCC_IRQHandler
                0x0000000008001ce0                TIM8_BRK_TIM12_IRQHandler
                0x0000000008001ce0                Default_Handler
                0x0000000008001ce0                EXTI15_10_IRQHandler
                0x0000000008001ce0                ADC_IRQHandler
                0x0000000008001ce0                DMA1_Stream7_IRQHandler
                0x0000000008001ce0                TIM7_IRQHandler
                0x0000000008001ce0                CAN2_TX_IRQHandler
                0x0000000008001ce0                TIM5_IRQHandler
                0x0000000008001ce0                DMA2_Stream7_IRQHandler
                0x0000000008001ce0                I2C3_EV_IRQHandler
                0x0000000008001ce0                ETH_WKUP_IRQHandler
                0x0000000008001ce0                SPI2_IRQHandler
                0x0000000008001ce0                OTG_HS_EP1_IN_IRQHandler
                0x0000000008001ce0                DMA1_Stream0_IRQHandler
                0x0000000008001ce0                CAN1_TX_IRQHandler
                0x0000000008001ce0                EXTI4_IRQHandler
                0x0000000008001ce0                FSMC_IRQHandler
                0x0000000008001ce0                ETH_IRQHandler
                0x0000000008001ce0                OTG_HS_EP1_OUT_IRQHandler
                0x0000000008001ce0                WWDG_IRQHandler
                0x0000000008001ce0                TIM2_IRQHandler
                0x0000000008001ce0                OTG_FS_WKUP_IRQHandler
                0x0000000008001ce0                TIM1_TRG_COM_TIM11_IRQHandler
                0x0000000008001ce0                OTG_HS_IRQHandler
                0x0000000008001ce0                EXTI1_IRQHandler
                0x0000000008001ce0                USART2_IRQHandler
                0x0000000008001ce0                I2C2_ER_IRQHandler
                0x0000000008001ce0                DMA2_Stream1_IRQHandler
                0x0000000008001ce0                CAN1_SCE_IRQHandler
                0x0000000008001ce0                FLASH_IRQHandler
                0x0000000008001ce0                DMA2_Stream4_IRQHandler
                0x0000000008001ce0                USART1_IRQHandler
                0x0000000008001ce0                OTG_FS_IRQHandler
                0x0000000008001ce0                SPI3_IRQHandler
                0x0000000008001ce0                DMA1_Stream4_IRQHandler
                0x0000000008001ce0                I2C1_ER_IRQHandler
                0x0000000008001ce0                DMA2_Stream6_IRQHandler
                0x0000000008001ce0                DMA1_Stream3_IRQHandler
 *fill*         0x0000000008001ce2        0x2 
 .text.AD9833_Write_Register
                0x0000000008001ce4       0xa0 ./DDS/AD9833.o
                0x0000000008001ce4                AD9833_Write_Register
 .text.AD9833_SetFrequency
                0x0000000008001d84       0xa0 ./DDS/AD9833.o
                0x0000000008001d84                AD9833_SetFrequency
 .text.AD9833_Reset
                0x0000000008001e24       0x44 ./DDS/AD9833.o
                0x0000000008001e24                AD9833_Reset
 .text.AD9833_Power_Down
                0x0000000008001e68       0x60 ./DDS/AD9833.o
                0x0000000008001e68                AD9833_Power_Down
 .text.AD9833_Generate_Wave
                0x0000000008001ec8       0x48 ./DDS/AD9833.o
                0x0000000008001ec8                AD9833_Generate_Wave
 .text.AD9833_Init
                0x0000000008001f10       0x30 ./DDS/AD9833.o
                0x0000000008001f10                AD9833_Init
 .text.AD9833_IO_LOW
                0x0000000008001f40       0x30 ./DDS/AD9833.o
                0x0000000008001f40                AD9833_IO_LOW
 .text.AD9914_Init
                0x0000000008001f70       0x10 ./DDS/AD9914.o
                0x0000000008001f70                AD9914_Init
 .text.AD9914_Send_IO_Update
                0x0000000008001f80       0x34 ./DDS/AD9914.o
                0x0000000008001f80                AD9914_Send_IO_Update
 .text.AD9914_Send_Reset
                0x0000000008001fb4       0x28 ./DDS/AD9914.o
                0x0000000008001fb4                AD9914_Send_Reset
 .text.AD9914_Write_Register
                0x0000000008001fdc       0x48 ./DDS/AD9914.o
                0x0000000008001fdc                AD9914_Write_Register
 .text.AD9914_Initilize_DDS
                0x0000000008002024       0x58 ./DDS/AD9914.o
                0x0000000008002024                AD9914_Initilize_DDS
 .text.AD9914_Calibrate_DAC
                0x000000000800207c       0x28 ./DDS/AD9914.o
                0x000000000800207c                AD9914_Calibrate_DAC
 .text.AD9914_Power_Down
                0x00000000080020a4       0x40 ./DDS/AD9914.o
                0x00000000080020a4                AD9914_Power_Down
 .text.AD9914_Generate_Wave
                0x00000000080020e4       0x28 ./DDS/AD9914.o
                0x00000000080020e4                AD9914_Generate_Wave
 *fill*         0x000000000800210c        0x4 
 .text.AD9914_Calculate_frequency_tuning_word
                0x0000000008002110       0x80 ./DDS/AD9914.o
                0x0000000008002110                AD9914_Calculate_frequency_tuning_word
 .text.AD9914_Phase_Amp_Set
                0x0000000008002190       0xc0 ./DDS/AD9914.o
                0x0000000008002190                AD9914_Phase_Amp_Set
 .text.AD9914_IO_LOW
                0x0000000008002250       0x48 ./DDS/AD9914.o
                0x0000000008002250                AD9914_IO_LOW
 .text.HAL_Init
                0x0000000008002298       0x44 ./Drivers/STM32F4xx_HAL_Driver/Src/stm32f4xx_hal.o
                0x0000000008002298                HAL_Init
 .text.HAL_InitTick
                0x00000000080022dc       0x60 ./Drivers/STM32F4xx_HAL_Driver/Src/stm32f4xx_hal.o
                0x00000000080022dc                HAL_InitTick
 .text.HAL_IncTick
                0x000000000800233c       0x28 ./Drivers/STM32F4xx_HAL_Driver/Src/stm32f4xx_hal.o
                0x000000000800233c                HAL_IncTick
 .text.HAL_GetTick
                0x0000000008002364       0x18 ./Drivers/STM32F4xx_HAL_Driver/Src/stm32f4xx_hal.o
                0x0000000008002364                HAL_GetTick
 .text.HAL_Delay
                0x000000000800237c       0x48 ./Drivers/STM32F4xx_HAL_Driver/Src/stm32f4xx_hal.o
                0x000000000800237c                HAL_Delay
 .text.HAL_SuspendTick
                0x00000000080023c4       0x20 ./Drivers/STM32F4xx_HAL_Driver/Src/stm32f4xx_hal.o
                0x00000000080023c4                HAL_SuspendTick
 .text.HAL_ResumeTick
                0x00000000080023e4       0x20 ./Drivers/STM32F4xx_HAL_Driver/Src/stm32f4xx_hal.o
                0x00000000080023e4                HAL_ResumeTick
 .text.HAL_ADC_Init
                0x0000000008002404       0x86 ./Drivers/STM32F4xx_HAL_Driver/Src/stm32f4xx_hal_adc.o
                0x0000000008002404                HAL_ADC_Init
 *fill*         0x000000000800248a        0x2 
 .text.HAL_ADC_Start_DMA
                0x000000000800248c      0x220 ./Drivers/STM32F4xx_HAL_Driver/Src/stm32f4xx_hal_adc.o
                0x000000000800248c                HAL_ADC_Start_DMA
 .text.HAL_ADC_ConvHalfCpltCallback
                0x00000000080026ac       0x14 ./Drivers/STM32F4xx_HAL_Driver/Src/stm32f4xx_hal_adc.o
                0x00000000080026ac                HAL_ADC_ConvHalfCpltCallback
 .text.HAL_ADC_ErrorCallback
                0x00000000080026c0       0x14 ./Drivers/STM32F4xx_HAL_Driver/Src/stm32f4xx_hal_adc.o
                0x00000000080026c0                HAL_ADC_ErrorCallback
 .text.HAL_ADC_ConfigChannel
                0x00000000080026d4      0x244 ./Drivers/STM32F4xx_HAL_Driver/Src/stm32f4xx_hal_adc.o
                0x00000000080026d4                HAL_ADC_ConfigChannel
 .text.ADC_Init
                0x0000000008002918      0x1f8 ./Drivers/STM32F4xx_HAL_Driver/Src/stm32f4xx_hal_adc.o
 .text.ADC_DMAConvCplt
                0x0000000008002b10       0xba ./Drivers/STM32F4xx_HAL_Driver/Src/stm32f4xx_hal_adc.o
 .text.ADC_DMAHalfConvCplt
                0x0000000008002bca       0x1c ./Drivers/STM32F4xx_HAL_Driver/Src/stm32f4xx_hal_adc.o
 .text.ADC_DMAError
                0x0000000008002be6       0x2e ./Drivers/STM32F4xx_HAL_Driver/Src/stm32f4xx_hal_adc.o
 .text.__NVIC_SetPriorityGrouping
                0x0000000008002c14       0x48 ./Drivers/STM32F4xx_HAL_Driver/Src/stm32f4xx_hal_cortex.o
 .text.__NVIC_GetPriorityGrouping
                0x0000000008002c5c       0x1c ./Drivers/STM32F4xx_HAL_Driver/Src/stm32f4xx_hal_cortex.o
 .text.__NVIC_EnableIRQ
                0x0000000008002c78       0x3c ./Drivers/STM32F4xx_HAL_Driver/Src/stm32f4xx_hal_cortex.o
 .text.__NVIC_SetPriority
                0x0000000008002cb4       0x54 ./Drivers/STM32F4xx_HAL_Driver/Src/stm32f4xx_hal_cortex.o
 .text.NVIC_EncodePriority
                0x0000000008002d08       0x66 ./Drivers/STM32F4xx_HAL_Driver/Src/stm32f4xx_hal_cortex.o
 *fill*         0x0000000008002d6e        0x2 
 .text.SysTick_Config
                0x0000000008002d70       0x44 ./Drivers/STM32F4xx_HAL_Driver/Src/stm32f4xx_hal_cortex.o
 .text.HAL_NVIC_SetPriorityGrouping
                0x0000000008002db4       0x16 ./Drivers/STM32F4xx_HAL_Driver/Src/stm32f4xx_hal_cortex.o
                0x0000000008002db4                HAL_NVIC_SetPriorityGrouping
 .text.HAL_NVIC_SetPriority
                0x0000000008002dca       0x38 ./Drivers/STM32F4xx_HAL_Driver/Src/stm32f4xx_hal_cortex.o
                0x0000000008002dca                HAL_NVIC_SetPriority
 .text.HAL_NVIC_EnableIRQ
                0x0000000008002e02       0x1c ./Drivers/STM32F4xx_HAL_Driver/Src/stm32f4xx_hal_cortex.o
                0x0000000008002e02                HAL_NVIC_EnableIRQ
 .text.HAL_SYSTICK_Config
                0x0000000008002e1e       0x18 ./Drivers/STM32F4xx_HAL_Driver/Src/stm32f4xx_hal_cortex.o
                0x0000000008002e1e                HAL_SYSTICK_Config
 *fill*         0x0000000008002e36        0x2 
 .text.HAL_DMA_Init
                0x0000000008002e38      0x15c ./Drivers/STM32F4xx_HAL_Driver/Src/stm32f4xx_hal_dma.o
                0x0000000008002e38                HAL_DMA_Init
 .text.HAL_DMA_Start_IT
                0x0000000008002f94       0xb0 ./Drivers/STM32F4xx_HAL_Driver/Src/stm32f4xx_hal_dma.o
                0x0000000008002f94                HAL_DMA_Start_IT
 .text.HAL_DMA_IRQHandler
                0x0000000008003044      0x314 ./Drivers/STM32F4xx_HAL_Driver/Src/stm32f4xx_hal_dma.o
                0x0000000008003044                HAL_DMA_IRQHandler
 .text.DMA_SetConfig
                0x0000000008003358       0x5c ./Drivers/STM32F4xx_HAL_Driver/Src/stm32f4xx_hal_dma.o
 .text.DMA_CalcBaseAndBitshift
                0x00000000080033b4       0x6c ./Drivers/STM32F4xx_HAL_Driver/Src/stm32f4xx_hal_dma.o
 .text.DMA_CheckFifoParam
                0x0000000008003420       0xf8 ./Drivers/STM32F4xx_HAL_Driver/Src/stm32f4xx_hal_dma.o
 .text.HAL_GPIO_Init
                0x0000000008003518      0x338 ./Drivers/STM32F4xx_HAL_Driver/Src/stm32f4xx_hal_gpio.o
                0x0000000008003518                HAL_GPIO_Init
 .text.HAL_GPIO_ReadPin
                0x0000000008003850       0x30 ./Drivers/STM32F4xx_HAL_Driver/Src/stm32f4xx_hal_gpio.o
                0x0000000008003850                HAL_GPIO_ReadPin
 .text.HAL_GPIO_WritePin
                0x0000000008003880       0x32 ./Drivers/STM32F4xx_HAL_Driver/Src/stm32f4xx_hal_gpio.o
                0x0000000008003880                HAL_GPIO_WritePin
 *fill*         0x00000000080038b2        0x2 
 .text.HAL_GPIO_EXTI_IRQHandler
                0x00000000080038b4       0x30 ./Drivers/STM32F4xx_HAL_Driver/Src/stm32f4xx_hal_gpio.o
                0x00000000080038b4                HAL_GPIO_EXTI_IRQHandler
 .text.HAL_PWR_EnterSTOPMode
                0x00000000080038e4       0x58 ./Drivers/STM32F4xx_HAL_Driver/Src/stm32f4xx_hal_pwr.o
                0x00000000080038e4                HAL_PWR_EnterSTOPMode
 .text.HAL_PWR_EnterSTANDBYMode
                0x000000000800393c       0x30 ./Drivers/STM32F4xx_HAL_Driver/Src/stm32f4xx_hal_pwr.o
                0x000000000800393c                HAL_PWR_EnterSTANDBYMode
 .text.HAL_RCC_OscConfig
                0x000000000800396c      0x4f0 ./Drivers/STM32F4xx_HAL_Driver/Src/stm32f4xx_hal_rcc.o
                0x000000000800396c                HAL_RCC_OscConfig
 .text.HAL_RCC_ClockConfig
                0x0000000008003e5c      0x1cc ./Drivers/STM32F4xx_HAL_Driver/Src/stm32f4xx_hal_rcc.o
                0x0000000008003e5c                HAL_RCC_ClockConfig
 .text.HAL_RCC_GetSysClockFreq
                0x0000000008004028      0x20c ./Drivers/STM32F4xx_HAL_Driver/Src/stm32f4xx_hal_rcc.o
                0x0000000008004028                HAL_RCC_GetSysClockFreq
 .text.HAL_RCCEx_PeriphCLKConfig
                0x0000000008004234      0x1c4 ./Drivers/STM32F4xx_HAL_Driver/Src/stm32f4xx_hal_rcc_ex.o
                0x0000000008004234                HAL_RCCEx_PeriphCLKConfig
 .text.HAL_RTC_Init
                0x00000000080043f8       0xec ./Drivers/STM32F4xx_HAL_Driver/Src/stm32f4xx_hal_rtc.o
                0x00000000080043f8                HAL_RTC_Init
 .text.HAL_RTC_SetTime
                0x00000000080044e4      0x134 ./Drivers/STM32F4xx_HAL_Driver/Src/stm32f4xx_hal_rtc.o
                0x00000000080044e4                HAL_RTC_SetTime
 .text.HAL_RTC_GetTime
                0x0000000008004618       0xbc ./Drivers/STM32F4xx_HAL_Driver/Src/stm32f4xx_hal_rtc.o
                0x0000000008004618                HAL_RTC_GetTime
 .text.HAL_RTC_SetDate
                0x00000000080046d4      0x108 ./Drivers/STM32F4xx_HAL_Driver/Src/stm32f4xx_hal_rtc.o
                0x00000000080046d4                HAL_RTC_SetDate
 .text.HAL_RTC_GetDate
                0x00000000080047dc       0x9e ./Drivers/STM32F4xx_HAL_Driver/Src/stm32f4xx_hal_rtc.o
                0x00000000080047dc                HAL_RTC_GetDate
 *fill*         0x000000000800487a        0x2 
 .text.HAL_RTC_SetAlarm_IT
                0x000000000800487c      0x284 ./Drivers/STM32F4xx_HAL_Driver/Src/stm32f4xx_hal_rtc.o
                0x000000000800487c                HAL_RTC_SetAlarm_IT
 .text.HAL_RTC_AlarmIRQHandler
                0x0000000008004b00       0x8c ./Drivers/STM32F4xx_HAL_Driver/Src/stm32f4xx_hal_rtc.o
                0x0000000008004b00                HAL_RTC_AlarmIRQHandler
 .text.HAL_RTC_WaitForSynchro
                0x0000000008004b8c       0x50 ./Drivers/STM32F4xx_HAL_Driver/Src/stm32f4xx_hal_rtc.o
                0x0000000008004b8c                HAL_RTC_WaitForSynchro
 .text.RTC_EnterInitMode
                0x0000000008004bdc       0x6e ./Drivers/STM32F4xx_HAL_Driver/Src/stm32f4xx_hal_rtc.o
                0x0000000008004bdc                RTC_EnterInitMode
 .text.RTC_ExitInitMode
                0x0000000008004c4a       0x4a ./Drivers/STM32F4xx_HAL_Driver/Src/stm32f4xx_hal_rtc.o
                0x0000000008004c4a                RTC_ExitInitMode
 .text.RTC_ByteToBcd2
                0x0000000008004c94       0x3a ./Drivers/STM32F4xx_HAL_Driver/Src/stm32f4xx_hal_rtc.o
                0x0000000008004c94                RTC_ByteToBcd2
 .text.RTC_Bcd2ToByte
                0x0000000008004cce       0x38 ./Drivers/STM32F4xx_HAL_Driver/Src/stm32f4xx_hal_rtc.o
                0x0000000008004cce                RTC_Bcd2ToByte
 *fill*         0x0000000008004d06        0x2 
 .text.HAL_RTCEx_SetWakeUpTimer_IT
                0x0000000008004d08      0x180 ./Drivers/STM32F4xx_HAL_Driver/Src/stm32f4xx_hal_rtc_ex.o
                0x0000000008004d08                HAL_RTCEx_SetWakeUpTimer_IT
 .text.HAL_RTCEx_DeactivateWakeUpTimer
                0x0000000008004e88       0xb0 ./Drivers/STM32F4xx_HAL_Driver/Src/stm32f4xx_hal_rtc_ex.o
                0x0000000008004e88                HAL_RTCEx_DeactivateWakeUpTimer
 .text.HAL_RTCEx_WakeUpTimerIRQHandler
                0x0000000008004f38       0x48 ./Drivers/STM32F4xx_HAL_Driver/Src/stm32f4xx_hal_rtc_ex.o
                0x0000000008004f38                HAL_RTCEx_WakeUpTimerIRQHandler
 .text.HAL_RTCEx_WakeUpTimerEventCallback
                0x0000000008004f80       0x14 ./Drivers/STM32F4xx_HAL_Driver/Src/stm32f4xx_hal_rtc_ex.o
                0x0000000008004f80                HAL_RTCEx_WakeUpTimerEventCallback
 .text.HAL_RTCEx_BKUPWrite
                0x0000000008004f94       0x34 ./Drivers/STM32F4xx_HAL_Driver/Src/stm32f4xx_hal_rtc_ex.o
                0x0000000008004f94                HAL_RTCEx_BKUPWrite
 .text.HAL_RTCEx_BKUPRead
                0x0000000008004fc8       0x30 ./Drivers/STM32F4xx_HAL_Driver/Src/stm32f4xx_hal_rtc_ex.o
                0x0000000008004fc8                HAL_RTCEx_BKUPRead
 .text.HAL_SD_Init
                0x0000000008004ff8       0x60 ./Drivers/STM32F4xx_HAL_Driver/Src/stm32f4xx_hal_sd.o
                0x0000000008004ff8                HAL_SD_Init
 .text.HAL_SD_InitCard
                0x0000000008005058      0x100 ./Drivers/STM32F4xx_HAL_Driver/Src/stm32f4xx_hal_sd.o
                0x0000000008005058                HAL_SD_InitCard
 .text.HAL_SD_ReadBlocks
                0x0000000008005158      0x3bc ./Drivers/STM32F4xx_HAL_Driver/Src/stm32f4xx_hal_sd.o
                0x0000000008005158                HAL_SD_ReadBlocks
 .text.HAL_SD_WriteBlocks
                0x0000000008005514      0x30c ./Drivers/STM32F4xx_HAL_Driver/Src/stm32f4xx_hal_sd.o
                0x0000000008005514                HAL_SD_WriteBlocks
 .text.HAL_SD_GetCardCSD
                0x0000000008005820      0x348 ./Drivers/STM32F4xx_HAL_Driver/Src/stm32f4xx_hal_sd.o
                0x0000000008005820                HAL_SD_GetCardCSD
 .text.HAL_SD_GetCardInfo
                0x0000000008005b68       0x58 ./Drivers/STM32F4xx_HAL_Driver/Src/stm32f4xx_hal_sd.o
                0x0000000008005b68                HAL_SD_GetCardInfo
 .text.HAL_SD_ConfigWideBusOperation
                0x0000000008005bc0      0x134 ./Drivers/STM32F4xx_HAL_Driver/Src/stm32f4xx_hal_sd.o
                0x0000000008005bc0                HAL_SD_ConfigWideBusOperation
 .text.HAL_SD_GetCardState
                0x0000000008005cf4       0x40 ./Drivers/STM32F4xx_HAL_Driver/Src/stm32f4xx_hal_sd.o
                0x0000000008005cf4                HAL_SD_GetCardState
 .text.SD_InitCard
                0x0000000008005d34      0x19c ./Drivers/STM32F4xx_HAL_Driver/Src/stm32f4xx_hal_sd.o
 .text.SD_PowerON
                0x0000000008005ed0      0x11c ./Drivers/STM32F4xx_HAL_Driver/Src/stm32f4xx_hal_sd.o
 .text.SD_SendStatus
                0x0000000008005fec       0x50 ./Drivers/STM32F4xx_HAL_Driver/Src/stm32f4xx_hal_sd.o
 .text.SD_WideBus_Enable
                0x000000000800603c       0x96 ./Drivers/STM32F4xx_HAL_Driver/Src/stm32f4xx_hal_sd.o
 .text.SD_WideBus_Disable
                0x00000000080060d2       0x96 ./Drivers/STM32F4xx_HAL_Driver/Src/stm32f4xx_hal_sd.o
 .text.SD_FindSCR
                0x0000000008006168      0x1a6 ./Drivers/STM32F4xx_HAL_Driver/Src/stm32f4xx_hal_sd.o
 .text.HAL_SPI_Init
                0x000000000800630e      0x112 ./Drivers/STM32F4xx_HAL_Driver/Src/stm32f4xx_hal_spi.o
                0x000000000800630e                HAL_SPI_Init
 .text.HAL_SPI_Transmit
                0x0000000008006420      0x278 ./Drivers/STM32F4xx_HAL_Driver/Src/stm32f4xx_hal_spi.o
                0x0000000008006420                HAL_SPI_Transmit
 .text.SPI_WaitFlagStateUntilTimeout
                0x0000000008006698      0x110 ./Drivers/STM32F4xx_HAL_Driver/Src/stm32f4xx_hal_spi.o
 .text.SPI_EndRxTxTransaction
                0x00000000080067a8       0x84 ./Drivers/STM32F4xx_HAL_Driver/Src/stm32f4xx_hal_spi.o
 .text.SDIO_Init
                0x000000000800682c       0x56 ./Drivers/STM32F4xx_HAL_Driver/Src/stm32f4xx_ll_sdmmc.o
                0x000000000800682c                SDIO_Init
 .text.SDIO_ReadFIFO
                0x0000000008006882       0x1a ./Drivers/STM32F4xx_HAL_Driver/Src/stm32f4xx_ll_sdmmc.o
                0x0000000008006882                SDIO_ReadFIFO
 .text.SDIO_WriteFIFO
                0x000000000800689c       0x22 ./Drivers/STM32F4xx_HAL_Driver/Src/stm32f4xx_ll_sdmmc.o
                0x000000000800689c                SDIO_WriteFIFO
 .text.SDIO_PowerState_ON
                0x00000000080068be       0x1c ./Drivers/STM32F4xx_HAL_Driver/Src/stm32f4xx_ll_sdmmc.o
                0x00000000080068be                SDIO_PowerState_ON
 .text.SDIO_GetPowerState
                0x00000000080068da       0x1c ./Drivers/STM32F4xx_HAL_Driver/Src/stm32f4xx_ll_sdmmc.o
                0x00000000080068da                SDIO_GetPowerState
 .text.SDIO_SendCommand
                0x00000000080068f6       0x54 ./Drivers/STM32F4xx_HAL_Driver/Src/stm32f4xx_ll_sdmmc.o
                0x00000000080068f6                SDIO_SendCommand
 .text.SDIO_GetCommandResponse
                0x000000000800694a       0x1a ./Drivers/STM32F4xx_HAL_Driver/Src/stm32f4xx_ll_sdmmc.o
                0x000000000800694a                SDIO_GetCommandResponse
 .text.SDIO_GetResponse
                0x0000000008006964       0x26 ./Drivers/STM32F4xx_HAL_Driver/Src/stm32f4xx_ll_sdmmc.o
                0x0000000008006964                SDIO_GetResponse
 .text.SDIO_ConfigData
                0x000000000800698a       0x58 ./Drivers/STM32F4xx_HAL_Driver/Src/stm32f4xx_ll_sdmmc.o
                0x000000000800698a                SDIO_ConfigData
 .text.SDMMC_CmdBlockLength
                0x00000000080069e2       0x44 ./Drivers/STM32F4xx_HAL_Driver/Src/stm32f4xx_ll_sdmmc.o
                0x00000000080069e2                SDMMC_CmdBlockLength
 .text.SDMMC_CmdReadSingleBlock
                0x0000000008006a26       0x44 ./Drivers/STM32F4xx_HAL_Driver/Src/stm32f4xx_ll_sdmmc.o
                0x0000000008006a26                SDMMC_CmdReadSingleBlock
 .text.SDMMC_CmdReadMultiBlock
                0x0000000008006a6a       0x44 ./Drivers/STM32F4xx_HAL_Driver/Src/stm32f4xx_ll_sdmmc.o
                0x0000000008006a6a                SDMMC_CmdReadMultiBlock
 .text.SDMMC_CmdWriteSingleBlock
                0x0000000008006aae       0x44 ./Drivers/STM32F4xx_HAL_Driver/Src/stm32f4xx_ll_sdmmc.o
                0x0000000008006aae                SDMMC_CmdWriteSingleBlock
 .text.SDMMC_CmdWriteMultiBlock
                0x0000000008006af2       0x44 ./Drivers/STM32F4xx_HAL_Driver/Src/stm32f4xx_ll_sdmmc.o
                0x0000000008006af2                SDMMC_CmdWriteMultiBlock
 *fill*         0x0000000008006b36        0x2 
 .text.SDMMC_CmdStopTransfer
                0x0000000008006b38       0x44 ./Drivers/STM32F4xx_HAL_Driver/Src/stm32f4xx_ll_sdmmc.o
                0x0000000008006b38                SDMMC_CmdStopTransfer
 .text.SDMMC_CmdSelDesel
                0x0000000008006b7c       0x46 ./Drivers/STM32F4xx_HAL_Driver/Src/stm32f4xx_ll_sdmmc.o
                0x0000000008006b7c                SDMMC_CmdSelDesel
 .text.SDMMC_CmdGoIdleState
                0x0000000008006bc2       0x3c ./Drivers/STM32F4xx_HAL_Driver/Src/stm32f4xx_ll_sdmmc.o
                0x0000000008006bc2                SDMMC_CmdGoIdleState
 .text.SDMMC_CmdOperCond
                0x0000000008006bfe       0x3e ./Drivers/STM32F4xx_HAL_Driver/Src/stm32f4xx_ll_sdmmc.o
                0x0000000008006bfe                SDMMC_CmdOperCond
 .text.SDMMC_CmdAppCommand
                0x0000000008006c3c       0x44 ./Drivers/STM32F4xx_HAL_Driver/Src/stm32f4xx_ll_sdmmc.o
                0x0000000008006c3c                SDMMC_CmdAppCommand
 .text.SDMMC_CmdAppOperCommand
                0x0000000008006c80       0x46 ./Drivers/STM32F4xx_HAL_Driver/Src/stm32f4xx_ll_sdmmc.o
                0x0000000008006c80                SDMMC_CmdAppOperCommand
 .text.SDMMC_CmdBusWidth
                0x0000000008006cc6       0x44 ./Drivers/STM32F4xx_HAL_Driver/Src/stm32f4xx_ll_sdmmc.o
                0x0000000008006cc6                SDMMC_CmdBusWidth
 .text.SDMMC_CmdSendSCR
                0x0000000008006d0a       0x42 ./Drivers/STM32F4xx_HAL_Driver/Src/stm32f4xx_ll_sdmmc.o
                0x0000000008006d0a                SDMMC_CmdSendSCR
 .text.SDMMC_CmdSendCID
                0x0000000008006d4c       0x3c ./Drivers/STM32F4xx_HAL_Driver/Src/stm32f4xx_ll_sdmmc.o
                0x0000000008006d4c                SDMMC_CmdSendCID
 .text.SDMMC_CmdSendCSD
                0x0000000008006d88       0x3e ./Drivers/STM32F4xx_HAL_Driver/Src/stm32f4xx_ll_sdmmc.o
                0x0000000008006d88                SDMMC_CmdSendCSD
 .text.SDMMC_CmdSetRelAdd
                0x0000000008006dc6       0x42 ./Drivers/STM32F4xx_HAL_Driver/Src/stm32f4xx_ll_sdmmc.o
                0x0000000008006dc6                SDMMC_CmdSetRelAdd
 .text.SDMMC_CmdSendStatus
                0x0000000008006e08       0x44 ./Drivers/STM32F4xx_HAL_Driver/Src/stm32f4xx_ll_sdmmc.o
                0x0000000008006e08                SDMMC_CmdSendStatus
 .text.SDMMC_GetCmdResp1
                0x0000000008006e4c      0x1dc ./Drivers/STM32F4xx_HAL_Driver/Src/stm32f4xx_ll_sdmmc.o
                0x0000000008006e4c                SDMMC_GetCmdResp1
 .text.SDMMC_GetCmdResp2
                0x0000000008007028       0x90 ./Drivers/STM32F4xx_HAL_Driver/Src/stm32f4xx_ll_sdmmc.o
                0x0000000008007028                SDMMC_GetCmdResp2
 .text.SDMMC_GetCmdResp3
                0x00000000080070b8       0x7c ./Drivers/STM32F4xx_HAL_Driver/Src/stm32f4xx_ll_sdmmc.o
                0x00000000080070b8                SDMMC_GetCmdResp3
 .text.SDMMC_GetCmdResp6
                0x0000000008007134       0xec ./Drivers/STM32F4xx_HAL_Driver/Src/stm32f4xx_ll_sdmmc.o
                0x0000000008007134                SDMMC_GetCmdResp6
 .text.SDMMC_GetCmdResp7
                0x0000000008007220       0x9c ./Drivers/STM32F4xx_HAL_Driver/Src/stm32f4xx_ll_sdmmc.o
                0x0000000008007220                SDMMC_GetCmdResp7
 .text.SDMMC_GetCmdError
                0x00000000080072bc       0x58 ./Drivers/STM32F4xx_HAL_Driver/Src/stm32f4xx_ll_sdmmc.o
 .text.MX_FATFS_Init
                0x0000000008007314       0x24 ./FATFS/App/fatfs.o
                0x0000000008007314                MX_FATFS_Init
 .text.get_fattime
                0x0000000008007338       0x10 ./FATFS/App/fatfs.o
                0x0000000008007338                get_fattime
 .text.BSP_SD_Init
                0x0000000008007348       0x4c ./FATFS/Target/bsp_driver_sd.o
                0x0000000008007348                BSP_SD_Init
 .text.BSP_SD_ReadBlocks
                0x0000000008007394       0x3c ./FATFS/Target/bsp_driver_sd.o
                0x0000000008007394                BSP_SD_ReadBlocks
 .text.BSP_SD_WriteBlocks
                0x00000000080073d0       0x3c ./FATFS/Target/bsp_driver_sd.o
                0x00000000080073d0                BSP_SD_WriteBlocks
 .text.BSP_SD_GetCardState
                0x000000000800740c       0x20 ./FATFS/Target/bsp_driver_sd.o
                0x000000000800740c                BSP_SD_GetCardState
 .text.BSP_SD_GetCardInfo
                0x000000000800742c       0x1c ./FATFS/Target/bsp_driver_sd.o
                0x000000000800742c                BSP_SD_GetCardInfo
 .text.BSP_SD_IsDetected
                0x0000000008007448       0x24 ./FATFS/Target/bsp_driver_sd.o
                0x0000000008007448                BSP_SD_IsDetected
 .text.BSP_PlatformIsDetected
                0x000000000800746c       0x2c ./FATFS/Target/fatfs_platform.o
                0x000000000800746c                BSP_PlatformIsDetected
 .text.SD_CheckStatus
                0x0000000008007498       0x3c ./FATFS/Target/sd_diskio.o
 .text.SD_initialize
                0x00000000080074d4       0x3c ./FATFS/Target/sd_diskio.o
                0x00000000080074d4                SD_initialize
 .text.SD_status
                0x0000000008007510       0x1c ./FATFS/Target/sd_diskio.o
                0x0000000008007510                SD_status
 .text.SD_read  0x000000000800752c       0x42 ./FATFS/Target/sd_diskio.o
                0x000000000800752c                SD_read
 .text.SD_write
                0x000000000800756e       0x42 ./FATFS/Target/sd_diskio.o
                0x000000000800756e                SD_write
 .text.SD_ioctl
                0x00000000080075b0       0xb0 ./FATFS/Target/sd_diskio.o
                0x00000000080075b0                SD_ioctl
 .text.disk_status
                0x0000000008007660       0x34 ./Middlewares/Third_Party/FatFs/src/diskio.o
                0x0000000008007660                disk_status
 .text.disk_initialize
                0x0000000008007694       0x4c ./Middlewares/Third_Party/FatFs/src/diskio.o
                0x0000000008007694                disk_initialize
 .text.disk_read
                0x00000000080076e0       0x40 ./Middlewares/Third_Party/FatFs/src/diskio.o
                0x00000000080076e0                disk_read
 .text.disk_write
                0x0000000008007720       0x40 ./Middlewares/Third_Party/FatFs/src/diskio.o
                0x0000000008007720                disk_write
 .text.disk_ioctl
                0x0000000008007760       0x3c ./Middlewares/Third_Party/FatFs/src/diskio.o
                0x0000000008007760                disk_ioctl
 .text.ld_word  0x000000000800779c       0x30 ./Middlewares/Third_Party/FatFs/src/ff.o
 .text.ld_dword
                0x00000000080077cc       0x46 ./Middlewares/Third_Party/FatFs/src/ff.o
 .text.st_word  0x0000000008007812       0x36 ./Middlewares/Third_Party/FatFs/src/ff.o
 .text.st_dword
                0x0000000008007848       0x58 ./Middlewares/Third_Party/FatFs/src/ff.o
 .text.mem_cpy  0x00000000080078a0       0x42 ./Middlewares/Third_Party/FatFs/src/ff.o
 .text.mem_set  0x00000000080078e2       0x36 ./Middlewares/Third_Party/FatFs/src/ff.o
 .text.mem_cmp  0x0000000008007918       0x4e ./Middlewares/Third_Party/FatFs/src/ff.o
 .text.chk_chr  0x0000000008007966       0x36 ./Middlewares/Third_Party/FatFs/src/ff.o
 .text.chk_lock
                0x000000000800799c       0xb8 ./Middlewares/Third_Party/FatFs/src/ff.o
 .text.enq_lock
                0x0000000008007a54       0x44 ./Middlewares/Third_Party/FatFs/src/ff.o
 .text.inc_lock
                0x0000000008007a98      0x11c ./Middlewares/Third_Party/FatFs/src/ff.o
 .text.dec_lock
                0x0000000008007bb4       0x78 ./Middlewares/Third_Party/FatFs/src/ff.o
 .text.clear_lock
                0x0000000008007c2c       0x48 ./Middlewares/Third_Party/FatFs/src/ff.o
 .text.sync_window
                0x0000000008007c74       0x88 ./Middlewares/Third_Party/FatFs/src/ff.o
 .text.move_window
                0x0000000008007cfc       0x5a ./Middlewares/Third_Party/FatFs/src/ff.o
 *fill*         0x0000000008007d56        0x2 
 .text.sync_fs  0x0000000008007d58       0xe0 ./Middlewares/Third_Party/FatFs/src/ff.o
 .text.clust2sect
                0x0000000008007e38       0x3e ./Middlewares/Third_Party/FatFs/src/ff.o
 .text.get_fat  0x0000000008007e76      0x1a8 ./Middlewares/Third_Party/FatFs/src/ff.o
 .text.put_fat  0x000000000800801e      0x238 ./Middlewares/Third_Party/FatFs/src/ff.o
 .text.remove_chain
                0x0000000008008256       0xca ./Middlewares/Third_Party/FatFs/src/ff.o
 .text.create_chain
                0x0000000008008320      0x130 ./Middlewares/Third_Party/FatFs/src/ff.o
 .text.clmt_clust
                0x0000000008008450       0x70 ./Middlewares/Third_Party/FatFs/src/ff.o
 .text.dir_sdi  0x00000000080084c0      0x112 ./Middlewares/Third_Party/FatFs/src/ff.o
 .text.dir_next
                0x00000000080085d2      0x1ac ./Middlewares/Third_Party/FatFs/src/ff.o
 .text.dir_alloc
                0x000000000800877e       0x8e ./Middlewares/Third_Party/FatFs/src/ff.o
 .text.ld_clust
                0x000000000800880c       0x3e ./Middlewares/Third_Party/FatFs/src/ff.o
 .text.st_clust
                0x000000000800884a       0x40 ./Middlewares/Third_Party/FatFs/src/ff.o
 *fill*         0x000000000800888a        0x2 
 .text.cmp_lfn  0x000000000800888c       0xe0 ./Middlewares/Third_Party/FatFs/src/ff.o
 .text.put_lfn  0x000000000800896c       0xd0 ./Middlewares/Third_Party/FatFs/src/ff.o
 .text.gen_numname
                0x0000000008008a3c      0x11c ./Middlewares/Third_Party/FatFs/src/ff.o
 .text.sum_sfn  0x0000000008008b58       0x42 ./Middlewares/Third_Party/FatFs/src/ff.o
 .text.dir_find
                0x0000000008008b9a      0x180 ./Middlewares/Third_Party/FatFs/src/ff.o
 *fill*         0x0000000008008d1a        0x2 
 .text.dir_register
                0x0000000008008d1c      0x1f0 ./Middlewares/Third_Party/FatFs/src/ff.o
 .text.create_name
                0x0000000008008f0c      0x370 ./Middlewares/Third_Party/FatFs/src/ff.o
 .text.follow_path
                0x000000000800927c       0xec ./Middlewares/Third_Party/FatFs/src/ff.o
 .text.get_ldnumber
                0x0000000008009368       0x88 ./Middlewares/Third_Party/FatFs/src/ff.o
 .text.check_fs
                0x00000000080093f0       0xac ./Middlewares/Third_Party/FatFs/src/ff.o
 .text.find_volume
                0x000000000800949c      0x50c ./Middlewares/Third_Party/FatFs/src/ff.o
 .text.validate
                0x00000000080099a8       0x6a ./Middlewares/Third_Party/FatFs/src/ff.o
 *fill*         0x0000000008009a12        0x2 
 .text.f_mount  0x0000000008009a14       0x8c ./Middlewares/Third_Party/FatFs/src/ff.o
                0x0000000008009a14                f_mount
 .text.f_open   0x0000000008009aa0      0x398 ./Middlewares/Third_Party/FatFs/src/ff.o
                0x0000000008009aa0                f_open
 .text.f_write  0x0000000008009e38      0x328 ./Middlewares/Third_Party/FatFs/src/ff.o
                0x0000000008009e38                f_write
 .text.f_sync   0x000000000800a160       0xfc ./Middlewares/Third_Party/FatFs/src/ff.o
                0x000000000800a160                f_sync
 .text.f_close  0x000000000800a25c       0x54 ./Middlewares/Third_Party/FatFs/src/ff.o
                0x000000000800a25c                f_close
 .text.FATFS_LinkDriverEx
                0x000000000800a2b0       0x98 ./Middlewares/Third_Party/FatFs/src/ff_gen_drv.o
                0x000000000800a2b0                FATFS_LinkDriverEx
 .text.FATFS_LinkDriver
                0x000000000800a348       0x1e ./Middlewares/Third_Party/FatFs/src/ff_gen_drv.o
                0x000000000800a348                FATFS_LinkDriver
 *fill*         0x000000000800a366        0x2 
 .text.FATFS_UnLinkDriverEx
                0x000000000800a368       0x70 ./Middlewares/Third_Party/FatFs/src/ff_gen_drv.o
                0x000000000800a368                FATFS_UnLinkDriverEx
 .text.FATFS_UnLinkDriver
                0x000000000800a3d8       0x1a ./Middlewares/Third_Party/FatFs/src/ff_gen_drv.o
                0x000000000800a3d8                FATFS_UnLinkDriver
 *fill*         0x000000000800a3f2        0x2 
 .text.ff_convert
                0x000000000800a3f4       0x78 ./Middlewares/Third_Party/FatFs/src/option/ccsbcs.o
                0x000000000800a3f4                ff_convert
 .text.ff_wtoupper
                0x000000000800a46c      0x114 ./Middlewares/Third_Party/FatFs/src/option/ccsbcs.o
                0x000000000800a46c                ff_wtoupper
 .text.DelayMs  0x000000000800a580       0x16 ./Radio_Drivers/hw/board_gpio.o
                0x000000000800a580                DelayMs
 .text.GpioWrite
                0x000000000800a596       0x24 ./Radio_Drivers/hw/board_gpio.o
                0x000000000800a596                GpioWrite
 .text.GpioRead
                0x000000000800a5ba       0x20 ./Radio_Drivers/hw/board_gpio.o
                0x000000000800a5ba                GpioRead
 *fill*         0x000000000800a5da        0x2 
 .text.Sx126x_SpiInOut
                0x000000000800a5dc       0x8c ./Radio_Drivers/hw/board_spi.o
                0x000000000800a5dc                Sx126x_SpiInOut
 .text.SX126xIoTcxoInit
                0x000000000800a668        0xe ./Radio_Drivers/radio-board/sx126x-board.o
                0x000000000800a668                SX126xIoTcxoInit
 .text.SX126xGetBoardTcxoWakeupTime
                0x000000000800a676       0x10 ./Radio_Drivers/radio-board/sx126x-board.o
                0x000000000800a676                SX126xGetBoardTcxoWakeupTime
 .text.SX126xIoRfSwitchInit
                0x000000000800a686        0xe ./Radio_Drivers/radio-board/sx126x-board.o
                0x000000000800a686                SX126xIoRfSwitchInit
 .text.SX126xGetOperatingMode
                0x000000000800a694       0x18 ./Radio_Drivers/radio-board/sx126x-board.o
                0x000000000800a694                SX126xGetOperatingMode
 .text.SX126xSetOperatingMode
                0x000000000800a6ac       0x20 ./Radio_Drivers/radio-board/sx126x-board.o
                0x000000000800a6ac                SX126xSetOperatingMode
 .text.SX126xReset
                0x000000000800a6cc       0x2c ./Radio_Drivers/radio-board/sx126x-board.o
                0x000000000800a6cc                SX126xReset
 .text.SX126xWaitOnBusy
                0x000000000800a6f8       0x20 ./Radio_Drivers/radio-board/sx126x-board.o
                0x000000000800a6f8                SX126xWaitOnBusy
 .text.SX126xWakeup
                0x000000000800a718       0x38 ./Radio_Drivers/radio-board/sx126x-board.o
                0x000000000800a718                SX126xWakeup
 .text.SX126xWriteCommand
                0x000000000800a750       0x60 ./Radio_Drivers/radio-board/sx126x-board.o
                0x000000000800a750                SX126xWriteCommand
 .text.SX126xReadCommand
                0x000000000800a7b0       0x70 ./Radio_Drivers/radio-board/sx126x-board.o
                0x000000000800a7b0                SX126xReadCommand
 .text.SX126xWriteRegisters
                0x000000000800a820       0x78 ./Radio_Drivers/radio-board/sx126x-board.o
                0x000000000800a820                SX126xWriteRegisters
 .text.SX126xWriteRegister
                0x000000000800a898       0x24 ./Radio_Drivers/radio-board/sx126x-board.o
                0x000000000800a898                SX126xWriteRegister
 .text.SX126xReadRegisters
                0x000000000800a8bc       0x7c ./Radio_Drivers/radio-board/sx126x-board.o
                0x000000000800a8bc                SX126xReadRegisters
 .text.SX126xReadRegister
                0x000000000800a938       0x22 ./Radio_Drivers/radio-board/sx126x-board.o
                0x000000000800a938                SX126xReadRegister
 *fill*         0x000000000800a95a        0x2 
 .text.SX126xWriteBuffer
                0x000000000800a95c       0x68 ./Radio_Drivers/radio-board/sx126x-board.o
                0x000000000800a95c                SX126xWriteBuffer
 .text.SX126xReadBuffer
                0x000000000800a9c4       0x70 ./Radio_Drivers/radio-board/sx126x-board.o
                0x000000000800a9c4                SX126xReadBuffer
 .text.SX126xSetRfTxPower
                0x000000000800aa34       0x1e ./Radio_Drivers/radio-board/sx126x-board.o
                0x000000000800aa34                SX126xSetRfTxPower
 *fill*         0x000000000800aa52        0x2 
 .text.SX126xGetDeviceId
                0x000000000800aa54       0x20 ./Radio_Drivers/radio-board/sx126x-board.o
                0x000000000800aa54                SX126xGetDeviceId
 .text.SX126xAntSwOn
                0x000000000800aa74       0x18 ./Radio_Drivers/radio-board/sx126x-board.o
                0x000000000800aa74                SX126xAntSwOn
 .text.SX126xAntSwOff
                0x000000000800aa8c       0x18 ./Radio_Drivers/radio-board/sx126x-board.o
                0x000000000800aa8c                SX126xAntSwOff
 .text.RadioGetFskBandwidthRegValue
                0x000000000800aaa4       0x64 ./Radio_Drivers/sx126x/radio.o
 .text.RadioInit
                0x000000000800ab08       0x64 ./Radio_Drivers/sx126x/radio.o
                0x000000000800ab08                RadioInit
 .text.RadioGetStatus
                0x000000000800ab6c       0x2e ./Radio_Drivers/sx126x/radio.o
                0x000000000800ab6c                RadioGetStatus
 *fill*         0x000000000800ab9a        0x2 
 .text.RadioSetModem
                0x000000000800ab9c       0x50 ./Radio_Drivers/sx126x/radio.o
                0x000000000800ab9c                RadioSetModem
 .text.RadioSetChannel
                0x000000000800abec       0x16 ./Radio_Drivers/sx126x/radio.o
                0x000000000800abec                RadioSetChannel
 .text.RadioIsChannelFree
                0x000000000800ac02       0x70 ./Radio_Drivers/sx126x/radio.o
                0x000000000800ac02                RadioIsChannelFree
 .text.RadioRandom
                0x000000000800ac72       0x2c ./Radio_Drivers/sx126x/radio.o
                0x000000000800ac72                RadioRandom
 *fill*         0x000000000800ac9e        0x2 
 .text.RadioSetRxConfig
                0x000000000800aca0      0x280 ./Radio_Drivers/sx126x/radio.o
                0x000000000800aca0                RadioSetRxConfig
 .text.RadioSetTxConfig
                0x000000000800af20      0x234 ./Radio_Drivers/sx126x/radio.o
                0x000000000800af20                RadioSetTxConfig
 .text.RadioCheckRfFrequency
                0x000000000800b154       0x16 ./Radio_Drivers/sx126x/radio.o
                0x000000000800b154                RadioCheckRfFrequency
 *fill*         0x000000000800b16a        0x2 
 .text.RadioGetLoRaBandwidthInHz
                0x000000000800b16c       0xac ./Radio_Drivers/sx126x/radio.o
 .text.RadioGetGfskTimeOnAirNumerator
                0x000000000800b218       0x6e ./Radio_Drivers/sx126x/radio.o
 .text.RadioGetLoRaTimeOnAirNumerator
                0x000000000800b286      0x104 ./Radio_Drivers/sx126x/radio.o
 *fill*         0x000000000800b38a        0x2 
 .text.RadioTimeOnAir
                0x000000000800b38c       0xb0 ./Radio_Drivers/sx126x/radio.o
                0x000000000800b38c                RadioTimeOnAir
 .text.RadioSend
                0x000000000800b43c       0x54 ./Radio_Drivers/sx126x/radio.o
                0x000000000800b43c                RadioSend
 .text.RadioSleep
                0x000000000800b490       0x26 ./Radio_Drivers/sx126x/radio.o
                0x000000000800b490                RadioSleep
 .text.RadioStandby
                0x000000000800b4b6        0xe ./Radio_Drivers/sx126x/radio.o
                0x000000000800b4b6                RadioStandby
 .text.RadioRx  0x000000000800b4c4       0x48 ./Radio_Drivers/sx126x/radio.o
                0x000000000800b4c4                RadioRx
 .text.RadioRxBoosted
                0x000000000800b50c       0x48 ./Radio_Drivers/sx126x/radio.o
                0x000000000800b50c                RadioRxBoosted
 .text.RadioSetRxDutyCycle
                0x000000000800b554       0x1a ./Radio_Drivers/sx126x/radio.o
                0x000000000800b554                RadioSetRxDutyCycle
 .text.RadioAddRegisterToRetentionList
                0x000000000800b56e       0xa8 ./Radio_Drivers/sx126x/radio.o
                0x000000000800b56e                RadioAddRegisterToRetentionList
 .text.RadioStartCad
                0x000000000800b616       0x1c ./Radio_Drivers/sx126x/radio.o
                0x000000000800b616                RadioStartCad
 .text.RadioSetTxContinuousWave
                0x000000000800b632       0x2c ./Radio_Drivers/sx126x/radio.o
                0x000000000800b632                RadioSetTxContinuousWave
 .text.RadioRssi
                0x000000000800b65e       0x1a ./Radio_Drivers/sx126x/radio.o
                0x000000000800b65e                RadioRssi
 .text.RadioWrite
                0x000000000800b678       0x22 ./Radio_Drivers/sx126x/radio.o
                0x000000000800b678                RadioWrite
 .text.RadioRead
                0x000000000800b69a       0x1c ./Radio_Drivers/sx126x/radio.o
                0x000000000800b69a                RadioRead
 .text.RadioWriteBuffer
                0x000000000800b6b6       0x26 ./Radio_Drivers/sx126x/radio.o
                0x000000000800b6b6                RadioWriteBuffer
 .text.RadioReadBuffer
                0x000000000800b6dc       0x26 ./Radio_Drivers/sx126x/radio.o
                0x000000000800b6dc                RadioReadBuffer
 *fill*         0x000000000800b702        0x2 
 .text.RadioSetMaxPayloadLength
                0x000000000800b704       0x58 ./Radio_Drivers/sx126x/radio.o
                0x000000000800b704                RadioSetMaxPayloadLength
 .text.RadioSetPublicNetwork
                0x000000000800b75c       0x5c ./Radio_Drivers/sx126x/radio.o
                0x000000000800b75c                RadioSetPublicNetwork
 .text.RadioGetWakeupTime
                0x000000000800b7b8       0x10 ./Radio_Drivers/sx126x/radio.o
                0x000000000800b7b8                RadioGetWakeupTime
 .text.RadioOnDioIrq
                0x000000000800b7c8       0x18 ./Radio_Drivers/sx126x/radio.o
                0x000000000800b7c8                RadioOnDioIrq
 .text.RadioIrqProcess
                0x000000000800b7e0      0x1fc ./Radio_Drivers/sx126x/radio.o
                0x000000000800b7e0                RadioIrqProcess
 .text.SX126xInit
                0x000000000800b9dc       0x30 ./Radio_Drivers/sx126x/sx126x.o
                0x000000000800b9dc                SX126xInit
 .text.SX126xSetPayload
                0x000000000800ba0c       0x20 ./Radio_Drivers/sx126x/sx126x.o
                0x000000000800ba0c                SX126xSetPayload
 .text.SX126xGetPayload
                0x000000000800ba2c       0x44 ./Radio_Drivers/sx126x/sx126x.o
                0x000000000800ba2c                SX126xGetPayload
 .text.SX126xSendPayload
                0x000000000800ba70       0x26 ./Radio_Drivers/sx126x/sx126x.o
                0x000000000800ba70                SX126xSendPayload
 .text.SX126xSetSyncWord
                0x000000000800ba96       0x1e ./Radio_Drivers/sx126x/sx126x.o
                0x000000000800ba96                SX126xSetSyncWord
 .text.SX126xSetCrcSeed
                0x000000000800bab4       0x40 ./Radio_Drivers/sx126x/sx126x.o
                0x000000000800bab4                SX126xSetCrcSeed
 .text.SX126xSetCrcPolynomial
                0x000000000800baf4       0x40 ./Radio_Drivers/sx126x/sx126x.o
                0x000000000800baf4                SX126xSetCrcPolynomial
 .text.SX126xSetWhiteningSeed
                0x000000000800bb34       0x66 ./Radio_Drivers/sx126x/sx126x.o
                0x000000000800bb34                SX126xSetWhiteningSeed
 .text.SX126xGetRandom
                0x000000000800bb9a       0x8c ./Radio_Drivers/sx126x/sx126x.o
                0x000000000800bb9a                SX126xGetRandom
 *fill*         0x000000000800bc26        0x2 
 .text.SX126xSetSleep
                0x000000000800bc28       0x6c ./Radio_Drivers/sx126x/sx126x.o
                0x000000000800bc28                SX126xSetSleep
 .text.SX126xSetStandby
                0x000000000800bc94       0x32 ./Radio_Drivers/sx126x/sx126x.o
                0x000000000800bc94                SX126xSetStandby
 .text.SX126xSetTx
                0x000000000800bcc6       0x3a ./Radio_Drivers/sx126x/sx126x.o
                0x000000000800bcc6                SX126xSetTx
 .text.SX126xSetRx
                0x000000000800bd00       0x44 ./Radio_Drivers/sx126x/sx126x.o
                0x000000000800bd00                SX126xSetRx
 .text.SX126xSetRxBoosted
                0x000000000800bd44       0x44 ./Radio_Drivers/sx126x/sx126x.o
                0x000000000800bd44                SX126xSetRxBoosted
 .text.SX126xSetRxDutyCycle
                0x000000000800bd88       0x52 ./Radio_Drivers/sx126x/sx126x.o
                0x000000000800bd88                SX126xSetRxDutyCycle
 .text.SX126xSetCad
                0x000000000800bdda       0x18 ./Radio_Drivers/sx126x/sx126x.o
                0x000000000800bdda                SX126xSetCad
 .text.SX126xSetTxContinuousWave
                0x000000000800bdf2       0x18 ./Radio_Drivers/sx126x/sx126x.o
                0x000000000800bdf2                SX126xSetTxContinuousWave
 .text.SX126xSetStopRxTimerOnPreambleDetect
                0x000000000800be0a       0x1e ./Radio_Drivers/sx126x/sx126x.o
                0x000000000800be0a                SX126xSetStopRxTimerOnPreambleDetect
 .text.SX126xSetLoRaSymbNumTimeout
                0x000000000800be28       0x7e ./Radio_Drivers/sx126x/sx126x.o
                0x000000000800be28                SX126xSetLoRaSymbNumTimeout
 .text.SX126xSetRegulatorMode
                0x000000000800bea6       0x1e ./Radio_Drivers/sx126x/sx126x.o
                0x000000000800bea6                SX126xSetRegulatorMode
 .text.SX126xCalibrateImage
                0x000000000800bec4       0x8c ./Radio_Drivers/sx126x/sx126x.o
                0x000000000800bec4                SX126xCalibrateImage
 .text.SX126xSetPaConfig
                0x000000000800bf50       0x44 ./Radio_Drivers/sx126x/sx126x.o
                0x000000000800bf50                SX126xSetPaConfig
 .text.SX126xSetDioIrqParams
                0x000000000800bf94       0x74 ./Radio_Drivers/sx126x/sx126x.o
                0x000000000800bf94                SX126xSetDioIrqParams
 .text.SX126xGetIrqStatus
                0x000000000800c008       0x2a ./Radio_Drivers/sx126x/sx126x.o
                0x000000000800c008                SX126xGetIrqStatus
 .text.SX126xSetDio2AsRfSwitchCtrl
                0x000000000800c032       0x1e ./Radio_Drivers/sx126x/sx126x.o
                0x000000000800c032                SX126xSetDio2AsRfSwitchCtrl
 .text.SX126xSetRfFrequency
                0x000000000800c050       0x64 ./Radio_Drivers/sx126x/sx126x.o
                0x000000000800c050                SX126xSetRfFrequency
 .text.SX126xSetPacketType
                0x000000000800c0b4       0x28 ./Radio_Drivers/sx126x/sx126x.o
                0x000000000800c0b4                SX126xSetPacketType
 .text.SX126xGetPacketType
                0x000000000800c0dc       0x18 ./Radio_Drivers/sx126x/sx126x.o
                0x000000000800c0dc                SX126xGetPacketType
 .text.SX126xSetTxParams
                0x000000000800c0f4       0xba ./Radio_Drivers/sx126x/sx126x.o
                0x000000000800c0f4                SX126xSetTxParams
 *fill*         0x000000000800c1ae        0x2 
 .text.SX126xSetModulationParams
                0x000000000800c1b0       0xe4 ./Radio_Drivers/sx126x/sx126x.o
                0x000000000800c1b0                SX126xSetModulationParams
 .text.SX126xSetPacketParams
                0x000000000800c294      0x11c ./Radio_Drivers/sx126x/sx126x.o
                0x000000000800c294                SX126xSetPacketParams
 .text.SX126xSetBufferBaseAddress
                0x000000000800c3b0       0x2e ./Radio_Drivers/sx126x/sx126x.o
                0x000000000800c3b0                SX126xSetBufferBaseAddress
 .text.SX126xGetRssiInst
                0x000000000800c3de       0x2a ./Radio_Drivers/sx126x/sx126x.o
                0x000000000800c3de                SX126xGetRssiInst
 .text.SX126xGetRxBufferStatus
                0x000000000800c408       0x58 ./Radio_Drivers/sx126x/sx126x.o
                0x000000000800c408                SX126xGetRxBufferStatus
 .text.SX126xGetPacketStatus
                0x000000000800c460       0xa4 ./Radio_Drivers/sx126x/sx126x.o
                0x000000000800c460                SX126xGetPacketStatus
 .text.SX126xClearIrqStatus
                0x000000000800c504       0x30 ./Radio_Drivers/sx126x/sx126x.o
                0x000000000800c504                SX126xClearIrqStatus
 .text.SX126xConvertFreqInHzToPllStep
                0x000000000800c534       0x4c ./Radio_Drivers/sx126x/sx126x.o
 .text.Sensor_MX_Process
                0x000000000800c580      0x270 ./Sensor_Drivers/Sensor_Drivers.o
                0x000000000800c580                Sensor_MX_Process
 .text.Sensor_TX_Process
                0x000000000800c7f0       0xb0 ./Sensor_Drivers/Sensor_Drivers.o
                0x000000000800c7f0                Sensor_TX_Process
 .text.Sensor_Collect_Data
                0x000000000800c8a0      0x224 ./Sensor_Drivers/Sensor_Drivers.o
                0x000000000800c8a0                Sensor_Collect_Data
 .text.DDS_Choose_Source
                0x000000000800cac4       0x60 ./Sensor_Drivers/Sensor_Drivers.o
                0x000000000800cac4                DDS_Choose_Source
 .text.Shutoff_Data_Collection
                0x000000000800cb24       0x40 ./Sensor_Drivers/Sensor_Drivers.o
                0x000000000800cb24                Shutoff_Data_Collection
 .text.SDCard_Mount
                0x000000000800cb64       0x5c ./Sensor_Drivers/Sensor_Drivers.o
                0x000000000800cb64                SDCard_Mount
 .text.Sensor_ADC_Data_Average
                0x000000000800cbc0       0x90 ./Sensor_Drivers/Sensor_Drivers.o
                0x000000000800cbc0                Sensor_ADC_Data_Average
 .text.Sensor_ADC_Process
                0x000000000800cc50       0x3c ./Sensor_Drivers/Sensor_Drivers.o
                0x000000000800cc50                Sensor_ADC_Process
 .text.HAL_ADC_ConvCpltCallback
                0x000000000800cc8c       0x20 ./Sensor_Drivers/Sensor_Drivers.o
                0x000000000800cc8c                HAL_ADC_ConvCpltCallback
 .text.Radio_Init
                0x000000000800ccac       0xdc ./Sensor_Drivers/Sensor_Drivers.o
                0x000000000800ccac                Radio_Init
 .text.Radio_TX
                0x000000000800cd88      0x170 ./Sensor_Drivers/Sensor_Drivers.o
                0x000000000800cd88                Radio_TX
 .text.calculate_parity
                0x000000000800cef8       0x3e ./Sensor_Drivers/Sensor_Drivers.o
                0x000000000800cef8                calculate_parity
 .text.combine_parities
                0x000000000800cf36       0x4e ./Sensor_Drivers/Sensor_Drivers.o
                0x000000000800cf36                combine_parities
 .text.OnTxDone
                0x000000000800cf84       0x18 ./Sensor_Drivers/Sensor_Drivers.o
                0x000000000800cf84                OnTxDone
 .text.OnRxDone
                0x000000000800cf9c      0x220 ./Sensor_Drivers/Sensor_Drivers.o
                0x000000000800cf9c                OnRxDone
 .text.OnTxTimeout
                0x000000000800d1bc       0x18 ./Sensor_Drivers/Sensor_Drivers.o
                0x000000000800d1bc                OnTxTimeout
 .text.OnRxTimeout
                0x000000000800d1d4       0x18 ./Sensor_Drivers/Sensor_Drivers.o
                0x000000000800d1d4                OnRxTimeout
 .text.OnRxError
                0x000000000800d1ec       0x18 ./Sensor_Drivers/Sensor_Drivers.o
                0x000000000800d1ec                OnRxError
 .text.HAL_GPIO_EXTI_Callback
                0x000000000800d204       0x16 ./Sensor_Drivers/Sensor_Drivers.o
                0x000000000800d204                HAL_GPIO_EXTI_Callback
 *fill*         0x000000000800d21a        0x2 
 .text.Get_FreIDs
                0x000000000800d21c      0x134 ./Sensor_Drivers/Sensor_Drivers.o
                0x000000000800d21c                Get_FreIDs
 .text.Current_Time_TX_Format
                0x000000000800d350       0x50 ./Sensor_Drivers/Sensor_Drivers.o
                0x000000000800d350                Current_Time_TX_Format
 .text.Save_UG_RX_data
                0x000000000800d3a0      0x2d0 ./Sensor_Drivers/Sensor_Drivers.o
                0x000000000800d3a0                Save_UG_RX_data
 .text.MCU_Exit_Deep_Sleep
                0x000000000800d670       0x34 ./Sensor_Drivers/Sensor_Drivers.o
                0x000000000800d670                MCU_Exit_Deep_Sleep
 .text.RTC_Time_Setup
                0x000000000800d6a4       0x80 ./Sensor_Drivers/Sensor_Drivers.o
                0x000000000800d6a4                RTC_Time_Setup
 .text.Alarms_Setup
                0x000000000800d724       0x90 ./Sensor_Drivers/Sensor_Drivers.o
                0x000000000800d724                Alarms_Setup
 .text.Set_RTC_Time
                0x000000000800d7b4       0xf8 ./Sensor_Drivers/Sensor_Drivers.o
                0x000000000800d7b4                Set_RTC_Time
 .text.Get_Current_Time
                0x000000000800d8ac       0x28 ./Sensor_Drivers/Sensor_Drivers.o
                0x000000000800d8ac                Get_Current_Time
 .text.Time_Track
                0x000000000800d8d4       0xf8 ./Sensor_Drivers/Sensor_Drivers.o
                0x000000000800d8d4                Time_Track
 .text.HAL_RTC_AlarmAEventCallback
                0x000000000800d9cc       0x60 ./Sensor_Drivers/Sensor_Drivers.o
                0x000000000800d9cc                HAL_RTC_AlarmAEventCallback
 .text.HAL_RTCEx_AlarmBEventCallback
                0x000000000800da2c       0x60 ./Sensor_Drivers/Sensor_Drivers.o
                0x000000000800da2c                HAL_RTCEx_AlarmBEventCallback
 .text.MCU_Enter_Shallow_Sleep
                0x000000000800da8c       0x3c ./Sensor_Drivers/Sensor_Drivers.o
                0x000000000800da8c                MCU_Enter_Shallow_Sleep
 .text.MCU_Exit_Shallow_Sleep
                0x000000000800dac8       0x14 ./Sensor_Drivers/Sensor_Drivers.o
                0x000000000800dac8                MCU_Exit_Shallow_Sleep
 .text.MCU_Enter_Deep_Sleep
                0x000000000800dadc       0x6c ./Sensor_Drivers/Sensor_Drivers.o
                0x000000000800dadc                MCU_Enter_Deep_Sleep
 .text.__errno  0x000000000800db48        0xc d:/st software/cubeide/stm32cubeide_1.12.1/stm32cubeide/plugins/com.st.stm32cube.ide.mcu.externaltools.gnu-tools-for-stm32.10.3-2021.10.win32_1.0.200.202301161003/tools/bin/../lib/gcc/arm-none-eabi/10.3.1/../../../../arm-none-eabi/lib/thumb/v7e-m+fp/hard\libc_nano.a(lib_a-errno.o)
                0x000000000800db48                __errno
 .text.__libc_init_array
                0x000000000800db54       0x48 d:/st software/cubeide/stm32cubeide_1.12.1/stm32cubeide/plugins/com.st.stm32cube.ide.mcu.externaltools.gnu-tools-for-stm32.10.3-2021.10.win32_1.0.200.202301161003/tools/bin/../lib/gcc/arm-none-eabi/10.3.1/../../../../arm-none-eabi/lib/thumb/v7e-m+fp/hard\libc_nano.a(lib_a-init.o)
                0x000000000800db54                __libc_init_array
 .text.memcpy   0x000000000800db9c       0x1c d:/st software/cubeide/stm32cubeide_1.12.1/stm32cubeide/plugins/com.st.stm32cube.ide.mcu.externaltools.gnu-tools-for-stm32.10.3-2021.10.win32_1.0.200.202301161003/tools/bin/../lib/gcc/arm-none-eabi/10.3.1/../../../../arm-none-eabi/lib/thumb/v7e-m+fp/hard\libc_nano.a(lib_a-memcpy-stub.o)
                0x000000000800db9c                memcpy
 .text.memset   0x000000000800dbb8       0x10 d:/st software/cubeide/stm32cubeide_1.12.1/stm32cubeide/plugins/com.st.stm32cube.ide.mcu.externaltools.gnu-tools-for-stm32.10.3-2021.10.win32_1.0.200.202301161003/tools/bin/../lib/gcc/arm-none-eabi/10.3.1/../../../../arm-none-eabi/lib/thumb/v7e-m+fp/hard\libc_nano.a(lib_a-memset.o)
                0x000000000800dbb8                memset
 .text.__cvt    0x000000000800dbc8       0xc4 d:/st software/cubeide/stm32cubeide_1.12.1/stm32cubeide/plugins/com.st.stm32cube.ide.mcu.externaltools.gnu-tools-for-stm32.10.3-2021.10.win32_1.0.200.202301161003/tools/bin/../lib/gcc/arm-none-eabi/10.3.1/../../../../arm-none-eabi/lib/thumb/v7e-m+fp/hard\libc_nano.a(lib_a-nano-vfprintf_float.o)
                0x000000000800dbc8                __cvt
 .text.__exponent
                0x000000000800dc8c       0x7c d:/st software/cubeide/stm32cubeide_1.12.1/stm32cubeide/plugins/com.st.stm32cube.ide.mcu.externaltools.gnu-tools-for-stm32.10.3-2021.10.win32_1.0.200.202301161003/tools/bin/../lib/gcc/arm-none-eabi/10.3.1/../../../../arm-none-eabi/lib/thumb/v7e-m+fp/hard\libc_nano.a(lib_a-nano-vfprintf_float.o)
                0x000000000800dc8c                __exponent
 .text._printf_float
                0x000000000800dd08      0x46c d:/st software/cubeide/stm32cubeide_1.12.1/stm32cubeide/plugins/com.st.stm32cube.ide.mcu.externaltools.gnu-tools-for-stm32.10.3-2021.10.win32_1.0.200.202301161003/tools/bin/../lib/gcc/arm-none-eabi/10.3.1/../../../../arm-none-eabi/lib/thumb/v7e-m+fp/hard\libc_nano.a(lib_a-nano-vfprintf_float.o)
                0x000000000800dd08                _printf_float
 .text._printf_common
                0x000000000800e174       0xda d:/st software/cubeide/stm32cubeide_1.12.1/stm32cubeide/plugins/com.st.stm32cube.ide.mcu.externaltools.gnu-tools-for-stm32.10.3-2021.10.win32_1.0.200.202301161003/tools/bin/../lib/gcc/arm-none-eabi/10.3.1/../../../../arm-none-eabi/lib/thumb/v7e-m+fp/hard\libc_nano.a(lib_a-nano-vfprintf_i.o)
                0x000000000800e174                _printf_common
 *fill*         0x000000000800e24e        0x2 
 .text._printf_i
                0x000000000800e250      0x24c d:/st software/cubeide/stm32cubeide_1.12.1/stm32cubeide/plugins/com.st.stm32cube.ide.mcu.externaltools.gnu-tools-for-stm32.10.3-2021.10.win32_1.0.200.202301161003/tools/bin/../lib/gcc/arm-none-eabi/10.3.1/../../../../arm-none-eabi/lib/thumb/v7e-m+fp/hard\libc_nano.a(lib_a-nano-vfprintf_i.o)
                0x000000000800e250                _printf_i
 .text._scanf_float
                0x000000000800e49c      0x420 d:/st software/cubeide/stm32cubeide_1.12.1/stm32cubeide/plugins/com.st.stm32cube.ide.mcu.externaltools.gnu-tools-for-stm32.10.3-2021.10.win32_1.0.200.202301161003/tools/bin/../lib/gcc/arm-none-eabi/10.3.1/../../../../arm-none-eabi/lib/thumb/v7e-m+fp/hard\libc_nano.a(lib_a-nano-vfscanf_float.o)
                0x000000000800e49c                _scanf_float
 .text.nanf     0x000000000800e8bc        0xc d:/st software/cubeide/stm32cubeide_1.12.1/stm32cubeide/plugins/com.st.stm32cube.ide.mcu.externaltools.gnu-tools-for-stm32.10.3-2021.10.win32_1.0.200.202301161003/tools/bin/../lib/gcc/arm-none-eabi/10.3.1/../../../../arm-none-eabi/lib/thumb/v7e-m+fp/hard\libc_nano.a(lib_a-sf_nan.o)
                0x000000000800e8bc                nanf
 .text.sprintf  0x000000000800e8c8       0x40 d:/st software/cubeide/stm32cubeide_1.12.1/stm32cubeide/plugins/com.st.stm32cube.ide.mcu.externaltools.gnu-tools-for-stm32.10.3-2021.10.win32_1.0.200.202301161003/tools/bin/../lib/gcc/arm-none-eabi/10.3.1/../../../../arm-none-eabi/lib/thumb/v7e-m+fp/hard\libc_nano.a(lib_a-sprintf.o)
                0x000000000800e8c8                siprintf
                0x000000000800e8c8                sprintf
 .text.sulp     0x000000000800e908       0x38 d:/st software/cubeide/stm32cubeide_1.12.1/stm32cubeide/plugins/com.st.stm32cube.ide.mcu.externaltools.gnu-tools-for-stm32.10.3-2021.10.win32_1.0.200.202301161003/tools/bin/../lib/gcc/arm-none-eabi/10.3.1/../../../../arm-none-eabi/lib/thumb/v7e-m+fp/hard\libc_nano.a(lib_a-strtod.o)
 .text._strtod_l
                0x000000000800e940      0xc0c d:/st software/cubeide/stm32cubeide_1.12.1/stm32cubeide/plugins/com.st.stm32cube.ide.mcu.externaltools.gnu-tools-for-stm32.10.3-2021.10.win32_1.0.200.202301161003/tools/bin/../lib/gcc/arm-none-eabi/10.3.1/../../../../arm-none-eabi/lib/thumb/v7e-m+fp/hard\libc_nano.a(lib_a-strtod.o)
                0x000000000800e940                _strtod_l
 .text._strtod_r
                0x000000000800f54c        0xc d:/st software/cubeide/stm32cubeide_1.12.1/stm32cubeide/plugins/com.st.stm32cube.ide.mcu.externaltools.gnu-tools-for-stm32.10.3-2021.10.win32_1.0.200.202301161003/tools/bin/../lib/gcc/arm-none-eabi/10.3.1/../../../../arm-none-eabi/lib/thumb/v7e-m+fp/hard\libc_nano.a(lib_a-strtod.o)
                0x000000000800f54c                _strtod_r
 .text._strtol_l.constprop.0
                0x000000000800f558      0x104 d:/st software/cubeide/stm32cubeide_1.12.1/stm32cubeide/plugins/com.st.stm32cube.ide.mcu.externaltools.gnu-tools-for-stm32.10.3-2021.10.win32_1.0.200.202301161003/tools/bin/../lib/gcc/arm-none-eabi/10.3.1/../../../../arm-none-eabi/lib/thumb/v7e-m+fp/hard\libc_nano.a(lib_a-strtol.o)
 .text._strtol_r
                0x000000000800f65c        0x4 d:/st software/cubeide/stm32cubeide_1.12.1/stm32cubeide/plugins/com.st.stm32cube.ide.mcu.externaltools.gnu-tools-for-stm32.10.3-2021.10.win32_1.0.200.202301161003/tools/bin/../lib/gcc/arm-none-eabi/10.3.1/../../../../arm-none-eabi/lib/thumb/v7e-m+fp/hard\libc_nano.a(lib_a-strtol.o)
                0x000000000800f65c                _strtol_r
 .text.quorem   0x000000000800f660      0x116 d:/st software/cubeide/stm32cubeide_1.12.1/stm32cubeide/plugins/com.st.stm32cube.ide.mcu.externaltools.gnu-tools-for-stm32.10.3-2021.10.win32_1.0.200.202301161003/tools/bin/../lib/gcc/arm-none-eabi/10.3.1/../../../../arm-none-eabi/lib/thumb/v7e-m+fp/hard\libc_nano.a(lib_a-dtoa.o)
 *fill*         0x000000000800f776        0x2 
 .text._dtoa_r  0x000000000800f778      0xbdc d:/st software/cubeide/stm32cubeide_1.12.1/stm32cubeide/plugins/com.st.stm32cube.ide.mcu.externaltools.gnu-tools-for-stm32.10.3-2021.10.win32_1.0.200.202301161003/tools/bin/../lib/gcc/arm-none-eabi/10.3.1/../../../../arm-none-eabi/lib/thumb/v7e-m+fp/hard\libc_nano.a(lib_a-dtoa.o)
                0x000000000800f778                _dtoa_r
 .text.rshift   0x0000000008010354       0xa4 d:/st software/cubeide/stm32cubeide_1.12.1/stm32cubeide/plugins/com.st.stm32cube.ide.mcu.externaltools.gnu-tools-for-stm32.10.3-2021.10.win32_1.0.200.202301161003/tools/bin/../lib/gcc/arm-none-eabi/10.3.1/../../../../arm-none-eabi/lib/thumb/v7e-m+fp/hard\libc_nano.a(lib_a-gdtoa-gethex.o)
 .text.__hexdig_fun
                0x00000000080103f8       0x2a d:/st software/cubeide/stm32cubeide_1.12.1/stm32cubeide/plugins/com.st.stm32cube.ide.mcu.externaltools.gnu-tools-for-stm32.10.3-2021.10.win32_1.0.200.202301161003/tools/bin/../lib/gcc/arm-none-eabi/10.3.1/../../../../arm-none-eabi/lib/thumb/v7e-m+fp/hard\libc_nano.a(lib_a-gdtoa-gethex.o)
                0x00000000080103f8                __hexdig_fun
 *fill*         0x0000000008010422        0x2 
 .text.__gethex
                0x0000000008010424      0x48c d:/st software/cubeide/stm32cubeide_1.12.1/stm32cubeide/plugins/com.st.stm32cube.ide.mcu.externaltools.gnu-tools-for-stm32.10.3-2021.10.win32_1.0.200.202301161003/tools/bin/../lib/gcc/arm-none-eabi/10.3.1/../../../../arm-none-eabi/lib/thumb/v7e-m+fp/hard\libc_nano.a(lib_a-gdtoa-gethex.o)
                0x0000000008010424                __gethex
 .text.L_shift  0x00000000080108b0       0x24 d:/st software/cubeide/stm32cubeide_1.12.1/stm32cubeide/plugins/com.st.stm32cube.ide.mcu.externaltools.gnu-tools-for-stm32.10.3-2021.10.win32_1.0.200.202301161003/tools/bin/../lib/gcc/arm-none-eabi/10.3.1/../../../../arm-none-eabi/lib/thumb/v7e-m+fp/hard\libc_nano.a(lib_a-gdtoa-hexnan.o)
 .text.__match  0x00000000080108d4       0x28 d:/st software/cubeide/stm32cubeide_1.12.1/stm32cubeide/plugins/com.st.stm32cube.ide.mcu.externaltools.gnu-tools-for-stm32.10.3-2021.10.win32_1.0.200.202301161003/tools/bin/../lib/gcc/arm-none-eabi/10.3.1/../../../../arm-none-eabi/lib/thumb/v7e-m+fp/hard\libc_nano.a(lib_a-gdtoa-hexnan.o)
                0x00000000080108d4                __match
 .text.__hexnan
                0x00000000080108fc      0x138 d:/st software/cubeide/stm32cubeide_1.12.1/stm32cubeide/plugins/com.st.stm32cube.ide.mcu.externaltools.gnu-tools-for-stm32.10.3-2021.10.win32_1.0.200.202301161003/tools/bin/../lib/gcc/arm-none-eabi/10.3.1/../../../../arm-none-eabi/lib/thumb/v7e-m+fp/hard\libc_nano.a(lib_a-gdtoa-hexnan.o)
                0x00000000080108fc                __hexnan
 .text._localeconv_r
                0x0000000008010a34        0x8 d:/st software/cubeide/stm32cubeide_1.12.1/stm32cubeide/plugins/com.st.stm32cube.ide.mcu.externaltools.gnu-tools-for-stm32.10.3-2021.10.win32_1.0.200.202301161003/tools/bin/../lib/gcc/arm-none-eabi/10.3.1/../../../../arm-none-eabi/lib/thumb/v7e-m+fp/hard\libc_nano.a(lib_a-localeconv.o)
                0x0000000008010a34                _localeconv_r
 .text.malloc   0x0000000008010a3c       0x10 d:/st software/cubeide/stm32cubeide_1.12.1/stm32cubeide/plugins/com.st.stm32cube.ide.mcu.externaltools.gnu-tools-for-stm32.10.3-2021.10.win32_1.0.200.202301161003/tools/bin/../lib/gcc/arm-none-eabi/10.3.1/../../../../arm-none-eabi/lib/thumb/v7e-m+fp/hard\libc_nano.a(lib_a-malloc.o)
                0x0000000008010a3c                malloc
 .text.__ascii_mbtowc
                0x0000000008010a4c       0x24 d:/st software/cubeide/stm32cubeide_1.12.1/stm32cubeide/plugins/com.st.stm32cube.ide.mcu.externaltools.gnu-tools-for-stm32.10.3-2021.10.win32_1.0.200.202301161003/tools/bin/../lib/gcc/arm-none-eabi/10.3.1/../../../../arm-none-eabi/lib/thumb/v7e-m+fp/hard\libc_nano.a(lib_a-mbtowc_r.o)
                0x0000000008010a4c                __ascii_mbtowc
 .text._Balloc  0x0000000008010a70       0x80 d:/st software/cubeide/stm32cubeide_1.12.1/stm32cubeide/plugins/com.st.stm32cube.ide.mcu.externaltools.gnu-tools-for-stm32.10.3-2021.10.win32_1.0.200.202301161003/tools/bin/../lib/gcc/arm-none-eabi/10.3.1/../../../../arm-none-eabi/lib/thumb/v7e-m+fp/hard\libc_nano.a(lib_a-mprec.o)
                0x0000000008010a70                _Balloc
 .text._Bfree   0x0000000008010af0       0x44 d:/st software/cubeide/stm32cubeide_1.12.1/stm32cubeide/plugins/com.st.stm32cube.ide.mcu.externaltools.gnu-tools-for-stm32.10.3-2021.10.win32_1.0.200.202301161003/tools/bin/../lib/gcc/arm-none-eabi/10.3.1/../../../../arm-none-eabi/lib/thumb/v7e-m+fp/hard\libc_nano.a(lib_a-mprec.o)