../Sensor_Drivers/Sensor_Drivers.c:138:6:Sensor_MX_Process	8	static
../Sensor_Drivers/Sensor_Drivers.c:256:6:Sensor_TX_Process	40	static
../Sensor_Drivers/Sensor_Drivers.c:287:6:Sensor_Collect_Data	56	static
../Sensor_Drivers/Sensor_Drivers.c:356:6:DDS_Choose_Source	16	static
../Sensor_Drivers/Sensor_Drivers.c:376:6:Shutoff_Data_Collection	8	static
../Sensor_Drivers/Sensor_Drivers.c:392:6:SDCard_Mount	8	static
../Sensor_Drivers/Sensor_Drivers.c:419:6:Sensor_ADC_Data_Average	16	static
../Sensor_Drivers/Sensor_Drivers.c:432:6:Sensor_ADC_Process	8	static
../Sensor_Drivers/Sensor_Drivers.c:441:6:HAL_ADC_ConvCpltCallback	16	static
../Sensor_Drivers/Sensor_Drivers.c:447:6:Radio_Init	56	static
../Sensor_Drivers/Sensor_Drivers.c:475:6:Radio_TX	24	static
../Sensor_Drivers/Sensor_Drivers.c:524:9:calculate_parity	24	static
../Sensor_Drivers/Sensor_Drivers.c:536:9:combine_parities	24	static
../Sensor_Drivers/Sensor_Drivers.c:548:6:OnTxDone	8	static
../Sensor_Drivers/Sensor_Drivers.c:553:6:OnRxDone	24	static
../Sensor_Drivers/Sensor_Drivers.c:642:6:OnTxTimeout	4	static
../Sensor_Drivers/Sensor_Drivers.c:647:6:OnRxTimeout	4	static
../Sensor_Drivers/Sensor_Drivers.c:652:6:OnRxError	4	static
../Sensor_Drivers/Sensor_Drivers.c:657:6:HAL_GPIO_EXTI_Callback	16	static
../Sensor_Drivers/Sensor_Drivers.c:662:6:Get_FreIDs	16	static
../Sensor_Drivers/Sensor_Drivers.c:682:6:Current_Time_TX_Format	8	static
../Sensor_Drivers/Sensor_Drivers.c:695:6:Save_UG_RX_data	136	static
../Sensor_Drivers/Sensor_Drivers.c:730:6:MCU_Exit_Deep_Sleep	8	static
../Sensor_Drivers/Sensor_Drivers.c:745:6:RTC_Time_Setup	8	static
../Sensor_Drivers/Sensor_Drivers.c:769:6:Alarms_Setup	48	static
../Sensor_Drivers/Sensor_Drivers.c:801:6:Set_RTC_Time	8	static
../Sensor_Drivers/Sensor_Drivers.c:836:6:Get_Current_Time	8	static
../Sensor_Drivers/Sensor_Drivers.c:844:6:Time_Track	120	static
../Sensor_Drivers/Sensor_Drivers.c:877:6:HAL_RTC_AlarmAEventCallback	16	static
../Sensor_Drivers/Sensor_Drivers.c:899:6:HAL_RTCEx_AlarmBEventCallback	16	static
../Sensor_Drivers/Sensor_Drivers.c:920:6:MCU_Enter_Shallow_Sleep	8	static
../Sensor_Drivers/Sensor_Drivers.c:934:6:MCU_Exit_Shallow_Sleep	8	static
../Sensor_Drivers/Sensor_Drivers.c:942:6:MCU_Enter_Deep_Sleep	8	static
