Archive member included to satisfy reference by file (symbol)

d:/st software/cubeide/stm32cubeide_1.12.1/stm32cubeide/plugins/com.st.stm32cube.ide.mcu.externaltools.gnu-tools-for-stm32.10.3-2021.10.win32_1.0.200.202301161003/tools/bin/../lib/gcc/arm-none-eabi/10.3.1/../../../../arm-none-eabi/lib/thumb/v7-m/nofp\libc_nano.a(lib_a-errno.o)
                              ./Core/Src/syscalls.o (__errno)
d:/st software/cubeide/stm32cubeide_1.12.1/stm32cubeide/plugins/com.st.stm32cube.ide.mcu.externaltools.gnu-tools-for-stm32.10.3-2021.10.win32_1.0.200.202301161003/tools/bin/../lib/gcc/arm-none-eabi/10.3.1/../../../../arm-none-eabi/lib/thumb/v7-m/nofp\libc_nano.a(lib_a-exit.o)
                              d:/st software/cubeide/stm32cubeide_1.12.1/stm32cubeide/plugins/com.st.stm32cube.ide.mcu.externaltools.gnu-tools-for-stm32.10.3-2021.10.win32_1.0.200.202301161003/tools/bin/../lib/gcc/arm-none-eabi/10.3.1/../../../../arm-none-eabi/lib/thumb/v7-m/nofp/crt0.o (exit)
d:/st software/cubeide/stm32cubeide_1.12.1/stm32cubeide/plugins/com.st.stm32cube.ide.mcu.externaltools.gnu-tools-for-stm32.10.3-2021.10.win32_1.0.200.202301161003/tools/bin/../lib/gcc/arm-none-eabi/10.3.1/../../../../arm-none-eabi/lib/thumb/v7-m/nofp\libc_nano.a(lib_a-impure.o)
                              d:/st software/cubeide/stm32cubeide_1.12.1/stm32cubeide/plugins/com.st.stm32cube.ide.mcu.externaltools.gnu-tools-for-stm32.10.3-2021.10.win32_1.0.200.202301161003/tools/bin/../lib/gcc/arm-none-eabi/10.3.1/../../../../arm-none-eabi/lib/thumb/v7-m/nofp\libc_nano.a(lib_a-exit.o) (_global_impure_ptr)
d:/st software/cubeide/stm32cubeide_1.12.1/stm32cubeide/plugins/com.st.stm32cube.ide.mcu.externaltools.gnu-tools-for-stm32.10.3-2021.10.win32_1.0.200.202301161003/tools/bin/../lib/gcc/arm-none-eabi/10.3.1/../../../../arm-none-eabi/lib/thumb/v7-m/nofp\libc_nano.a(lib_a-init.o)
                              d:/st software/cubeide/stm32cubeide_1.12.1/stm32cubeide/plugins/com.st.stm32cube.ide.mcu.externaltools.gnu-tools-for-stm32.10.3-2021.10.win32_1.0.200.202301161003/tools/bin/../lib/gcc/arm-none-eabi/10.3.1/../../../../arm-none-eabi/lib/thumb/v7-m/nofp/crt0.o (__libc_init_array)
d:/st software/cubeide/stm32cubeide_1.12.1/stm32cubeide/plugins/com.st.stm32cube.ide.mcu.externaltools.gnu-tools-for-stm32.10.3-2021.10.win32_1.0.200.202301161003/tools/bin/../lib/gcc/arm-none-eabi/10.3.1/../../../../arm-none-eabi/lib/thumb/v7-m/nofp\libc_nano.a(lib_a-memcpy-stub.o)
                              ./SX1262 drivers/SX1262_MX_Process.o (memcpy)
d:/st software/cubeide/stm32cubeide_1.12.1/stm32cubeide/plugins/com.st.stm32cube.ide.mcu.externaltools.gnu-tools-for-stm32.10.3-2021.10.win32_1.0.200.202301161003/tools/bin/../lib/gcc/arm-none-eabi/10.3.1/../../../../arm-none-eabi/lib/thumb/v7-m/nofp\libc_nano.a(lib_a-memset.o)
                              d:/st software/cubeide/stm32cubeide_1.12.1/stm32cubeide/plugins/com.st.stm32cube.ide.mcu.externaltools.gnu-tools-for-stm32.10.3-2021.10.win32_1.0.200.202301161003/tools/bin/../lib/gcc/arm-none-eabi/10.3.1/../../../../arm-none-eabi/lib/thumb/v7-m/nofp/crt0.o (memset)
d:/st software/cubeide/stm32cubeide_1.12.1/stm32cubeide/plugins/com.st.stm32cube.ide.mcu.externaltools.gnu-tools-for-stm32.10.3-2021.10.win32_1.0.200.202301161003/tools/bin/../lib/gcc/arm-none-eabi/10.3.1/../../../../arm-none-eabi/lib/thumb/v7-m/nofp\libc_nano.a(lib_a-nano-vfprintf_float.o)
                              (_printf_float)
d:/st software/cubeide/stm32cubeide_1.12.1/stm32cubeide/plugins/com.st.stm32cube.ide.mcu.externaltools.gnu-tools-for-stm32.10.3-2021.10.win32_1.0.200.202301161003/tools/bin/../lib/gcc/arm-none-eabi/10.3.1/../../../../arm-none-eabi/lib/thumb/v7-m/nofp\libc_nano.a(lib_a-nano-vfprintf_i.o)
                              d:/st software/cubeide/stm32cubeide_1.12.1/stm32cubeide/plugins/com.st.stm32cube.ide.mcu.externaltools.gnu-tools-for-stm32.10.3-2021.10.win32_1.0.200.202301161003/tools/bin/../lib/gcc/arm-none-eabi/10.3.1/../../../../arm-none-eabi/lib/thumb/v7-m/nofp\libc_nano.a(lib_a-nano-vfprintf_float.o) (_printf_common)
d:/st software/cubeide/stm32cubeide_1.12.1/stm32cubeide/plugins/com.st.stm32cube.ide.mcu.externaltools.gnu-tools-for-stm32.10.3-2021.10.win32_1.0.200.202301161003/tools/bin/../lib/gcc/arm-none-eabi/10.3.1/../../../../arm-none-eabi/lib/thumb/v7-m/nofp\libc_nano.a(lib_a-printf.o)
                              ./SX1262 drivers/SX1262_MX_Process.o (printf)
d:/st software/cubeide/stm32cubeide_1.12.1/stm32cubeide/plugins/com.st.stm32cube.ide.mcu.externaltools.gnu-tools-for-stm32.10.3-2021.10.win32_1.0.200.202301161003/tools/bin/../lib/gcc/arm-none-eabi/10.3.1/../../../../arm-none-eabi/lib/thumb/v7-m/nofp\libc_nano.a(lib_a-puts.o)
                              ./SX1262 drivers/SX1262_MX_Process.o (puts)
[...]
Memory Configuration

Name             Origin             Length             Attributes
RAM              0x0000000020000000 0x0000000000014000 xrw
FLASH            0x0000000008000000 0x0000000000080000 xr
*default*        0x0000000000000000 0xffffffffffffffff

Linker script and memory map

LOAD d:/st software/cubeide/stm32cubeide_1.12.1/stm32cubeide/plugins/com.st.stm32cube.ide.mcu.externaltools.gnu-tools-for-stm32.10.3-2021.10.win32_1.0.200.202301161003/tools/bin/../lib/gcc/arm-none-eabi/10.3.1/thumb/v7-m/nofp/crti.o
LOAD d:/st software/cubeide/stm32cubeide_1.12.1/stm32cubeide/plugins/com.st.stm32cube.ide.mcu.externaltools.gnu-tools-for-stm32.10.3-2021.10.win32_1.0.200.202301161003/tools/bin/../lib/gcc/arm-none-eabi/10.3.1/thumb/v7-m/nofp/crtbegin.o
LOAD d:/st software/cubeide/stm32cubeide_1.12.1/stm32cubeide/plugins/com.st.stm32cube.ide.mcu.externaltools.gnu-tools-for-stm32.10.3-2021.10.win32_1.0.200.202301161003/tools/bin/../lib/gcc/arm-none-eabi/10.3.1/../../../../arm-none-eabi/lib/thumb/v7-m/nofp/crt0.o
LOAD ./Core/Src/main.o
LOAD ./Core/Src/stm32l1xx_hal_msp.o
LOAD ./Core/Src/stm32l1xx_it.o
LOAD ./Core/Src/syscalls.o
LOAD ./Core/Src/sysmem.o
LOAD ./Core/Src/system_stm32l1xx.o
LOAD ./Core/Startup/startup_stm32l152retx.o
LOAD ./Drivers/STM32L1xx_HAL_Driver/Src/stm32l1xx_hal.o
LOAD ./Drivers/STM32L1xx_HAL_Driver/Src/stm32l1xx_hal_cortex.o
LOAD ./Drivers/STM32L1xx_HAL_Driver/Src/stm32l1xx_hal_dma.o
LOAD ./Drivers/STM32L1xx_HAL_Driver/Src/stm32l1xx_hal_exti.o
LOAD ./Drivers/STM32L1xx_HAL_Driver/Src/stm32l1xx_hal_flash.o
LOAD ./Drivers/STM32L1xx_HAL_Driver/Src/stm32l1xx_hal_flash_ex.o
LOAD ./Drivers/STM32L1xx_HAL_Driver/Src/stm32l1xx_hal_flash_ramfunc.o
LOAD ./Drivers/STM32L1xx_HAL_Driver/Src/stm32l1xx_hal_gpio.o
LOAD ./Drivers/STM32L1xx_HAL_Driver/Src/stm32l1xx_hal_pwr.o
LOAD ./Drivers/STM32L1xx_HAL_Driver/Src/stm32l1xx_hal_pwr_ex.o
LOAD ./Drivers/STM32L1xx_HAL_Driver/Src/stm32l1xx_hal_rcc.o
LOAD ./Drivers/STM32L1xx_HAL_Driver/Src/stm32l1xx_hal_rcc_ex.o
LOAD ./Drivers/STM32L1xx_HAL_Driver/Src/stm32l1xx_hal_tim.o
LOAD ./Drivers/STM32L1xx_HAL_Driver/Src/stm32l1xx_hal_tim_ex.o
LOAD ./Drivers/STM32L1xx_HAL_Driver/Src/stm32l1xx_hal_uart.o
LOAD ./SX1262 drivers/SX1262_MX_Process.o
LOAD ./SX1262 drivers/sx126x-board.o
LOAD ./SX1262 drivers/utilities.o
LOAD ./SX1262 drivers/hw/board_gpio.o
LOAD ./SX1262 drivers/hw/board_spi.o
LOAD ./SX1262 drivers/hw/board_usart.o
LOAD ./SX1262 drivers/sx126x/radio.o
LOAD ./SX1262 drivers/sx126x/sx126x.o
START GROUP
LOAD d:/st software/cubeide/stm32cubeide_1.12.1/stm32cubeide/plugins/com.st.stm32cube.ide.mcu.externaltools.gnu-tools-for-stm32.10.3-2021.10.win32_1.0.200.202301161003/tools/bin/../lib/gcc/arm-none-eabi/10.3.1/../../../../arm-none-eabi/lib/thumb/v7-m/nofp\libc_nano.a
LOAD d:/st software/cubeide/stm32cubeide_1.12.1/stm32cubeide/plugins/com.st.stm32cube.ide.mcu.externaltools.gnu-tools-for-stm32.10.3-2021.10.win32_1.0.200.202301161003/tools/bin/../lib/gcc/arm-none-eabi/10.3.1/../../../../arm-none-eabi/lib/thumb/v7-m/nofp\libm.a
END GROUP
START GROUP
LOAD d:/st software/cubeide/stm32cubeide_1.12.1/stm32cubeide/plugins/com.st.stm32cube.ide.mcu.externaltools.gnu-tools-for-stm32.10.3-2021.10.win32_1.0.200.202301161003/tools/bin/../lib/gcc/arm-none-eabi/10.3.1/thumb/v7-m/nofp\libgcc.a
LOAD d:/st software/cubeide/stm32cubeide_1.12.1/stm32cubeide/plugins/com.st.stm32cube.ide.mcu.externaltools.gnu-tools-for-stm32.10.3-2021.10.win32_1.0.200.202301161003/tools/bin/../lib/gcc/arm-none-eabi/10.3.1/../../../../arm-none-eabi/lib/thumb/v7-m/nofp\libc_nano.a
END GROUP
START GROUP
LOAD d:/st software/cubeide/stm32cubeide_1.12.1/stm32cubeide/plugins/com.st.stm32cube.ide.mcu.externaltools.gnu-tools-for-stm32.10.3-2021.10.win32_1.0.200.202301161003/tools/bin/../lib/gcc/arm-none-eabi/10.3.1/thumb/v7-m/nofp\libgcc.a
LOAD d:/st software/cubeide/stm32cubeide_1.12.1/stm32cubeide/plugins/com.st.stm32cube.ide.mcu.externaltools.gnu-tools-for-stm32.10.3-2021.10.win32_1.0.200.202301161003/tools/bin/../lib/gcc/arm-none-eabi/10.3.1/../../../../arm-none-eabi/lib/thumb/v7-m/nofp\libc_nano.a
LOAD d:/st software/cubeide/stm32cubeide_1.12.1/stm32cubeide/plugins/com.st.stm32cube.ide.mcu.externaltools.gnu-tools-for-stm32.10.3-2021.10.win32_1.0.200.202301161003/tools/bin/../lib/gcc/arm-none-eabi/10.3.1/../../../../arm-none-eabi/lib/thumb/v7-m/nofp\libnosys.a
END GROUP
START GROUP
LOAD d:/st software/cubeide/stm32cubeide_1.12.1/stm32cubeide/plugins/com.st.stm32cube.ide.mcu.externaltools.gnu-tools-for-stm32.10.3-2021.10.win32_1.0.200.202301161003/tools/bin/../lib/gcc/arm-none-eabi/10.3.1/thumb/v7-m/nofp\libgcc.a
LOAD d:/st software/cubeide/stm32cubeide_1.12.1/stm32cubeide/plugins/com.st.stm32cube.ide.mcu.externaltools.gnu-tools-for-stm32.10.3-2021.10.win32_1.0.200.202301161003/tools/bin/../lib/gcc/arm-none-eabi/10.3.1/../../../../arm-none-eabi/lib/thumb/v7-m/nofp\libc_nano.a
LOAD d:/st software/cubeide/stm32cubeide_1.12.1/stm32cubeide/plugins/com.st.stm32cube.ide.mcu.externaltools.gnu-tools-for-stm32.10.3-2021.10.win32_1.0.200.202301161003/tools/bin/../lib/gcc/arm-none-eabi/10.3.1/../../../../arm-none-eabi/lib/thumb/v7-m/nofp\libnosys.a
END GROUP
LOAD d:/st software/cubeide/stm32cubeide_1.12.1/stm32cubeide/plugins/com.st.stm32cube.ide.mcu.externaltools.gnu-tools-for-stm32.10.3-2021.10.win32_1.0.200.202301161003/tools/bin/../lib/gcc/arm-none-eabi/10.3.1/thumb/v7-m/nofp/crtend.o
LOAD d:/st software/cubeide/stm32cubeide_1.12.1/stm32cubeide/plugins/com.st.stm32cube.ide.mcu.externaltools.gnu-tools-for-stm32.10.3-2021.10.win32_1.0.200.202301161003/tools/bin/../lib/gcc/arm-none-eabi/10.3.1/thumb/v7-m/nofp/crtn.o
                0x0000000020014000                _estack = (ORIGIN (RAM) + LENGTH (RAM))
                0x0000000000000200                _Min_Heap_Size = 0x200
                0x0000000000000400                _Min_Stack_Size = 0x400

.isr_vector     0x0000000008000000      0x13c
                0x0000000008000000                . = ALIGN (0x4)
 *(.isr_vector)
 .isr_vector    0x0000000008000000      0x13c ./Core/Startup/startup_stm32l152retx.o
                0x0000000008000000                g_pfnVectors
                0x000000000800013c                . = ALIGN (0x4)

.text           0x0000000008000140     0x981c
                0x0000000008000140                . = ALIGN (0x4)
 *(.text)
 .text          0x0000000008000140       0x40 d:/st software/cubeide/stm32cubeide_1.12.1/stm32cubeide/plugins/com.st.stm32cube.ide.mcu.externaltools.gnu-tools-for-stm32.10.3-2021.10.win32_1.0.200.202301161003/tools/bin/../lib/gcc/arm-none-eabi/10.3.1/thumb/v7-m/nofp/crtbegin.o
 .text          0x0000000008000180       0x14 d:/st software/cubeide/stm32cubeide_1.12.1/stm32cubeide/plugins/com.st.stm32cube.ide.mcu.externaltools.gnu-tools-for-stm32.10.3-2021.10.win32_1.0.200.202301161003/tools/bin/../lib/gcc/arm-none-eabi/10.3.1/../../../../arm-none-eabi/lib/thumb/v7-m/nofp\libc_nano.a(lib_a-strcmp.o)
                0x0000000008000180                strcmp
 .text          0x0000000008000194       0x10 d:/st software/cubeide/stm32cubeide_1.12.1/stm32cubeide/plugins/com.st.stm32cube.ide.mcu.externaltools.gnu-tools-for-stm32.10.3-2021.10.win32_1.0.200.202301161003/tools/bin/../lib/gcc/arm-none-eabi/10.3.1/../../../../arm-none-eabi/lib/thumb/v7-m/nofp\libc_nano.a(lib_a-strlen.o)
                0x0000000008000194                strlen
 .text          0x00000000080001a4      0x378 d:/st software/cubeide/stm32cubeide_1.12.1/stm32cubeide/plugins/com.st.stm32cube.ide.mcu.externaltools.gnu-tools-for-stm32.10.3-2021.10.win32_1.0.200.202301161003/tools/bin/../lib/gcc/arm-none-eabi/10.3.1/thumb/v7-m/nofp\libgcc.a(_arm_addsubdf3.o)
                0x00000000080001a4                __aeabi_drsub
                0x00000000080001ac                __aeabi_dsub
                0x00000000080001ac                __subdf3
                0x00000000080001b0                __aeabi_dadd
                0x00000000080001b0                __adddf3
                0x0000000008000428                __floatunsidf
                0x0000000008000428                __aeabi_ui2d
                0x0000000008000448                __floatsidf
                0x0000000008000448                __aeabi_i2d
                0x000000000800046c                __aeabi_f2d
                0x000000000800046c                __extendsfdf2
                0x00000000080004b0                __floatundidf
                0x00000000080004b0                __aeabi_ul2d
                0x00000000080004c0                __floatdidf
                0x00000000080004c0                __aeabi_l2d
 .text          0x000000000800051c      0x424 d:/st software/cubeide/stm32cubeide_1.12.1/stm32cubeide/plugins/com.st.stm32cube.ide.mcu.externaltools.gnu-tools-for-stm32.10.3-2021.10.win32_1.0.200.202301161003/tools/bin/../lib/gcc/arm-none-eabi/10.3.1/thumb/v7-m/nofp\libgcc.a(_arm_muldivdf3.o)
                0x000000000800051c                __aeabi_dmul
                0x000000000800051c                __muldf3
                0x0000000008000770                __divdf3
                0x0000000008000770                __aeabi_ddiv
 .text          0x0000000008000940      0x110 d:/st software/cubeide/stm32cubeide_1.12.1/stm32cubeide/plugins/com.st.stm32cube.ide.mcu.externaltools.gnu-tools-for-stm32.10.3-2021.10.win32_1.0.200.202301161003/tools/bin/../lib/gcc/arm-none-eabi/10.3.1/thumb/v7-m/nofp\libgcc.a(_arm_cmpdf2.o)
                0x0000000008000940                __gtdf2
                0x0000000008000940                __gedf2
                0x0000000008000948                __ltdf2
                0x0000000008000948                __ledf2
                0x0000000008000950                __nedf2
                0x0000000008000950                __eqdf2
                0x0000000008000950                __cmpdf2
                0x00000000080009cc                __aeabi_cdrcmple
                0x00000000080009dc                __aeabi_cdcmpeq
                0x00000000080009dc                __aeabi_cdcmple
                0x00000000080009ec                __aeabi_dcmpeq
                0x0000000008000a00                __aeabi_dcmplt
                0x0000000008000a14                __aeabi_dcmple
                0x0000000008000a28                __aeabi_dcmpge
                0x0000000008000a3c                __aeabi_dcmpgt
 .text          0x0000000008000a50       0x2c d:/st software/cubeide/stm32cubeide_1.12.1/stm32cubeide/plugins/com.st.stm32cube.ide.mcu.externaltools.gnu-tools-for-stm32.10.3-2021.10.win32_1.0.200.202301161003/tools/bin/../lib/gcc/arm-none-eabi/10.3.1/thumb/v7-m/nofp\libgcc.a(_arm_unorddf2.o)
                0x0000000008000a50                __unorddf2
                0x0000000008000a50                __aeabi_dcmpun
 .text          0x0000000008000a7c       0x50 d:/st software/cubeide/stm32cubeide_1.12.1/stm32cubeide/plugins/com.st.stm32cube.ide.mcu.externaltools.gnu-tools-for-stm32.10.3-2021.10.win32_1.0.200.202301161003/tools/bin/../lib/gcc/arm-none-eabi/10.3.1/thumb/v7-m/nofp\libgcc.a(_arm_fixdfsi.o)
                0x0000000008000a7c                __aeabi_d2iz
                0x0000000008000a7c                __fixdfsi
 .text          0x0000000008000acc       0x30 d:/st software/cubeide/stm32cubeide_1.12.1/stm32cubeide/plugins/com.st.stm32cube.ide.mcu.externaltools.gnu-tools-for-stm32.10.3-2021.10.win32_1.0.200.202301161003/tools/bin/../lib/gcc/arm-none-eabi/10.3.1/thumb/v7-m/nofp\libgcc.a(_aeabi_uldivmod.o)
                0x0000000008000acc                __aeabi_uldivmod
 .text          0x0000000008000afc      0x2d4 d:/st software/cubeide/stm32cubeide_1.12.1/stm32cubeide/plugins/com.st.stm32cube.ide.mcu.externaltools.gnu-tools-for-stm32.10.3-2021.10.win32_1.0.200.202301161003/tools/bin/../lib/gcc/arm-none-eabi/10.3.1/thumb/v7-m/nofp\libgcc.a(_udivmoddi4.o)
                0x0000000008000afc                __udivmoddi4
 .text          0x0000000008000dd0        0x4 d:/st software/cubeide/stm32cubeide_1.12.1/stm32cubeide/plugins/com.st.stm32cube.ide.mcu.externaltools.gnu-tools-for-stm32.10.3-2021.10.win32_1.0.200.202301161003/tools/bin/../lib/gcc/arm-none-eabi/10.3.1/thumb/v7-m/nofp\libgcc.a(_dvmd_tls.o)
                0x0000000008000dd0                __aeabi_idiv0
                0x0000000008000dd0                __aeabi_ldiv0
 *(.text*)
 .text.main     0x0000000008000dd4       0x1e ./Core/Src/main.o
                0x0000000008000dd4                main
 *fill*         0x0000000008000df2        0x2 
 .text.SystemClock_Config
                0x0000000008000df4       0x9c ./Core/Src/main.o
                0x0000000008000df4                SystemClock_Config
 .text.MX_USART2_UART_Init
                0x0000000008000e90       0x54 ./Core/Src/main.o
 .text.MX_GPIO_Init
                0x0000000008000ee4      0x12c ./Core/Src/main.o
 .text.Error_Handler
                0x0000000008001010        0xa ./Core/Src/main.o
                0x0000000008001010                Error_Handler
 *fill*         0x000000000800101a        0x2 
 .text.HAL_MspInit
                0x000000000800101c       0x60 ./Core/Src/stm32l1xx_hal_msp.o
                0x000000000800101c                HAL_MspInit
 .text.HAL_UART_MspInit
                0x000000000800107c       0x98 ./Core/Src/stm32l1xx_hal_msp.o
                0x000000000800107c                HAL_UART_MspInit
 .text.NMI_Handler
                0x0000000008001114        0x6 ./Core/Src/stm32l1xx_it.o
                0x0000000008001114                NMI_Handler
 .text.HardFault_Handler
                0x000000000800111a        0x6 ./Core/Src/stm32l1xx_it.o
                0x000000000800111a                HardFault_Handler
 .text.MemManage_Handler
                0x0000000008001120        0x6 ./Core/Src/stm32l1xx_it.o
                0x0000000008001120                MemManage_Handler
 .text.BusFault_Handler
                0x0000000008001126        0x6 ./Core/Src/stm32l1xx_it.o
                0x0000000008001126                BusFault_Handler
 .text.UsageFault_Handler
                0x000000000800112c        0x6 ./Core/Src/stm32l1xx_it.o
                0x000000000800112c                UsageFault_Handler
 .text.SVC_Handler
                0x0000000008001132        0xc ./Core/Src/stm32l1xx_it.o
                0x0000000008001132                SVC_Handler
 .text.DebugMon_Handler
                0x000000000800113e        0xc ./Core/Src/stm32l1xx_it.o
                0x000000000800113e                DebugMon_Handler
 .text.PendSV_Handler
                0x000000000800114a        0xc ./Core/Src/stm32l1xx_it.o
                0x000000000800114a                PendSV_Handler
 .text.SysTick_Handler
                0x0000000008001156        0xc ./Core/Src/stm32l1xx_it.o
                0x0000000008001156                SysTick_Handler
 .text.EXTI4_IRQHandler
                0x0000000008001162        0xe ./Core/Src/stm32l1xx_it.o
                0x0000000008001162                EXTI4_IRQHandler
 .text.USART2_IRQHandler
                0x0000000008001170       0x14 ./Core/Src/stm32l1xx_it.o
                0x0000000008001170                USART2_IRQHandler
 .text._getpid  0x0000000008001184        0xe ./Core/Src/syscalls.o
                0x0000000008001184                _getpid
 .text._kill    0x0000000008001192       0x20 ./Core/Src/syscalls.o
                0x0000000008001192                _kill
 .text._exit    0x00000000080011b2       0x14 ./Core/Src/syscalls.o
                0x00000000080011b2                _exit
 .text._read    0x00000000080011c6       0x3a ./Core/Src/syscalls.o
                0x00000000080011c6                _read
 .text._write   0x0000000008001200       0x38 ./Core/Src/syscalls.o
                0x0000000008001200                _write
 .text._close   0x0000000008001238       0x16 ./Core/Src/syscalls.o
                0x0000000008001238                _close
 .text._fstat   0x000000000800124e       0x1e ./Core/Src/syscalls.o
                0x000000000800124e                _fstat
 .text._isatty  0x000000000800126c       0x14 ./Core/Src/syscalls.o
                0x000000000800126c                _isatty
 .text._lseek   0x0000000008001280       0x18 ./Core/Src/syscalls.o
                0x0000000008001280                _lseek
 .text._sbrk    0x0000000008001298       0x6c ./Core/Src/sysmem.o
                0x0000000008001298                _sbrk
 .text.SystemInit
                0x0000000008001304        0xc ./Core/Src/system_stm32l1xx.o
                0x0000000008001304                SystemInit
 .text.Reset_Handler
                0x0000000008001310       0x48 ./Core/Startup/startup_stm32l152retx.o
                0x0000000008001310                Reset_Handler
 .text.Default_Handler
                0x0000000008001358        0x2 ./Core/Startup/startup_stm32l152retx.o
                0x0000000008001358                RTC_Alarm_IRQHandler
                0x0000000008001358                EXTI2_IRQHandler
                0x0000000008001358                COMP_ACQ_IRQHandler
                0x0000000008001358                TIM10_IRQHandler
                0x0000000008001358                USB_HP_IRQHandler
                0x0000000008001358                TIM6_IRQHandler
                0x0000000008001358                PVD_IRQHandler
                0x0000000008001358                EXTI3_IRQHandler
                0x0000000008001358                EXTI0_IRQHandler
                0x0000000008001358                I2C2_EV_IRQHandler
                0x0000000008001358                SPI1_IRQHandler
                0x0000000008001358                USB_FS_WKUP_IRQHandler
                0x0000000008001358                DMA2_Channel2_IRQHandler
                0x0000000008001358                DMA1_Channel4_IRQHandler
                0x0000000008001358                ADC1_IRQHandler
                0x0000000008001358                USART3_IRQHandler
                0x0000000008001358                DMA1_Channel7_IRQHandler
                0x0000000008001358                LCD_IRQHandler
                0x0000000008001358                UART5_IRQHandler
                0x0000000008001358                TIM4_IRQHandler
                0x0000000008001358                DMA2_Channel1_IRQHandler
                0x0000000008001358                I2C1_EV_IRQHandler
                0x0000000008001358                DMA1_Channel6_IRQHandler
                0x0000000008001358                UART4_IRQHandler
                0x0000000008001358                DMA2_Channel4_IRQHandler
                0x0000000008001358                TIM3_IRQHandler
                0x0000000008001358                RCC_IRQHandler
                0x0000000008001358                DMA1_Channel1_IRQHandler
                0x0000000008001358                Default_Handler
                0x0000000008001358                EXTI15_10_IRQHandler
                0x0000000008001358                TIM7_IRQHandler
                0x0000000008001358                TIM5_IRQHandler
                0x0000000008001358                EXTI9_5_IRQHandler
                0x0000000008001358                TIM9_IRQHandler
                0x0000000008001358                TAMPER_STAMP_IRQHandler
                0x0000000008001358                RTC_WKUP_IRQHandler
                0x0000000008001358                SPI2_IRQHandler
                0x0000000008001358                DMA2_Channel5_IRQHandler
                0x0000000008001358                DMA1_Channel5_IRQHandler
                0x0000000008001358                USB_LP_IRQHandler
                0x0000000008001358                DMA1_Channel3_IRQHandler
                0x0000000008001358                COMP_IRQHandler
                0x0000000008001358                WWDG_IRQHandler
                0x0000000008001358                TIM2_IRQHandler
                0x0000000008001358                DAC_IRQHandler
                0x0000000008001358                EXTI1_IRQHandler
                0x0000000008001358                TIM11_IRQHandler
                0x0000000008001358                I2C2_ER_IRQHandler
                0x0000000008001358                DMA1_Channel2_IRQHandler
                0x0000000008001358                FLASH_IRQHandler
                0x0000000008001358                USART1_IRQHandler
                0x0000000008001358                SPI3_IRQHandler
                0x0000000008001358                I2C1_ER_IRQHandler
                0x0000000008001358                DMA2_Channel3_IRQHandler
 .text.HAL_Init
                0x000000000800135a       0x30 ./Drivers/STM32L1xx_HAL_Driver/Src/stm32l1xx_hal.o
                0x000000000800135a                HAL_Init
 *fill*         0x000000000800138a        0x2 
 .text.HAL_InitTick
                0x000000000800138c       0x74 ./Drivers/STM32L1xx_HAL_Driver/Src/stm32l1xx_hal.o
                0x000000000800138c                HAL_InitTick
 .text.HAL_IncTick
                0x0000000008001400       0x24 ./Drivers/STM32L1xx_HAL_Driver/Src/stm32l1xx_hal.o
                0x0000000008001400                HAL_IncTick
 .text.HAL_GetTick
                0x0000000008001424       0x14 ./Drivers/STM32L1xx_HAL_Driver/Src/stm32l1xx_hal.o
                0x0000000008001424                HAL_GetTick
 .text.HAL_Delay
                0x0000000008001438       0x44 ./Drivers/STM32L1xx_HAL_Driver/Src/stm32l1xx_hal.o
                0x0000000008001438                HAL_Delay
 .text.__NVIC_SetPriorityGrouping
                0x000000000800147c       0x48 ./Drivers/STM32L1xx_HAL_Driver/Src/stm32l1xx_hal_cortex.o
 .text.__NVIC_GetPriorityGrouping
                0x00000000080014c4       0x1c ./Drivers/STM32L1xx_HAL_Driver/Src/stm32l1xx_hal_cortex.o
 .text.__NVIC_EnableIRQ
                0x00000000080014e0       0x38 ./Drivers/STM32L1xx_HAL_Driver/Src/stm32l1xx_hal_cortex.o
 .text.__NVIC_SetPriority
                0x0000000008001518       0x54 ./Drivers/STM32L1xx_HAL_Driver/Src/stm32l1xx_hal_cortex.o
 .text.NVIC_EncodePriority
                0x000000000800156c       0x64 ./Drivers/STM32L1xx_HAL_Driver/Src/stm32l1xx_hal_cortex.o
 .text.SysTick_Config
                0x00000000080015d0       0x44 ./Drivers/STM32L1xx_HAL_Driver/Src/stm32l1xx_hal_cortex.o
 .text.HAL_NVIC_SetPriorityGrouping
                0x0000000008001614       0x16 ./Drivers/STM32L1xx_HAL_Driver/Src/stm32l1xx_hal_cortex.o
                0x0000000008001614                HAL_NVIC_SetPriorityGrouping
 .text.HAL_NVIC_SetPriority
                0x000000000800162a       0x38 ./Drivers/STM32L1xx_HAL_Driver/Src/stm32l1xx_hal_cortex.o
                0x000000000800162a                HAL_NVIC_SetPriority
 .text.HAL_NVIC_EnableIRQ
                0x0000000008001662       0x1c ./Drivers/STM32L1xx_HAL_Driver/Src/stm32l1xx_hal_cortex.o
                0x0000000008001662                HAL_NVIC_EnableIRQ
 .text.HAL_SYSTICK_Config
                0x000000000800167e       0x18 ./Drivers/STM32L1xx_HAL_Driver/Src/stm32l1xx_hal_cortex.o
                0x000000000800167e                HAL_SYSTICK_Config
 .text.HAL_DMA_Abort
                0x0000000008001696       0x7a ./Drivers/STM32L1xx_HAL_Driver/Src/stm32l1xx_hal_dma.o
                0x0000000008001696                HAL_DMA_Abort
 .text.HAL_DMA_Abort_IT
                0x0000000008001710       0x82 ./Drivers/STM32L1xx_HAL_Driver/Src/stm32l1xx_hal_dma.o
                0x0000000008001710                HAL_DMA_Abort_IT
 *fill*         0x0000000008001792        0x2 
 .text.HAL_GPIO_Init
                0x0000000008001794      0x320 ./Drivers/STM32L1xx_HAL_Driver/Src/stm32l1xx_hal_gpio.o
                0x0000000008001794                HAL_GPIO_Init
 .text.HAL_GPIO_ReadPin
                0x0000000008001ab4       0x2e ./Drivers/STM32L1xx_HAL_Driver/Src/stm32l1xx_hal_gpio.o
                0x0000000008001ab4                HAL_GPIO_ReadPin
 .text.HAL_GPIO_WritePin
                0x0000000008001ae2       0x30 ./Drivers/STM32L1xx_HAL_Driver/Src/stm32l1xx_hal_gpio.o
                0x0000000008001ae2                HAL_GPIO_WritePin
 *fill*         0x0000000008001b12        0x2 
 .text.HAL_GPIO_EXTI_IRQHandler
                0x0000000008001b14       0x30 ./Drivers/STM32L1xx_HAL_Driver/Src/stm32l1xx_hal_gpio.o
                0x0000000008001b14                HAL_GPIO_EXTI_IRQHandler
 .text.HAL_RCC_OscConfig
                0x0000000008001b44      0x660 ./Drivers/STM32L1xx_HAL_Driver/Src/stm32l1xx_hal_rcc.o
                0x0000000008001b44                HAL_RCC_OscConfig
 .text.HAL_RCC_ClockConfig
                0x00000000080021a4      0x268 ./Drivers/STM32L1xx_HAL_Driver/Src/stm32l1xx_hal_rcc.o
                0x00000000080021a4                HAL_RCC_ClockConfig
 .text.HAL_RCC_GetSysClockFreq
                0x000000000800240c      0x200 ./Drivers/STM32L1xx_HAL_Driver/Src/stm32l1xx_hal_rcc.o
                0x000000000800240c                HAL_RCC_GetSysClockFreq
 .text.HAL_RCC_GetHCLKFreq
                0x000000000800260c       0x14 ./Drivers/STM32L1xx_HAL_Driver/Src/stm32l1xx_hal_rcc.o
                0x000000000800260c                HAL_RCC_GetHCLKFreq
 .text.HAL_RCC_GetPCLK1Freq
                0x0000000008002620       0x28 ./Drivers/STM32L1xx_HAL_Driver/Src/stm32l1xx_hal_rcc.o
                0x0000000008002620                HAL_RCC_GetPCLK1Freq
 .text.HAL_RCC_GetPCLK2Freq
                0x0000000008002648       0x28 ./Drivers/STM32L1xx_HAL_Driver/Src/stm32l1xx_hal_rcc.o
                0x0000000008002648                HAL_RCC_GetPCLK2Freq
 .text.RCC_SetFlashLatencyFromMSIRange
                0x0000000008002670       0xc0 ./Drivers/STM32L1xx_HAL_Driver/Src/stm32l1xx_hal_rcc.o
 .text.HAL_UART_Init
                0x0000000008002730       0xa0 ./Drivers/STM32L1xx_HAL_Driver/Src/stm32l1xx_hal_uart.o
                0x0000000008002730                HAL_UART_Init
 .text.HAL_UART_Transmit
                0x00000000080027d0      0x106 ./Drivers/STM32L1xx_HAL_Driver/Src/stm32l1xx_hal_uart.o
                0x00000000080027d0                HAL_UART_Transmit
 .text.HAL_UART_Receive_IT
                0x00000000080028d6       0x4a ./Drivers/STM32L1xx_HAL_Driver/Src/stm32l1xx_hal_uart.o
                0x00000000080028d6                HAL_UART_Receive_IT
 .text.HAL_UART_IRQHandler
                0x0000000008002920      0x524 ./Drivers/STM32L1xx_HAL_Driver/Src/stm32l1xx_hal_uart.o
                0x0000000008002920                HAL_UART_IRQHandler
 .text.HAL_UART_TxCpltCallback
                0x0000000008002e44       0x12 ./Drivers/STM32L1xx_HAL_Driver/Src/stm32l1xx_hal_uart.o
                0x0000000008002e44                HAL_UART_TxCpltCallback
 .text.HAL_UART_ErrorCallback
                0x0000000008002e56       0x12 ./Drivers/STM32L1xx_HAL_Driver/Src/stm32l1xx_hal_uart.o
                0x0000000008002e56                HAL_UART_ErrorCallback
 .text.HAL_UARTEx_RxEventCallback
                0x0000000008002e68       0x16 ./Drivers/STM32L1xx_HAL_Driver/Src/stm32l1xx_hal_uart.o
                0x0000000008002e68                HAL_UARTEx_RxEventCallback
 .text.UART_WaitOnFlagUntilTimeout
                0x0000000008002e7e       0xdc ./Drivers/STM32L1xx_HAL_Driver/Src/stm32l1xx_hal_uart.o
 .text.UART_Start_Receive_IT
                0x0000000008002f5a       0x72 ./Drivers/STM32L1xx_HAL_Driver/Src/stm32l1xx_hal_uart.o
                0x0000000008002f5a                UART_Start_Receive_IT
 .text.UART_EndRxTransfer
                0x0000000008002fcc       0xc4 ./Drivers/STM32L1xx_HAL_Driver/Src/stm32l1xx_hal_uart.o
 .text.UART_DMAAbortOnError
                0x0000000008003090       0x28 ./Drivers/STM32L1xx_HAL_Driver/Src/stm32l1xx_hal_uart.o
 .text.UART_Transmit_IT
                0x00000000080030b8       0x9e ./Drivers/STM32L1xx_HAL_Driver/Src/stm32l1xx_hal_uart.o
 .text.UART_EndTransmit_IT
                0x0000000008003156       0x30 ./Drivers/STM32L1xx_HAL_Driver/Src/stm32l1xx_hal_uart.o
 .text.UART_Receive_IT
                0x0000000008003186      0x17c ./Drivers/STM32L1xx_HAL_Driver/Src/stm32l1xx_hal_uart.o
 *fill*         0x0000000008003302        0x2 
 .text.UART_SetConfig
                0x0000000008003304      0x1c8 ./Drivers/STM32L1xx_HAL_Driver/Src/stm32l1xx_hal_uart.o
 .text.Raido_Init
                0x00000000080034cc       0xd0 ./SX1262 drivers/SX1262_MX_Process.o
                0x00000000080034cc                Raido_Init
 .text.MX_Send_Receive
                0x000000000800359c      0x388 ./SX1262 drivers/SX1262_MX_Process.o
                0x000000000800359c                MX_Send_Receive
 .text.OnTxDone
                0x0000000008003924       0x40 ./SX1262 drivers/SX1262_MX_Process.o
                0x0000000008003924                OnTxDone
 .text.OnRxDone
                0x0000000008003964      0x320 ./SX1262 drivers/SX1262_MX_Process.o
                0x0000000008003964                OnRxDone
 .text.OnTxTimeout
                0x0000000008003c84       0x1c ./SX1262 drivers/SX1262_MX_Process.o
                0x0000000008003c84                OnTxTimeout
 .text.OnRxTimeout
                0x0000000008003ca0       0x1c ./SX1262 drivers/SX1262_MX_Process.o
                0x0000000008003ca0                OnRxTimeout
 .text.OnRxError
                0x0000000008003cbc       0x1c ./SX1262 drivers/SX1262_MX_Process.o
                0x0000000008003cbc                OnRxError
 .text.Print_Radio_RX_Data
                0x0000000008003cd8      0x188 ./SX1262 drivers/SX1262_MX_Process.o
                0x0000000008003cd8                Print_Radio_RX_Data
 .text.Calculate_Parity
                0x0000000008003e60       0x3c ./SX1262 drivers/SX1262_MX_Process.o
                0x0000000008003e60                Calculate_Parity
 .text.Check_ReceivedData_Error
                0x0000000008003e9c       0x90 ./SX1262 drivers/SX1262_MX_Process.o
                0x0000000008003e9c                Check_ReceivedData_Error
 .text.findBitIndices
                0x0000000008003f2c       0x90 ./SX1262 drivers/SX1262_MX_Process.o
                0x0000000008003f2c                findBitIndices
 .text.FreIDs_To_Radio
                0x0000000008003fbc      0x148 ./SX1262 drivers/SX1262_MX_Process.o
                0x0000000008003fbc                FreIDs_To_Radio
 .text.Time_Calibration_Check
                0x0000000008004104      0x130 ./SX1262 drivers/SX1262_MX_Process.o
                0x0000000008004104                Time_Calibration_Check
 .text.Sensor_Node_Local_time
                0x0000000008004234       0x90 ./SX1262 drivers/SX1262_MX_Process.o
                0x0000000008004234                Sensor_Node_Local_time
 .text.UART_Sync_Check
                0x00000000080042c4      0x108 ./SX1262 drivers/SX1262_MX_Process.o
                0x00000000080042c4                UART_Sync_Check
 .text.FrequencyIDs_From_UART
                0x00000000080043cc      0x1f0 ./SX1262 drivers/SX1262_MX_Process.o
                0x00000000080043cc                FrequencyIDs_From_UART
 .text.DateTime_UART_To_Radio_Format
                0x00000000080045bc      0x164 ./SX1262 drivers/SX1262_MX_Process.o
                0x00000000080045bc                DateTime_UART_To_Radio_Format
 .text.Radio_Test_Data_Format
                0x0000000008004720       0xd4 ./SX1262 drivers/SX1262_MX_Process.o
                0x0000000008004720                Radio_Test_Data_Format
 .text.Get_RandnumtoRadio
                0x00000000080047f4       0x40 ./SX1262 drivers/SX1262_MX_Process.o
                0x00000000080047f4                Get_RandnumtoRadio
 .text.Get_TimetoRadio
                0x0000000008004834       0x48 ./SX1262 drivers/SX1262_MX_Process.o
                0x0000000008004834                Get_TimetoRadio
 .text.Wait_UART_Start
                0x000000000800487c       0x3c ./SX1262 drivers/SX1262_MX_Process.o
                0x000000000800487c                Wait_UART_Start
 .text.SX126xIoTcxoInit
                0x00000000080048b8        0xc ./SX1262 drivers/sx126x-board.o
                0x00000000080048b8                SX126xIoTcxoInit
 .text.SX126xGetBoardTcxoWakeupTime
                0x00000000080048c4        0xe ./SX1262 drivers/sx126x-board.o
                0x00000000080048c4                SX126xGetBoardTcxoWakeupTime
 .text.SX126xIoRfSwitchInit
                0x00000000080048d2        0xe ./SX1262 drivers/sx126x-board.o
                0x00000000080048d2                SX126xIoRfSwitchInit
 .text.SX126xGetOperatingMode
                0x00000000080048e0       0x14 ./SX1262 drivers/sx126x-board.o
                0x00000000080048e0                SX126xGetOperatingMode
 .text.SX126xSetOperatingMode
                0x00000000080048f4       0x20 ./SX1262 drivers/sx126x-board.o
                0x00000000080048f4                SX126xSetOperatingMode
 .text.SX126xReset
                0x0000000008004914       0x2c ./SX1262 drivers/sx126x-board.o
                0x0000000008004914                SX126xReset
 .text.SX126xWaitOnBusy
                0x0000000008004940       0x20 ./SX1262 drivers/sx126x-board.o
                0x0000000008004940                SX126xWaitOnBusy
 .text.SX126xWakeup
                0x0000000008004960       0x3c ./SX1262 drivers/sx126x-board.o
                0x0000000008004960                SX126xWakeup
 .text.SX126xWriteCommand
                0x000000000800499c       0x64 ./SX1262 drivers/sx126x-board.o
                0x000000000800499c                SX126xWriteCommand
 .text.SX126xReadCommand
                0x0000000008004a00       0x74 ./SX1262 drivers/sx126x-board.o
                0x0000000008004a00                SX126xReadCommand
 .text.SX126xWriteRegisters
                0x0000000008004a74       0x7c ./SX1262 drivers/sx126x-board.o
                0x0000000008004a74                SX126xWriteRegisters
 .text.SX126xWriteRegister
                0x0000000008004af0       0x24 ./SX1262 drivers/sx126x-board.o
                0x0000000008004af0                SX126xWriteRegister
 .text.SX126xReadRegisters
                0x0000000008004b14       0x80 ./SX1262 drivers/sx126x-board.o
                0x0000000008004b14                SX126xReadRegisters
 .text.SX126xReadRegister
                0x0000000008004b94       0x22 ./SX1262 drivers/sx126x-board.o
                0x0000000008004b94                SX126xReadRegister
 *fill*         0x0000000008004bb6        0x2 
 .text.SX126xWriteBuffer
                0x0000000008004bb8       0x6c ./SX1262 drivers/sx126x-board.o
                0x0000000008004bb8                SX126xWriteBuffer
 .text.SX126xReadBuffer
                0x0000000008004c24       0x74 ./SX1262 drivers/sx126x-board.o
                0x0000000008004c24                SX126xReadBuffer
 .text.SX126xSetRfTxPower
                0x0000000008004c98       0x1e ./SX1262 drivers/sx126x-board.o
                0x0000000008004c98                SX126xSetRfTxPower
 *fill*         0x0000000008004cb6        0x2 
 .text.SX126xGetDeviceId
                0x0000000008004cb8       0x20 ./SX1262 drivers/sx126x-board.o
                0x0000000008004cb8                SX126xGetDeviceId
 .text.SX126xAntSwOn
                0x0000000008004cd8       0x18 ./SX1262 drivers/sx126x-board.o
                0x0000000008004cd8                SX126xAntSwOn
 .text.SX126xAntSwOff
                0x0000000008004cf0       0x18 ./SX1262 drivers/sx126x-board.o
                0x0000000008004cf0                SX126xAntSwOff
 .text.DelayMs  0x0000000008004d08       0x16 ./SX1262 drivers/hw/board_gpio.o
                0x0000000008004d08                DelayMs
 .text.GpioWrite
                0x0000000008004d1e       0x24 ./SX1262 drivers/hw/board_gpio.o
                0x0000000008004d1e                GpioWrite
 .text.GpioRead
                0x0000000008004d42       0x20 ./SX1262 drivers/hw/board_gpio.o
                0x0000000008004d42                GpioRead
 .text.HAL_GPIO_EXTI_Callback
                0x0000000008004d62       0x16 ./SX1262 drivers/hw/board_gpio.o
                0x0000000008004d62                HAL_GPIO_EXTI_Callback
 .text.Sx126x_SpiInOut
                0x0000000008004d78       0x8c ./SX1262 drivers/hw/board_spi.o
                0x0000000008004d78                Sx126x_SpiInOut
 .text.__io_putchar
                0x0000000008004e04       0x24 ./SX1262 drivers/hw/board_usart.o
                0x0000000008004e04                __io_putchar
 .text.HAL_UART_RxCpltCallback
                0x0000000008004e28       0x9c ./SX1262 drivers/hw/board_usart.o
                0x0000000008004e28                HAL_UART_RxCpltCallback
 .text.UART_Start_Receive
                0x0000000008004ec4       0x1c ./SX1262 drivers/hw/board_usart.o
                0x0000000008004ec4                UART_Start_Receive
 .text.Get_Received_Line
                0x0000000008004ee0       0x3c ./SX1262 drivers/hw/board_usart.o
                0x0000000008004ee0                Get_Received_Line
 .text.RadioGetFskBandwidthRegValue
                0x0000000008004f1c       0x60 ./SX1262 drivers/sx126x/radio.o
 .text.RadioInit
                0x0000000008004f7c       0x64 ./SX1262 drivers/sx126x/radio.o
                0x0000000008004f7c                RadioInit
 .text.RadioGetStatus
                0x0000000008004fe0       0x2e ./SX1262 drivers/sx126x/radio.o
                0x0000000008004fe0                RadioGetStatus
 *fill*         0x000000000800500e        0x2 
 .text.RadioSetModem
                0x0000000008005010       0x50 ./SX1262 drivers/sx126x/radio.o
                0x0000000008005010                RadioSetModem
 .text.RadioSetChannel
                0x0000000008005060       0x16 ./SX1262 drivers/sx126x/radio.o
                0x0000000008005060                RadioSetChannel
 .text.RadioIsChannelFree
                0x0000000008005076       0x70 ./SX1262 drivers/sx126x/radio.o
                0x0000000008005076                RadioIsChannelFree
 .text.RadioRandom
                0x00000000080050e6       0x2c ./SX1262 drivers/sx126x/radio.o
                0x00000000080050e6                RadioRandom
 *fill*         0x0000000008005112        0x2 
 .text.RadioSetRxConfig
                0x0000000008005114      0x280 ./SX1262 drivers/sx126x/radio.o
                0x0000000008005114                RadioSetRxConfig
 .text.RadioSetTxConfig
                0x0000000008005394      0x234 ./SX1262 drivers/sx126x/radio.o
                0x0000000008005394                RadioSetTxConfig
 .text.RadioCheckRfFrequency
                0x00000000080055c8       0x14 ./SX1262 drivers/sx126x/radio.o
                0x00000000080055c8                RadioCheckRfFrequency
 .text.RadioGetLoRaBandwidthInHz
                0x00000000080055dc       0xac ./SX1262 drivers/sx126x/radio.o
 .text.RadioGetGfskTimeOnAirNumerator
                0x0000000008005688       0x6c ./SX1262 drivers/sx126x/radio.o
 .text.RadioGetLoRaTimeOnAirNumerator
                0x00000000080056f4      0x102 ./SX1262 drivers/sx126x/radio.o
 *fill*         0x00000000080057f6        0x2 
 .text.RadioTimeOnAir
                0x00000000080057f8       0xb0 ./SX1262 drivers/sx126x/radio.o
                0x00000000080057f8                RadioTimeOnAir
 .text.RadioSend
                0x00000000080058a8       0x54 ./SX1262 drivers/sx126x/radio.o
                0x00000000080058a8                RadioSend
 .text.RadioSleep
                0x00000000080058fc       0x26 ./SX1262 drivers/sx126x/radio.o
                0x00000000080058fc                RadioSleep
 .text.RadioStandby
                0x0000000008005922        0xe ./SX1262 drivers/sx126x/radio.o
                0x0000000008005922                RadioStandby
 .text.RadioRx  0x0000000008005930       0x48 ./SX1262 drivers/sx126x/radio.o
                0x0000000008005930                RadioRx
 .text.RadioRxBoosted
                0x0000000008005978       0x48 ./SX1262 drivers/sx126x/radio.o
                0x0000000008005978                RadioRxBoosted
 .text.RadioSetRxDutyCycle
                0x00000000080059c0       0x1a ./SX1262 drivers/sx126x/radio.o
                0x00000000080059c0                RadioSetRxDutyCycle
 .text.RadioAddRegisterToRetentionList
                0x00000000080059da       0xa8 ./SX1262 drivers/sx126x/radio.o
                0x00000000080059da                RadioAddRegisterToRetentionList
 .text.RadioStartCad
                0x0000000008005a82       0x1c ./SX1262 drivers/sx126x/radio.o
                0x0000000008005a82                RadioStartCad
 .text.RadioSetTxContinuousWave
                0x0000000008005a9e       0x2c ./SX1262 drivers/sx126x/radio.o
                0x0000000008005a9e                RadioSetTxContinuousWave
 .text.RadioRssi
                0x0000000008005aca       0x1a ./SX1262 drivers/sx126x/radio.o
                0x0000000008005aca                RadioRssi
 .text.RadioWrite
                0x0000000008005ae4       0x22 ./SX1262 drivers/sx126x/radio.o
                0x0000000008005ae4                RadioWrite
 .text.RadioRead
                0x0000000008005b06       0x1c ./SX1262 drivers/sx126x/radio.o
                0x0000000008005b06                RadioRead
 .text.RadioWriteBuffer
                0x0000000008005b22       0x26 ./SX1262 drivers/sx126x/radio.o
                0x0000000008005b22                RadioWriteBuffer
 .text.RadioReadBuffer
                0x0000000008005b48       0x26 ./SX1262 drivers/sx126x/radio.o
                0x0000000008005b48                RadioReadBuffer
 *fill*         0x0000000008005b6e        0x2 
 .text.RadioSetMaxPayloadLength
                0x0000000008005b70       0x58 ./SX1262 drivers/sx126x/radio.o
                0x0000000008005b70                RadioSetMaxPayloadLength
 .text.RadioSetPublicNetwork
                0x0000000008005bc8       0x5c ./SX1262 drivers/sx126x/radio.o
                0x0000000008005bc8                RadioSetPublicNetwork
 .text.RadioGetWakeupTime
                0x0000000008005c24       0x10 ./SX1262 drivers/sx126x/radio.o
                0x0000000008005c24                RadioGetWakeupTime
 .text.RadioOnDioIrq
                0x0000000008005c34       0x18 ./SX1262 drivers/sx126x/radio.o
                0x0000000008005c34                RadioOnDioIrq
 .text.RadioIrqProcess
                0x0000000008005c4c      0x1fc ./SX1262 drivers/sx126x/radio.o
                0x0000000008005c4c                RadioIrqProcess
 .text.SX126xInit
                0x0000000008005e48       0x30 ./SX1262 drivers/sx126x/sx126x.o
                0x0000000008005e48                SX126xInit
 .text.SX126xSetPayload
                0x0000000008005e78       0x20 ./SX1262 drivers/sx126x/sx126x.o
                0x0000000008005e78                SX126xSetPayload
 .text.SX126xGetPayload
                0x0000000008005e98       0x44 ./SX1262 drivers/sx126x/sx126x.o
                0x0000000008005e98                SX126xGetPayload
 .text.SX126xSendPayload
                0x0000000008005edc       0x26 ./SX1262 drivers/sx126x/sx126x.o
                0x0000000008005edc                SX126xSendPayload
 .text.SX126xSetSyncWord
                0x0000000008005f02       0x1e ./SX1262 drivers/sx126x/sx126x.o
                0x0000000008005f02                SX126xSetSyncWord
 .text.SX126xSetCrcSeed
                0x0000000008005f20       0x40 ./SX1262 drivers/sx126x/sx126x.o
                0x0000000008005f20                SX126xSetCrcSeed
 .text.SX126xSetCrcPolynomial
                0x0000000008005f60       0x40 ./SX1262 drivers/sx126x/sx126x.o
                0x0000000008005f60                SX126xSetCrcPolynomial
 .text.SX126xSetWhiteningSeed
                0x0000000008005fa0       0x66 ./SX1262 drivers/sx126x/sx126x.o
                0x0000000008005fa0                SX126xSetWhiteningSeed
 .text.SX126xGetRandom
                0x0000000008006006       0x8c ./SX1262 drivers/sx126x/sx126x.o
                0x0000000008006006                SX126xGetRandom
 *fill*         0x0000000008006092        0x2 
 .text.SX126xSetSleep
                0x0000000008006094       0x6c ./SX1262 drivers/sx126x/sx126x.o
                0x0000000008006094                SX126xSetSleep
 .text.SX126xSetStandby
                0x0000000008006100       0x32 ./SX1262 drivers/sx126x/sx126x.o
                0x0000000008006100                SX126xSetStandby
 .text.SX126xSetTx
                0x0000000008006132       0x3a ./SX1262 drivers/sx126x/sx126x.o
                0x0000000008006132                SX126xSetTx
 .text.SX126xSetRx
                0x000000000800616c       0x44 ./SX1262 drivers/sx126x/sx126x.o
                0x000000000800616c                SX126xSetRx
 .text.SX126xSetRxBoosted
                0x00000000080061b0       0x44 ./SX1262 drivers/sx126x/sx126x.o
                0x00000000080061b0                SX126xSetRxBoosted
 .text.SX126xSetRxDutyCycle
                0x00000000080061f4       0x52 ./SX1262 drivers/sx126x/sx126x.o
                0x00000000080061f4                SX126xSetRxDutyCycle
 .text.SX126xSetCad
                0x0000000008006246       0x18 ./SX1262 drivers/sx126x/sx126x.o
                0x0000000008006246                SX126xSetCad
 .text.SX126xSetTxContinuousWave
                0x000000000800625e       0x18 ./SX1262 drivers/sx126x/sx126x.o
                0x000000000800625e                SX126xSetTxContinuousWave
 .text.SX126xSetStopRxTimerOnPreambleDetect
                0x0000000008006276       0x1e ./SX1262 drivers/sx126x/sx126x.o
                0x0000000008006276                SX126xSetStopRxTimerOnPreambleDetect
 .text.SX126xSetLoRaSymbNumTimeout
                0x0000000008006294       0x7e ./SX1262 drivers/sx126x/sx126x.o
                0x0000000008006294                SX126xSetLoRaSymbNumTimeout
 .text.SX126xSetRegulatorMode
                0x0000000008006312       0x1e ./SX1262 drivers/sx126x/sx126x.o
                0x0000000008006312                SX126xSetRegulatorMode
 .text.SX126xCalibrateImage
                0x0000000008006330       0x8c ./SX1262 drivers/sx126x/sx126x.o
                0x0000000008006330                SX126xCalibrateImage
 .text.SX126xSetPaConfig
                0x00000000080063bc       0x44 ./SX1262 drivers/sx126x/sx126x.o
                0x00000000080063bc                SX126xSetPaConfig
 .text.SX126xSetDioIrqParams
                0x0000000008006400       0x74 ./SX1262 drivers/sx126x/sx126x.o
                0x0000000008006400                SX126xSetDioIrqParams
 .text.SX126xGetIrqStatus
                0x0000000008006474       0x2a ./SX1262 drivers/sx126x/sx126x.o
                0x0000000008006474                SX126xGetIrqStatus
 .text.SX126xSetDio2AsRfSwitchCtrl
                0x000000000800649e       0x1e ./SX1262 drivers/sx126x/sx126x.o
                0x000000000800649e                SX126xSetDio2AsRfSwitchCtrl
 .text.SX126xSetRfFrequency
                0x00000000080064bc       0x64 ./SX1262 drivers/sx126x/sx126x.o
                0x00000000080064bc                SX126xSetRfFrequency
 .text.SX126xSetPacketType
                0x0000000008006520       0x28 ./SX1262 drivers/sx126x/sx126x.o
                0x0000000008006520                SX126xSetPacketType
 .text.SX126xGetPacketType
                0x0000000008006548       0x14 ./SX1262 drivers/sx126x/sx126x.o
                0x0000000008006548                SX126xGetPacketType
 .text.SX126xSetTxParams
                0x000000000800655c       0xba ./SX1262 drivers/sx126x/sx126x.o
                0x000000000800655c                SX126xSetTxParams
 *fill*         0x0000000008006616        0x2 
 .text.SX126xSetModulationParams
                0x0000000008006618       0xe4 ./SX1262 drivers/sx126x/sx126x.o
                0x0000000008006618                SX126xSetModulationParams
 .text.SX126xSetPacketParams
                0x00000000080066fc      0x11c ./SX1262 drivers/sx126x/sx126x.o
                0x00000000080066fc                SX126xSetPacketParams
 .text.SX126xSetBufferBaseAddress
                0x0000000008006818       0x2e ./SX1262 drivers/sx126x/sx126x.o
                0x0000000008006818                SX126xSetBufferBaseAddress
 .text.SX126xGetRssiInst
                0x0000000008006846       0x2a ./SX1262 drivers/sx126x/sx126x.o
                0x0000000008006846                SX126xGetRssiInst
 .text.SX126xGetRxBufferStatus
                0x0000000008006870       0x58 ./SX1262 drivers/sx126x/sx126x.o
                0x0000000008006870                SX126xGetRxBufferStatus
 .text.SX126xGetPacketStatus
                0x00000000080068c8       0xa4 ./SX1262 drivers/sx126x/sx126x.o
                0x00000000080068c8                SX126xGetPacketStatus
 .text.SX126xClearIrqStatus
                0x000000000800696c       0x30 ./SX1262 drivers/sx126x/sx126x.o
                0x000000000800696c                SX126xClearIrqStatus
 .text.SX126xConvertFreqInHzToPllStep
                0x000000000800699c       0x4c ./SX1262 drivers/sx126x/sx126x.o
 .text.__errno  0x00000000080069e8        0xc d:/st software/cubeide/stm32cubeide_1.12.1/stm32cubeide/plugins/com.st.stm32cube.ide.mcu.externaltools.gnu-tools-for-stm32.10.3-2021.10.win32_1.0.200.202301161003/tools/bin/../lib/gcc/arm-none-eabi/10.3.1/../../../../arm-none-eabi/lib/thumb/v7-m/nofp\libc_nano.a(lib_a-errno.o)
                0x00000000080069e8                __errno
 .text.__libc_init_array
                0x00000000080069f4       0x48 d:/st software/cubeide/stm32cubeide_1.12.1/stm32cubeide/plugins/com.st.stm32cube.ide.mcu.externaltools.gnu-tools-for-stm32.10.3-2021.10.win32_1.0.200.202301161003/tools/bin/../lib/gcc/arm-none-eabi/10.3.1/../../../../arm-none-eabi/lib/thumb/v7-m/nofp\libc_nano.a(lib_a-init.o)
                0x00000000080069f4                __libc_init_array
 .text.memcpy   0x0000000008006a3c       0x1c d:/st software/cubeide/stm32cubeide_1.12.1/stm32cubeide/plugins/com.st.stm32cube.ide.mcu.externaltools.gnu-tools-for-stm32.10.3-2021.10.win32_1.0.200.202301161003/tools/bin/../lib/gcc/arm-none-eabi/10.3.1/../../../../arm-none-eabi/lib/thumb/v7-m/nofp\libc_nano.a(lib_a-memcpy-stub.o)
                0x0000000008006a3c                memcpy
 .text.memset   0x0000000008006a58       0x10 d:/st software/cubeide/stm32cubeide_1.12.1/stm32cubeide/plugins/com.st.stm32cube.ide.mcu.externaltools.gnu-tools-for-stm32.10.3-2021.10.win32_1.0.200.202301161003/tools/bin/../lib/gcc/arm-none-eabi/10.3.1/../../../../arm-none-eabi/lib/thumb/v7-m/nofp\libc_nano.a(lib_a-memset.o)
                0x0000000008006a58                memset
 .text.__cvt    0x0000000008006a68       0xbe d:/st software/cubeide/stm32cubeide_1.12.1/stm32cubeide/plugins/com.st.stm32cube.ide.mcu.externaltools.gnu-tools-for-stm32.10.3-2021.10.win32_1.0.200.202301161003/tools/bin/../lib/gcc/arm-none-eabi/10.3.1/../../../../arm-none-eabi/lib/thumb/v7-m/nofp\libc_nano.a(lib_a-nano-vfprintf_float.o)
                0x0000000008006a68                __cvt
 .text.__exponent
                0x0000000008006b26       0x7c d:/st software/cubeide/stm32cubeide_1.12.1/stm32cubeide/plugins/com.st.stm32cube.ide.mcu.externaltools.gnu-tools-for-stm32.10.3-2021.10.win32_1.0.200.202301161003/tools/bin/../lib/gcc/arm-none-eabi/10.3.1/../../../../arm-none-eabi/lib/thumb/v7-m/nofp\libc_nano.a(lib_a-nano-vfprintf_float.o)
                0x0000000008006b26                __exponent
 *fill*         0x0000000008006ba2        0x2 
 .text._printf_float
                0x0000000008006ba4      0x458 d:/st software/cubeide/stm32cubeide_1.12.1/stm32cubeide/plugins/com.st.stm32cube.ide.mcu.externaltools.gnu-tools-for-stm32.10.3-2021.10.win32_1.0.200.202301161003/tools/bin/../lib/gcc/arm-none-eabi/10.3.1/../../../../arm-none-eabi/lib/thumb/v7-m/nofp\libc_nano.a(lib_a-nano-vfprintf_float.o)
                0x0000000008006ba4                _printf_float
 .text._printf_common
                0x0000000008006ffc       0xde d:/st software/cubeide/stm32cubeide_1.12.1/stm32cubeide/plugins/com.st.stm32cube.ide.mcu.externaltools.gnu-tools-for-stm32.10.3-2021.10.win32_1.0.200.202301161003/tools/bin/../lib/gcc/arm-none-eabi/10.3.1/../../../../arm-none-eabi/lib/thumb/v7-m/nofp\libc_nano.a(lib_a-nano-vfprintf_i.o)
                0x0000000008006ffc                _printf_common
 *fill*         0x00000000080070da        0x2 
 .text._printf_i
                0x00000000080070dc      0x24c d:/st software/cubeide/stm32cubeide_1.12.1/stm32cubeide/plugins/com.st.stm32cube.ide.mcu.externaltools.gnu-tools-for-stm32.10.3-2021.10.win32_1.0.200.202301161003/tools/bin/../lib/gcc/arm-none-eabi/10.3.1/../../../../arm-none-eabi/lib/thumb/v7-m/nofp\libc_nano.a(lib_a-nano-vfprintf_i.o)
                0x00000000080070dc                _printf_i
 .text.printf   0x0000000008007328       0x30 d:/st software/cubeide/stm32cubeide_1.12.1/stm32cubeide/plugins/com.st.stm32cube.ide.mcu.externaltools.gnu-tools-for-stm32.10.3-2021.10.win32_1.0.200.202301161003/tools/bin/../lib/gcc/arm-none-eabi/10.3.1/../../../../arm-none-eabi/lib/thumb/v7-m/nofp\libc_nano.a(lib_a-printf.o)
                0x0000000008007328                iprintf
                0x0000000008007328                printf
 .text._puts_r  0x0000000008007358       0xdc d:/st software/cubeide/stm32cubeide_1.12.1/stm32cubeide/plugins/com.st.stm32cube.ide.mcu.externaltools.gnu-tools-for-stm32.10.3-2021.10.win32_1.0.200.202301161003/tools/bin/../lib/gcc/arm-none-eabi/10.3.1/../../../../arm-none-eabi/lib/thumb/v7-m/nofp\libc_nano.a(lib_a-puts.o)
                0x0000000008007358                _puts_r
 .text.puts     0x0000000008007434       0x10 d:/st software/cubeide/stm32cubeide_1.12.1/stm32cubeide/plugins/com.st.stm32cube.ide.mcu.externaltools.gnu-tools-for-stm32.10.3-2021.10.win32_1.0.200.202301161003/tools/bin/../lib/gcc/arm-none-eabi/10.3.1/../../../../arm-none-eabi/lib/thumb/v7-m/nofp\libc_nano.a(lib_a-puts.o)
                0x0000000008007434                puts
 .text.sprintf  0x0000000008007444       0x40 d:/st software/cubeide/stm32cubeide_1.12.1/stm32cubeide/plugins/com.st.stm32cube.ide.mcu.externaltools.gnu-tools-for-stm32.10.3-2021.10.win32_1.0.200.202301161003/tools/bin/../lib/gcc/arm-none-eabi/10.3.1/../../../../arm-none-eabi/lib/thumb/v7-m/nofp\libc_nano.a(lib_a-sprintf.o)
                0x0000000008007444                siprintf
                0x0000000008007444                sprintf
 .text.strncpy  0x0000000008007484       0x26 d:/st software/cubeide/stm32cubeide_1.12.1/stm32cubeide/plugins/com.st.stm32cube.ide.mcu.externaltools.gnu-tools-for-stm32.10.3-2021.10.win32_1.0.200.202301161003/tools/bin/../lib/gcc/arm-none-eabi/10.3.1/../../../../arm-none-eabi/lib/thumb/v7-m/nofp\libc_nano.a(lib_a-strncpy.o)
                0x0000000008007484                strncpy
 *fill*         0x00000000080074aa        0x2 
 .text.__swbuf_r
                0x00000000080074ac       0xa4 d:/st software/cubeide/stm32cubeide_1.12.1/stm32cubeide/plugins/com.st.stm32cube.ide.mcu.externaltools.gnu-tools-for-stm32.10.3-2021.10.win32_1.0.200.202301161003/tools/bin/../lib/gcc/arm-none-eabi/10.3.1/../../../../arm-none-eabi/lib/thumb/v7-m/nofp\libc_nano.a(lib_a-wbuf.o)
                0x00000000080074ac                __swbuf_r
 .text.__swsetup_r
                0x0000000008007550       0xdc d:/st software/cubeide/stm32cubeide_1.12.1/stm32cubeide/plugins/com.st.stm32cube.ide.mcu.externaltools.gnu-tools-for-stm32.10.3-2021.10.win32_1.0.200.202301161003/tools/bin/../lib/gcc/arm-none-eabi/10.3.1/../../../../arm-none-eabi/lib/thumb/v7-m/nofp\libc_nano.a(lib_a-wsetup.o)
                0x0000000008007550                __swsetup_r
 .text.quorem   0x000000000800762c      0x118 d:/st software/cubeide/stm32cubeide_1.12.1/stm32cubeide/plugins/com.st.stm32cube.ide.mcu.externaltools.gnu-tools-for-stm32.10.3-2021.10.win32_1.0.200.202301161003/tools/bin/../lib/gcc/arm-none-eabi/10.3.1/../../../../arm-none-eabi/lib/thumb/v7-m/nofp\libc_nano.a(lib_a-dtoa.o)
 *fill*         0x0000000008007744        0x4 
 .text._dtoa_r  0x0000000008007748      0xbdc d:/st software/cubeide/stm32cubeide_1.12.1/stm32cubeide/plugins/com.st.stm32cube.ide.mcu.externaltools.gnu-tools-for-stm32.10.3-2021.10.win32_1.0.200.202301161003/tools/bin/../lib/gcc/arm-none-eabi/10.3.1/../../../../arm-none-eabi/lib/thumb/v7-m/nofp\libc_nano.a(lib_a-dtoa.o)
                0x0000000008007748                _dtoa_r
 .text.__sflush_r
                0x0000000008008324      0x104 d:/st software/cubeide/stm32cubeide_1.12.1/stm32cubeide/plugins/com.st.stm32cube.ide.mcu.externaltools.gnu-tools-for-stm32.10.3-2021.10.win32_1.0.200.202301161003/tools/bin/../lib/gcc/arm-none-eabi/10.3.1/../../../../arm-none-eabi/lib/thumb/v7-m/nofp\libc_nano.a(lib_a-fflush.o)
                0x0000000008008324                __sflush_r
 .text._fflush_r
                0x0000000008008428       0x78 d:/st software/cubeide/stm32cubeide_1.12.1/stm32cubeide/plugins/com.st.stm32cube.ide.mcu.externaltools.gnu-tools-for-stm32.10.3-2021.10.win32_1.0.200.202301161003/tools/bin/../lib/gcc/arm-none-eabi/10.3.1/../../../../arm-none-eabi/lib/thumb/v7-m/nofp\libc_nano.a(lib_a-fflush.o)
                0x0000000008008428                _fflush_r
 .text.std      0x00000000080084a0       0x48 d:/st software/cubeide/stm32cubeide_1.12.1/stm32cubeide/plugins/com.st.stm32cube.ide.mcu.externaltools.gnu-tools-for-stm32.10.3-2021.10.win32_1.0.200.202301161003/tools/bin/../lib/gcc/arm-none-eabi/10.3.1/../../../../arm-none-eabi/lib/thumb/v7-m/nofp\libc_nano.a(lib_a-findfp.o)
 .text._cleanup_r
                0x00000000080084e8        0xc d:/st software/cubeide/stm32cubeide_1.12.1/stm32cubeide/plugins/com.st.stm32cube.ide.mcu.externaltools.gnu-tools-for-stm32.10.3-2021.10.win32_1.0.200.202301161003/tools/bin/../lib/gcc/arm-none-eabi/10.3.1/../../../../arm-none-eabi/lib/thumb/v7-m/nofp\libc_nano.a(lib_a-findfp.o)
                0x00000000080084e8                _cleanup_r
 .text.__sfmoreglue
                0x00000000080084f4       0x2c d:/st software/cubeide/stm32cubeide_1.12.1/stm32cubeide/plugins/com.st.stm32cube.ide.mcu.externaltools.gnu-tools-for-stm32.10.3-2021.10.win32_1.0.200.202301161003/tools/bin/../lib/gcc/arm-none-eabi/10.3.1/../../../../arm-none-eabi/lib/thumb/v7-m/nofp\libc_nano.a(lib_a-findfp.o)
                0x00000000080084f4                __sfmoreglue
 .text.__sfp_lock_acquire
                0x0000000008008520        0xc d:/st software/cubeide/stm32cubeide_1.12.1/stm32cubeide/plugins/com.st.stm32cube.ide.mcu.externaltools.gnu-tools-for-stm32.10.3-2021.10.win32_1.0.200.202301161003/tools/bin/../lib/gcc/arm-none-eabi/10.3.1/../../../../arm-none-eabi/lib/thumb/v7-m/nofp\libc_nano.a(lib_a-findfp.o)
                0x0000000008008520                __sfp_lock_acquire
 .text.__sfp_lock_release
                0x000000000800852c        0xc d:/st software/cubeide/stm32cubeide_1.12.1/stm32cubeide/plugins/com.st.stm32cube.ide.mcu.externaltools.gnu-tools-for-stm32.10.3-2021.10.win32_1.0.200.202301161003/tools/bin/../lib/gcc/arm-none-eabi/10.3.1/../../../../arm-none-eabi/lib/thumb/v7-m/nofp\libc_nano.a(lib_a-findfp.o)
                0x000000000800852c                __sfp_lock_release
 .text.__sinit_lock_acquire
                0x0000000008008538        0xc d:/st software/cubeide/stm32cubeide_1.12.1/stm32cubeide/plugins/com.st.stm32cube.ide.mcu.externaltools.gnu-tools-for-stm32.10.3-2021.10.win32_1.0.200.202301161003/tools/bin/../lib/gcc/arm-none-eabi/10.3.1/../../../../arm-none-eabi/lib/thumb/v7-m/nofp\libc_nano.a(lib_a-findfp.o)
                0x0000000008008538                __sinit_lock_acquire
 .text.__sinit_lock_release
                0x0000000008008544        0xc d:/st software/cubeide/stm32cubeide_1.12.1/stm32cubeide/plugins/com.st.stm32cube.ide.mcu.externaltools.gnu-tools-for-stm32.10.3-2021.10.win32_1.0.200.202301161003/tools/bin/../lib/gcc/arm-none-eabi/10.3.1/../../../../arm-none-eabi/lib/thumb/v7-m/nofp\libc_nano.a(lib_a-findfp.o)
                0x0000000008008544                __sinit_lock_release
 .text.__sinit  0x0000000008008550       0x70 d:/st software/cubeide/stm32cubeide_1.12.1/stm32cubeide/plugins/com.st.stm32cube.ide.mcu.externaltools.gnu-tools-for-stm32.10.3-2021.10.win32_1.0.200.202301161003/tools/bin/../lib/gcc/arm-none-eabi/10.3.1/../../../../arm-none-eabi/lib/thumb/v7-m/nofp\libc_nano.a(lib_a-findfp.o)
                0x0000000008008550                __sinit
 .text.__sfp    0x00000000080085c0       0x8c d:/st software/cubeide/stm32cubeide_1.12.1/stm32cubeide/plugins/com.st.stm32cube.ide.mcu.externaltools.gnu-tools-for-stm32.10.3-2021.10.win32_1.0.200.202301161003/tools/bin/../lib/gcc/arm-none-eabi/10.3.1/../../../../arm-none-eabi/lib/thumb/v7-m/nofp\libc_nano.a(lib_a-findfp.o)
                0x00000000080085c0                __sfp
 .text._fwalk_reent
                0x000000000800864c       0x3e d:/st software/cubeide/stm32cubeide_1.12.1/stm32cubeide/plugins/com.st.stm32cube.ide.mcu.externaltools.gnu-tools-for-stm32.10.3-2021.10.win32_1.0.200.202301161003/tools/bin/../lib/gcc/arm-none-eabi/10.3.1/../../../../arm-none-eabi/lib/thumb/v7-m/nofp\libc_nano.a(lib_a-fwalk.o)
                0x000000000800864c                _fwalk_reent
 *fill*         0x000000000800868a        0x2 
 .text._localeconv_r
                0x000000000800868c        0x8 d:/st software/cubeide/stm32cubeide_1.12.1/stm32cubeide/plugins/com.st.stm32cube.ide.mcu.externaltools.gnu-tools-for-stm32.10.3-2021.10.win32_1.0.200.202301161003/tools/bin/../lib/gcc/arm-none-eabi/10.3.1/../../../../arm-none-eabi/lib/thumb/v7-m/nofp\libc_nano.a(lib_a-localeconv.o)
                0x000000000800868c                _localeconv_r
 .text.__retarget_lock_init_recursive
                0x0000000008008694        0x2 d:/st software/cubeide/stm32cubeide_1.12.1/stm32cubeide/plugins/com.st.stm32cube.ide.mcu.externaltools.gnu-tools-for-stm32.10.3-2021.10.win32_1.0.200.202301161003/tools/bin/../lib/gcc/arm-none-eabi/10.3.1/../../../../arm-none-eabi/lib/thumb/v7-m/nofp\libc_nano.a(lib_a-lock.o)
                0x0000000008008694                __retarget_lock_init_recursive
 .text.__retarget_lock_acquire_recursive
                0x0000000008008696        0x2 d:/st software/cubeide/stm32cubeide_1.12.1/stm32cubeide/plugins/com.st.stm32cube.ide.mcu.externaltools.gnu-tools-for-stm32.10.3-2021.10.win32_1.0.200.202301161003/tools/bin/../lib/gcc/arm-none-eabi/10.3.1/../../../../arm-none-eabi/lib/thumb/v7-m/nofp\libc_nano.a(lib_a-lock.o)
                0x0000000008008696                __retarget_lock_acquire_recursive
 .text.__retarget_lock_release_recursive
                0x0000000008008698        0x2 d:/st software/cubeide/stm32cubeide_1.12.1/stm32cubeide/plugins/com.st.stm32cube.ide.mcu.externaltools.gnu-tools-for-stm32.10.3-2021.10.win32_1.0.200.202301161003/tools/bin/../lib/gcc/arm-none-eabi/10.3.1/../../../../arm-none-eabi/lib/thumb/v7-m/nofp\libc_nano.a(lib_a-lock.o)
                0x0000000008008698                __retarget_lock_release_recursive
 .text.__swhatbuf_r
                0x000000000800869a       0x4a d:/st software/cubeide/stm32cubeide_1.12.1/stm32cubeide/plugins/com.st.stm32cube.ide.mcu.externaltools.gnu-tools-for-stm32.10.3-2021.10.win32_1.0.200.202301161003/tools/bin/../lib/gcc/arm-none-eabi/10.3.1/../../../../arm-none-eabi/lib/thumb/v7-m/nofp\libc_nano.a(lib_a-makebuf.o)
                0x000000000800869a                __swhatbuf_r
 .text.__smakebuf_r
                0x00000000080086e4       0x80 d:/st software/cubeide/stm32cubeide_1.12.1/stm32cubeide/plugins/com.st.stm32cube.ide.mcu.externaltools.gnu-tools-for-stm32.10.3-2021.10.win32_1.0.200.202301161003/tools/bin/../lib/gcc/arm-none-eabi/10.3.1/../../../../arm-none-eabi/lib/thumb/v7-m/nofp\libc_nano.a(lib_a-makebuf.o)
                0x00000000080086e4                __smakebuf_r
 .text.malloc   0x0000000008008764       0x10 d:/st software/cubeide/stm32cubeide_1.12.1/stm32cubeide/plugins/com.st.stm32cube.ide.mcu.externaltools.gnu-tools-for-stm32.10.3-2021.10.win32_1.0.200.202301161003/tools/bin/../lib/gcc/arm-none-eabi/10.3.1/../../../../arm-none-eabi/lib/thumb/v7-m/nofp\libc_nano.a(lib_a-malloc.o)
                0x0000000008008764                malloc
 .text.memchr   0x0000000008008774       0x1c d:/st software/cubeide/stm32cubeide_1.12.1/stm32cubeide/plugins/com.st.stm32cube.ide.mcu.externaltools.gnu-tools-for-stm32.10.3-2021.10.win32_1.0.200.202301161003/tools/bin/../lib/gcc/arm-none-eabi/10.3.1/../../../../arm-none-eabi/lib/thumb/v7-m/nofp\libc_nano.a(lib_a-memchr-stub.o)
                0x0000000008008774                memchr
 .text._Balloc  0x0000000008008790       0x80 d:/st software/cubeide/stm32cubeide_1.12.1/stm32cubeide/plugins/com.st.stm32cube.ide.mcu.externaltools.gnu-tools-for-stm32.10.3-2021.10.win32_1.0.200.202301161003/tools/bin/../lib/gcc/arm-none-eabi/10.3.1/../../../../arm-none-eabi/lib/thumb/v7-m/nofp\libc_nano.a(lib_a-mprec.o)
                0x0000000008008790                _Balloc
 .text._Bfree   0x0000000008008810       0x44 d:/st software/cubeide/stm32cubeide_1.12.1/stm32cubeide/plugins/com.st.stm32cube.ide.mcu.externaltools.gnu-tools-for-stm32.10.3-2021.10.win32_1.0.200.202301161003/tools/bin/../lib/gcc/arm-none-eabi/10.3.1/../../../../arm-none-eabi/lib/thumb/v7-m/nofp\libc_nano.a(lib_a-mprec.o)
                0x0000000008008810                _Bfree
 .text.__multadd
                0x0000000008008854       0x8c d:/st software/cubeide/stm32cubeide_1.12.1/stm32cubeide/plugins/com.st.stm32cube.ide.mcu.externaltools.gnu-tools-for-stm32.10.3-2021.10.win32_1.0.200.202301161003/tools/bin/../lib/gcc/arm-none-eabi/10.3.1/../../../../arm-none-eabi/lib/thumb/v7-m/nofp\libc_nano.a(lib_a-mprec.o)
                0x0000000008008854                __multadd
 .text.__hi0bits
                0x00000000080088e0       0x40 d:/st software/cubeide/stm32cubeide_1.12.1/stm32cubeide/plugins/com.st.stm32cube.ide.mcu.externaltools.gnu-tools-for-stm32.10.3-2021.10.win32_1.0.200.202301161003/tools/bin/../lib/gcc/arm-none-eabi/10.3.1/../../../../arm-none-eabi/lib/thumb/v7-m/nofp\libc_nano.a(lib_a-mprec.o)
                0x00000000080088e0                __hi0bits
 .text.__lo0bits
                0x0000000008008920       0x5a d:/st software/cubeide/stm32cubeide_1.12.1/stm32cubeide/plugins/com.st.stm32cube.ide.mcu.externaltools.gnu-tools-for-stm32.10.3-2021.10.win32_1.0.200.202301161003/tools/bin/../lib/gcc/arm-none-eabi/10.3.1/../../../../arm-none-eabi/lib/thumb/v7-m/nofp\libc_nano.a(lib_a-mprec.o)
                0x0000000008008920                __lo0bits
 *fill*         0x000000000800897a        0x2 
 .text.__i2b    0x000000000800897c       0x2c d:/st software/cubeide/stm32cubeide_1.12.1/stm32cubeide/plugins/com.st.stm32cube.ide.mcu.externaltools.gnu-tools-for-stm32.10.3-2021.10.win32_1.0.200.202301161003/tools/bin/../lib/gcc/arm-none-eabi/10.3.1/../../../../arm-none-eabi/lib/thumb/v7-m/nofp\libc_nano.a(lib_a-mprec.o)
                0x000000000800897c                __i2b
 .text.__multiply
                0x00000000080089a8      0x150 d:/st software/cubeide/stm32cubeide_1.12.1/stm32cubeide/plugins/com.st.stm32cube.ide.mcu.externaltools.gnu-tools-for-stm32.10.3-2021.10.win32_1.0.200.202301161003/tools/bin/../lib/gcc/arm-none-eabi/10.3.1/../../../../arm-none-eabi/lib/thumb/v7-m/nofp\libc_nano.a(lib_a-mprec.o)
                0x00000000080089a8                __multiply
 .text.__pow5mult
                0x0000000008008af8       0xb4 d:/st software/cubeide/stm32cubeide_1.12.1/stm32cubeide/plugins/com.st.stm32cube.ide.mcu.externaltools.gnu-tools-for-stm32.10.3-2021.10.win32_1.0.200.202301161003/tools/bin/../lib/gcc/arm-none-eabi/10.3.1/../../../../arm-none-eabi/lib/thumb/v7-m/nofp\libc_nano.a(lib_a-mprec.o)
                0x0000000008008af8                __pow5mult
 .text.__lshift
                0x0000000008008bac       0xe0 d:/st software/cubeide/stm32cubeide_1.12.1/stm32cubeide/plugins/com.st.stm32cube.ide.mcu.externaltools.gnu-tools-for-stm32.10.3-2021.10.win32_1.0.200.202301161003/tools/bin/../lib/gcc/arm-none-eabi/10.3.1/../../../../arm-none-eabi/lib/thumb/v7-m/nofp\libc_nano.a(lib_a-mprec.o)
                0x0000000008008bac                __lshift
 .text.__mcmp   0x0000000008008c8c       0x36 d:/st software/cubeide/stm32cubeide_1.12.1/stm32cubeide/plugins/com.st.stm32cube.ide.mcu.externaltools.gnu-tools-for-stm32.10.3-2021.10.win32_1.0.200.202301161003/tools/bin/../lib/gcc/arm-none-eabi/10.3.1/../../../../arm-none-eabi/lib/thumb/v7-m/nofp\libc_nano.a(lib_a-mprec.o)
                0x0000000008008c8c                __mcmp
 *fill*         0x0000000008008cc2        0x2 
 .text.__mdiff  0x0000000008008cc4      0x118 d:/st software/cubeide/stm32cubeide_1.12.1/stm32cubeide/plugins/com.st.stm32cube.ide.mcu.externaltools.gnu-tools-for-stm32.10.3-2021.10.win32_1.0.200.202301161003/tools/bin/../lib/gcc/arm-none-eabi/10.3.1/../../../../arm-none-eabi/lib/thumb/v7-m/nofp\libc_nano.a(lib_a-mprec.o)
                0x0000000008008cc4                __mdiff
 .text.__d2b    0x0000000008008ddc       0xb8 d:/st software/cubeide/stm32cubeide_1.12.1/stm32cubeide/plugins/com.st.stm32cube.ide.mcu.externaltools.gnu-tools-for-stm32.10.3-2021.10.win32_1.0.200.202301161003/tools/bin/../lib/gcc/arm-none-eabi/10.3.1/../../../../arm-none-eabi/lib/thumb/v7-m/nofp\libc_nano.a(lib_a-mprec.o)
                0x0000000008008ddc                __d2b
 .text._calloc_r
                0x0000000008008e94       0x28 d:/st software/cubeide/stm32cubeide_1.12.1/stm32cubeide/plugins/com.st.stm32cube.ide.mcu.externaltools.gnu-tools-for-stm32.10.3-2021.10.win32_1.0.200.202301161003/tools/bin/../lib/gcc/arm-none-eabi/10.3.1/../../../../arm-none-eabi/lib/thumb/v7-m/nofp\libc_nano.a(lib_a-nano-callocr.o)
                0x0000000008008e94                _calloc_r
 .text._free_r  0x0000000008008ebc       0x90 d:/st software/cubeide/stm32cubeide_1.12.1/stm32cubeide/plugins/com.st.stm32cube.ide.mcu.externaltools.gnu-tools-for-stm32.10.3-2021.10.win32_1.0.200.202301161003/tools/bin/../lib/gcc/arm-none-eabi/10.3.1/../../../../arm-none-eabi/lib/thumb/v7-m/nofp\libc_nano.a(lib_a-nano-freer.o)
                0x0000000008008ebc                _free_r
 .text.sbrk_aligned
                0x0000000008008f4c       0x40 d:/st software/cubeide/stm32cubeide_1.12.1/stm32cubeide/plugins/com.st.stm32cube.ide.mcu.externaltools.gnu-tools-for-stm32.10.3-2021.10.win32_1.0.200.202301161003/tools/bin/../lib/gcc/arm-none-eabi/10.3.1/../../../../arm-none-eabi/lib/thumb/v7-m/nofp\libc_nano.a(lib_a-nano-mallocr.o)
 .text._malloc_r
                0x0000000008008f8c       0xe8 d:/st software/cubeide/stm32cubeide_1.12.1/stm32cubeide/plugins/com.st.stm32cube.ide.mcu.externaltools.gnu-tools-for-stm32.10.3-2021.10.win32_1.0.200.202301161003/tools/bin/../lib/gcc/arm-none-eabi/10.3.1/../../../../arm-none-eabi/lib/thumb/v7-m/nofp\libc_nano.a(lib_a-nano-mallocr.o)
                0x0000000008008f8c                _malloc_r
 .text.__ssputs_r
                0x0000000008009074       0xb6 d:/st software/cubeide/stm32cubeide_1.12.1/stm32cubeide/plugins/com.st.stm32cube.ide.mcu.externaltools.gnu-tools-for-stm32.10.3-2021.10.win32_1.0.200.202301161003/tools/bin/../lib/gcc/arm-none-eabi/10.3.1/../../../../arm-none-eabi/lib/thumb/v7-m/nofp\libc_nano.a(lib_a-nano-svfprintf.o)
                0x0000000008009074                __ssputs_r
 *fill*         0x000000000800912a        0x2 
 .text._svfprintf_r
                0x000000000800912c      0x200 d:/st software/cubeide/stm32cubeide_1.12.1/stm32cubeide/plugins/com.st.stm32cube.ide.mcu.externaltools.gnu-tools-for-stm32.10.3-2021.10.win32_1.0.200.202301161003/tools/bin/../lib/gcc/arm-none-eabi/10.3.1/../../../../arm-none-eabi/lib/thumb/v7-m/nofp\libc_nano.a(lib_a-nano-svfprintf.o)
                0x000000000800912c                _svfiprintf_r
                0x000000000800912c                _svfprintf_r
 .text.__sfputc_r
                0x000000000800932c       0x2a d:/st software/cubeide/stm32cubeide_1.12.1/stm32cubeide/plugins/com.st.stm32cube.ide.mcu.externaltools.gnu-tools-for-stm32.10.3-2021.10.win32_1.0.200.202301161003/tools/bin/../lib/gcc/arm-none-eabi/10.3.1/../../../../arm-none-eabi/lib/thumb/v7-m/nofp\libc_nano.a(lib_a-nano-vfprintf.o)
 .text.__sfputs_r
                0x0000000008009356       0x24 d:/st software/cubeide/stm32cubeide_1.12.1/stm32cubeide/plugins/com.st.stm32cube.ide.mcu.externaltools.gnu-tools-for-stm32.10.3-2021.10.win32_1.0.200.202301161003/tools/bin/../lib/gcc/arm-none-eabi/10.3.1/../../../../arm-none-eabi/lib/thumb/v7-m/nofp\libc_nano.a(lib_a-nano-vfprintf.o)
                0x0000000008009356                __sfputs_r
 *fill*         0x000000000800937a        0x2 
 .text._vfprintf_r
                0x000000000800937c      0x260 d:/st software/cubeide/stm32cubeide_1.12.1/stm32cubeide/plugins/com.st.stm32cube.ide.mcu.externaltools.gnu-tools-for-stm32.10.3-2021.10.win32_1.0.200.202301161003/tools/bin/../lib/gcc/arm-none-eabi/10.3.1/../../../../arm-none-eabi/lib/thumb/v7-m/nofp\libc_nano.a(lib_a-nano-vfprintf.o)
                0x000000000800937c                _vfprintf_r
                0x000000000800937c                _vfiprintf_r
 .text._sbrk_r  0x00000000080095dc       0x20 d:/st software/cubeide/stm32cubeide_1.12.1/stm32cubeide/plugins/com.st.stm32cube.ide.mcu.externaltools.gnu-tools-for-stm32.10.3-2021.10.win32_1.0.200.202301161003/tools/bin/../lib/gcc/arm-none-eabi/10.3.1/../../../../arm-none-eabi/lib/thumb/v7-m/nofp\libc_nano.a(lib_a-sbrkr.o)
                0x00000000080095dc                _sbrk_r
 .text.__sread  0x00000000080095fc       0x22 d:/st software/cubeide/stm32cubeide_1.12.1/stm32cubeide/plugins/com.st.stm32cube.ide.mcu.externaltools.gnu-tools-for-stm32.10.3-2021.10.win32_1.0.200.202301161003/tools/bin/../lib/gcc/arm-none-eabi/10.3.1/../../../../arm-none-eabi/lib/thumb/v7-m/nofp\libc_nano.a(lib_a-stdio.o)
                0x00000000080095fc                __sread
 .text.__swrite
                0x000000000800961e       0x38 d:/st software/cubeide/stm32cubeide_1.12.1/stm32cubeide/plugins/com.st.stm32cube.ide.mcu.externaltools.gnu-tools-for-stm32.10.3-2021.10.win32_1.0.200.202301161003/tools/bin/../lib/gcc/arm-none-eabi/10.3.1/../../../../arm-none-eabi/lib/thumb/v7-m/nofp\libc_nano.a(lib_a-stdio.o)
                0x000000000800961e                __swrite
 .text.__sseek  0x0000000008009656       0x24 d:/st software/cubeide/stm32cubeide_1.12.1/stm32cubeide/plugins/com.st.stm32cube.ide.mcu.externaltools.gnu-tools-for-stm32.10.3-2021.10.win32_1.0.200.202301161003/tools/bin/../lib/gcc/arm-none-eabi/10.3.1/../../../../arm-none-eabi/lib/thumb/v7-m/nofp\libc_nano.a(lib_a-stdio.o)
                0x0000000008009656                __sseek
 .text.__sclose
                0x000000000800967a        0x8 d:/st software/cubeide/stm32cubeide_1.12.1/stm32cubeide/plugins/com.st.stm32cube.ide.mcu.externaltools.gnu-tools-for-stm32.10.3-2021.10.win32_1.0.200.202301161003/tools/bin/../lib/gcc/arm-none-eabi/10.3.1/../../../../arm-none-eabi/lib/thumb/v7-m/nofp\libc_nano.a(lib_a-stdio.o)
                0x000000000800967a                __sclose
 *fill*         0x0000000008009682        0x2 
 .text._write_r
                0x0000000008009684       0x24 d:/st software/cubeide/stm32cubeide_1.12.1/stm32cubeide/plugins/com.st.stm32cube.ide.mcu.externaltools.gnu-tools-for-stm32.10.3-2021.10.win32_1.0.200.202301161003/tools/bin/../lib/gcc/arm-none-eabi/10.3.1/../../../../arm-none-eabi/lib/thumb/v7-m/nofp\libc_nano.a(lib_a-writer.o)
                0x0000000008009684                _write_r
 .text.__assert_func
                0x00000000080096a8       0x3c d:/st software/cubeide/stm32cubeide_1.12.1/stm32cubeide/plugins/com.st.stm32cube.ide.mcu.externaltools.gnu-tools-for-stm32.10.3-2021.10.win32_1.0.200.202301161003/tools/bin/../lib/gcc/arm-none-eabi/10.3.1/../../../../arm-none-eabi/lib/thumb/v7-m/nofp\libc_nano.a(lib_a-assert.o)
                0x00000000080096a8                __assert_func
 .text._close_r
                0x00000000080096e4       0x20 d:/st software/cubeide/stm32cubeide_1.12.1/stm32cubeide/plugins/com.st.stm32cube.ide.mcu.externaltools.gnu-tools-for-stm32.10.3-2021.10.win32_1.0.200.202301161003/tools/bin/../lib/gcc/arm-none-eabi/10.3.1/../../../../arm-none-eabi/lib/thumb/v7-m/nofp\libc_nano.a(lib_a-closer.o)
                0x00000000080096e4                _close_r
 .text.fprintf  0x0000000008009704       0x24 d:/st software/cubeide/stm32cubeide_1.12.1/stm32cubeide/plugins/com.st.stm32cube.ide.mcu.externaltools.gnu-tools-for-stm32.10.3-2021.10.win32_1.0.200.202301161003/tools/bin/../lib/gcc/arm-none-eabi/10.3.1/../../../../arm-none-eabi/lib/thumb/v7-m/nofp\libc_nano.a(lib_a-fprintf.o)
                0x0000000008009704                fiprintf
                0x0000000008009704                fprintf
 .text._fstat_r
                0x0000000008009728       0x24 d:/st software/cubeide/stm32cubeide_1.12.1/stm32cubeide/plugins/com.st.stm32cube.ide.mcu.externaltools.gnu-tools-for-stm32.10.3-2021.10.win32_1.0.200.202301161003/tools/bin/../lib/gcc/arm-none-eabi/10.3.1/../../../../arm-none-eabi/lib/thumb/v7-m/nofp\libc_nano.a(lib_a-fstatr.o)
                0x0000000008009728                _fstat_r
 .text._isatty_r
                0x000000000800974c       0x20 d:/st software/cubeide/stm32cubeide_1.12.1/stm32cubeide/plugins/com.st.stm32cube.ide.mcu.externaltools.gnu-tools-for-stm32.10.3-2021.10.win32_1.0.200.202301161003/tools/bin/../lib/gcc/arm-none-eabi/10.3.1/../../../../arm-none-eabi/lib/thumb/v7-m/nofp\libc_nano.a(lib_a-isattyr.o)
                0x000000000800974c                _isatty_r
 .text._lseek_r
                0x000000000800976c       0x24 d:/st software/cubeide/stm32cubeide_1.12.1/stm32cubeide/plugins/com.st.stm32cube.ide.mcu.externaltools.gnu-tools-for-stm32.10.3-2021.10.win32_1.0.200.202301161003/tools/bin/../lib/gcc/arm-none-eabi/10.3.1/../../../../arm-none-eabi/lib/thumb/v7-m/nofp\libc_nano.a(lib_a-lseekr.o)
                0x000000000800976c                _lseek_r
 .text.__ascii_mbtowc
                0x0000000008009790       0x24 d:/st software/cubeide/stm32cubeide_1.12.1/stm32cubeide/plugins/com.st.stm32cube.ide.mcu.externaltools.gnu-tools-for-stm32.10.3-2021.10.win32_1.0.200.202301161003/tools/bin/../lib/gcc/arm-none-eabi/10.3.1/../../../../arm-none-eabi/lib/thumb/v7-m/nofp\libc_nano.a(lib_a-mbtowc_r.o)
                0x0000000008009790                __ascii_mbtowc
 .text.memmove  0x00000000080097b4       0x34 d:/st software/cubeide/stm32cubeide_1.12.1/stm32cubeide/plugins/com.st.stm32cube.ide.mcu.externaltools.gnu-tools-for-stm32.10.3-2021.10.win32_1.0.200.202301161003/tools/bin/../lib/gcc/arm-none-eabi/10.3.1/../../../../arm-none-eabi/lib/thumb/v7-m/nofp\libc_nano.a(lib_a-memmove.o)
                0x00000000080097b4                memmove
 .text.__malloc_lock
                0x00000000080097e8        0xc d:/st software/cubeide/stm32cubeide_1.12.1/stm32cubeide/plugins/com.st.stm32cube.ide.mcu.externaltools.gnu-tools-for-stm32.10.3-2021.10.win32_1.0.200.202301161003/tools/bin/../lib/gcc/arm-none-eabi/10.3.1/../../../../arm-none-eabi/lib/thumb/v7-m/nofp\libc_nano.a(lib_a-mlock.o)
                0x00000000080097e8                __malloc_lock
 .text.__malloc_unlock
                0x00000000080097f4        0xc d:/st software/cubeide/stm32cubeide_1.12.1/stm32cubeide/plugins/com.st.stm32cube.ide.mcu.externaltools.gnu-tools-for-stm32.10.3-2021.10.win32_1.0.200.202301161003/tools/bin/../lib/gcc/arm-none-eabi/10.3.1/../../../../arm-none-eabi/lib/thumb/v7-m/nofp\libc_nano.a(lib_a-mlock.o)
                0x00000000080097f4                __malloc_unlock
 .text._realloc_r
                0x0000000008009800       0x5e d:/st software/cubeide/stm32cubeide_1.12.1/stm32cubeide/plugins/com.st.stm32cube.ide.mcu.externaltools.gnu-tools-for-stm32.10.3-2021.10.win32_1.0.200.202301161003/tools/bin/../lib/gcc/arm-none-eabi/10.3.1/../../../../arm-none-eabi/lib/thumb/v7-m/nofp\libc_nano.a(lib_a-nano-reallocr.o)
                0x0000000008009800                _realloc_r
 *fill*         0x000000000800985e        0x2 
 .text._read_r  0x0000000008009860       0x24 d:/st software/cubeide/stm32cubeide_1.12.1/stm32cubeide/plugins/com.st.stm32cube.ide.mcu.externaltools.gnu-tools-for-stm32.10.3-2021.10.win32_1.0.200.202301161003/tools/bin/../lib/gcc/arm-none-eabi/10.3.1/../../../../arm-none-eabi/lib/thumb/v7-m/nofp\libc_nano.a(lib_a-readr.o)
                0x0000000008009860                _read_r
 .text.__ascii_wctomb
                0x0000000008009884       0x1a d:/st software/cubeide/stm32cubeide_1.12.1/stm32cubeide/plugins/com.st.stm32cube.ide.mcu.externaltools.gnu-tools-for-stm32.10.3-2021.10.win32_1.0.200.202301161003/tools/bin/../lib/gcc/arm-none-eabi/10.3.1/../../../../arm-none-eabi/lib/thumb/v7-m/nofp\libc_nano.a(lib_a-wctomb_r.o)
                0x0000000008009884                __ascii_wctomb
 .text.abort    0x000000000800989e        0xe d:/st software/cubeide/stm32cubeide_1.12.1/stm32cubeide/plugins/com.st.stm32cube.ide.mcu.externaltools.gnu-tools-for-stm32.10.3-2021.10.win32_1.0.200.202301161003/tools/bin/../lib/gcc/arm-none-eabi/10.3.1/../../../../arm-none-eabi/lib/thumb/v7-m/nofp\libc_nano.a(lib_a-abort.o)
                0x000000000800989e                abort
 .text._malloc_usable_size_r
                0x00000000080098ac       0x10 d:/st software/cubeide/stm32cubeide_1.12.1/stm32cubeide/plugins/com.st.stm32cube.ide.mcu.externaltools.gnu-tools-for-stm32.10.3-2021.10.win32_1.0.200.202301161003/tools/bin/../lib/gcc/arm-none-eabi/10.3.1/../../../../arm-none-eabi/lib/thumb/v7-m/nofp\libc_nano.a(lib_a-nano-msizer.o)
                0x00000000080098ac                _malloc_usable_size_r
 .text._raise_r
                0x00000000080098bc       0x50 d:/st software/cubeide/stm32cubeide_1.12.1/stm32cubeide/plugins/com.st.stm32cube.ide.mcu.externaltools.gnu-tools-for-stm32.10.3-2021.10.win32_1.0.200.202301161003/tools/bin/../lib/gcc/arm-none-eabi/10.3.1/../../../../arm-none-eabi/lib/thumb/v7-m/nofp\libc_nano.a(lib_a-signal.o)
                0x00000000080098bc                _raise_r
 .text.raise    0x000000000800990c       0x10 d:/st software/cubeide/stm32cubeide_1.12.1/stm32cubeide/plugins/com.st.stm32cube.ide.mcu.externaltools.gnu-tools-for-stm32.10.3-2021.10.win32_1.0.200.202301161003/tools/bin/../lib/gcc/arm-none-eabi/10.3.1/../../../../arm-none-eabi/lib/thumb/v7-m/nofp\libc_nano.a(lib_a-signal.o)
                0x000000000800990c                raise
 .text._kill_r  0x000000000800991c       0x24 d:/st software/cubeide/stm32cubeide_1.12.1/stm32cubeide/plugins/com.st.stm32cube.ide.mcu.externaltools.gnu-tools-for-stm32.10.3-2021.10.win32_1.0.200.202301161003/tools/bin/../lib/gcc/arm-none-eabi/10.3.1/../../../../arm-none-eabi/lib/thumb/v7-m/nofp\libc_nano.a(lib_a-signalr.o)
                0x000000000800991c                _kill_r
 .text._getpid_r
                0x0000000008009940        0x4 d:/st software/cubeide/stm32cubeide_1.12.1/stm32cubeide/plugins/com.st.stm32cube.ide.mcu.externaltools.gnu-tools-for-stm32.10.3-2021.10.win32_1.0.200.202301161003/tools/bin/../lib/gcc/arm-none-eabi/10.3.1/../../../../arm-none-eabi/lib/thumb/v7-m/nofp\libc_nano.a(lib_a-signalr.o)
                0x0000000008009940                _getpid_r
 *(.glue_7)
 .glue_7        0x0000000008009944        0x0 linker stubs
 *(.glue_7t)
 .glue_7t       0x0000000008009944        0x0 linker stubs
 *(.eh_frame)
 .eh_frame      0x0000000008009944        0x0 d:/st software/cubeide/stm32cubeide_1.12.1/stm32cubeide/plugins/com.st.stm32cube.ide.mcu.externaltools.gnu-tools-for-stm32.10.3-2021.10.win32_1.0.200.202301161003/tools/bin/../lib/gcc/arm-none-eabi/10.3.1/thumb/v7-m/nofp/crtbegin.o
 *(.init)
 .init          0x0000000008009944        0x4 d:/st software/cubeide/stm32cubeide_1.12.1/stm32cubeide/plugins/com.st.stm32cube.ide.mcu.externaltools.gnu-tools-for-stm32.10.3-2021.10.win32_1.0.200.202301161003/tools/bin/../lib/gcc/arm-none-eabi/10.3.1/thumb/v7-m/nofp/crti.o
                0x0000000008009944                _init
 .init          0x0000000008009948        0x8 d:/st software/cubeide/stm32cubeide_1.12.1/stm32cubeide/plugins/com.st.stm32cube.ide.mcu.externaltools.gnu-tools-for-stm32.10.3-2021.10.win32_1.0.200.202301161003/tools/bin/../lib/gcc/arm-none-eabi/10.3.1/thumb/v7-m/nofp/crtn.o
 *(.fini)
 .fini          0x0000000008009950        0x4 d:/st software/cubeide/stm32cubeide_1.12.1/stm32cubeide/plugins/com.st.stm32cube.ide.mcu.externaltools.gnu-tools-for-stm32.10.3-2021.10.win32_1.0.200.202301161003/tools/bin/../lib/gcc/arm-none-eabi/10.3.1/thumb/v7-m/nofp/crti.o
                0x0000000008009950                _fini
 .fini          0x0000000008009954        0x8 d:/st software/cubeide/stm32cubeide_1.12.1/stm32cubeide/plugins/com.st.stm32cube.ide.mcu.externaltools.gnu-tools-for-stm32.10.3-2021.10.win32_1.0.200.202301161003/tools/bin/../lib/gcc/arm-none-eabi/10.3.1/thumb/v7-m/nofp/crtn.o
                0x000000000800995c                . = ALIGN (0x4)
                0x000000000800995c                _etext = .

.vfp11_veneer   0x000000000800995c        0x0
 .vfp11_veneer  0x000000000800995c        0x0 linker stubs

.v4_bx          0x000000000800995c        0x0
 .v4_bx         0x000000000800995c        0x0 linker stubs

.iplt           0x000000000800995c        0x0
 .iplt          0x000000000800995c        0x0 d:/st software/cubeide/stm32cubeide_1.12.1/stm32cubeide/plugins/com.st.stm32cube.ide.mcu.externaltools.gnu-tools-for-stm32.10.3-2021.10.win32_1.0.200.202301161003/tools/bin/../lib/gcc/arm-none-eabi/10.3.1/thumb/v7-m/nofp/crtbegin.o

.rodata         0x0000000008009960      0x964
                0x0000000008009960                . = ALIGN (0x4)
 *(.rodata)
 .rodata        0x0000000008009960      0x42a ./SX1262 drivers/SX1262_MX_Process.o
 *fill*         0x0000000008009d8a        0x2 
 .rodata        0x0000000008009d8c        0x8 ./SX1262 drivers/sx126x/radio.o
 .rodata        0x0000000008009d94       0x11 ./SX1262 drivers/sx126x/sx126x.o
 *(.rodata*)
 *fill*         0x0000000008009da5        0x3 
 .rodata.PLLMulTable
                0x0000000008009da8        0x9 ./Core/Src/system_stm32l1xx.o
                0x0000000008009da8                PLLMulTable
 *fill*         0x0000000008009db1        0x3 
 .rodata.AHBPrescTable
                0x0000000008009db4       0x10 ./Core/Src/system_stm32l1xx.o
                0x0000000008009db4                AHBPrescTable
 .rodata.APBPrescTable
                0x0000000008009dc4        0x8 ./Core/Src/system_stm32l1xx.o
                0x0000000008009dc4                APBPrescTable
 .rodata.Radio  0x0000000008009dcc       0x6c ./SX1262 drivers/sx126x/radio.o
                0x0000000008009dcc                Radio
 .rodata.FskBandwidths
                0x0000000008009e38       0xb0 ./SX1262 drivers/sx126x/radio.o
                0x0000000008009e38                FskBandwidths
 .rodata.Bandwidths
                0x0000000008009ee8        0x3 ./SX1262 drivers/sx126x/radio.o
                0x0000000008009ee8                Bandwidths
 *fill*         0x0000000008009eeb        0x1 
 .rodata._global_impure_ptr
                0x0000000008009eec        0x4 d:/st software/cubeide/stm32cubeide_1.12.1/stm32cubeide/plugins/com.st.stm32cube.ide.mcu.externaltools.gnu-tools-for-stm32.10.3-2021.10.win32_1.0.200.202301161003/tools/bin/../lib/gcc/arm-none-eabi/10.3.1/../../../../arm-none-eabi/lib/thumb/v7-m/nofp\libc_nano.a(lib_a-impure.o)
                0x0000000008009eec                _global_impure_ptr
 .rodata._printf_float.str1.1
                0x0000000008009ef0       0x12 d:/st software/cubeide/stm32cubeide_1.12.1/stm32cubeide/plugins/com.st.stm32cube.ide.mcu.externaltools.gnu-tools-for-stm32.10.3-2021.10.win32_1.0.200.202301161003/tools/bin/../lib/gcc/arm-none-eabi/10.3.1/../../../../arm-none-eabi/lib/thumb/v7-m/nofp\libc_nano.a(lib_a-nano-vfprintf_float.o)
 .rodata._printf_i.str1.1
                0x0000000008009f02       0x22 d:/st software/cubeide/stm32cubeide_1.12.1/stm32cubeide/plugins/com.st.stm32cube.ide.mcu.externaltools.gnu-tools-for-stm32.10.3-2021.10.win32_1.0.200.202301161003/tools/bin/../lib/gcc/arm-none-eabi/10.3.1/../../../../arm-none-eabi/lib/thumb/v7-m/nofp\libc_nano.a(lib_a-nano-vfprintf_i.o)
 .rodata._dtoa_r.str1.1
                0x0000000008009f24       0x90 d:/st software/cubeide/stm32cubeide_1.12.1/stm32cubeide/plugins/com.st.stm32cube.ide.mcu.externaltools.gnu-tools-for-stm32.10.3-2021.10.win32_1.0.200.202301161003/tools/bin/../lib/gcc/arm-none-eabi/10.3.1/../../../../arm-none-eabi/lib/thumb/v7-m/nofp\libc_nano.a(lib_a-dtoa.o)
                                         0x92 (size before relaxing)
 .rodata.__sf_fake_stderr
                0x0000000008009fb4       0x20 d:/st software/cubeide/stm32cubeide_1.12.1/stm32cubeide/plugins/com.st.stm32cube.ide.mcu.externaltools.gnu-tools-for-stm32.10.3-2021.10.win32_1.0.200.202301161003/tools/bin/../lib/gcc/arm-none-eabi/10.3.1/../../../../arm-none-eabi/lib/thumb/v7-m/nofp\libc_nano.a(lib_a-findfp.o)
                0x0000000008009fb4                __sf_fake_stderr
 .rodata.__sf_fake_stdin
                0x0000000008009fd4       0x20 d:/st software/cubeide/stm32cubeide_1.12.1/stm32cubeide/plugins/com.st.stm32cube.ide.mcu.externaltools.gnu-tools-for-stm32.10.3-2021.10.win32_1.0.200.202301161003/tools/bin/../lib/gcc/arm-none-eabi/10.3.1/../../../../arm-none-eabi/lib/thumb/v7-m/nofp\libc_nano.a(lib_a-findfp.o)
                0x0000000008009fd4                __sf_fake_stdin
 .rodata.__sf_fake_stdout
                0x0000000008009ff4       0x20 d:/st software/cubeide/stm32cubeide_1.12.1/stm32cubeide/plugins/com.st.stm32cube.ide.mcu.externaltools.gnu-tools-for-stm32.10.3-2021.10.win32_1.0.200.202301161003/tools/bin/../lib/gcc/arm-none-eabi/10.3.1/../../../../arm-none-eabi/lib/thumb/v7-m/nofp\libc_nano.a(lib_a-findfp.o)
                0x0000000008009ff4                __sf_fake_stdout
 .rodata._Balloc.str1.1
                0x000000000800a014       0x5c d:/st software/cubeide/stm32cubeide_1.12.1/stm32cubeide/plugins/com.st.stm32cube.ide.mcu.externaltools.gnu-tools-for-stm32.10.3-2021.10.win32_1.0.200.202301161003/tools/bin/../lib/gcc/arm-none-eabi/10.3.1/../../../../arm-none-eabi/lib/thumb/v7-m/nofp\libc_nano.a(lib_a-mprec.o)
                                         0x73 (size before relaxing)
 .rodata.__multadd.str1.1
                0x000000000800a070       0x11 d:/st software/cubeide/stm32cubeide_1.12.1/stm32cubeide/plugins/com.st.stm32cube.ide.mcu.externaltools.gnu-tools-for-stm32.10.3-2021.10.win32_1.0.200.202301161003/tools/bin/../lib/gcc/arm-none-eabi/10.3.1/../../../../arm-none-eabi/lib/thumb/v7-m/nofp\libc_nano.a(lib_a-mprec.o)
 .rodata.__mprec_bigtens
                0x000000000800a070       0x28 d:/st software/cubeide/stm32cubeide_1.12.1/stm32cubeide/plugins/com.st.stm32cube.ide.mcu.externaltools.gnu-tools-for-stm32.10.3-2021.10.win32_1.0.200.202301161003/tools/bin/../lib/gcc/arm-none-eabi/10.3.1/../../../../arm-none-eabi/lib/thumb/v7-m/nofp\libc_nano.a(lib_a-mprec.o)
                0x000000000800a070                __mprec_bigtens
 .rodata.__mprec_tens
                0x000000000800a098       0xc8 d:/st software/cubeide/stm32cubeide_1.12.1/stm32cubeide/plugins/com.st.stm32cube.ide.mcu.externaltools.gnu-tools-for-stm32.10.3-2021.10.win32_1.0.200.202301161003/tools/bin/../lib/gcc/arm-none-eabi/10.3.1/../../../../arm-none-eabi/lib/thumb/v7-m/nofp\libc_nano.a(lib_a-mprec.o)
                0x000000000800a098                __mprec_tens
 .rodata.p05.0  0x000000000800a160        0xc d:/st software/cubeide/stm32cubeide_1.12.1/stm32cubeide/plugins/com.st.stm32cube.ide.mcu.externaltools.gnu-tools-for-stm32.10.3-2021.10.win32_1.0.200.202301161003/tools/bin/../lib/gcc/arm-none-eabi/10.3.1/../../../../arm-none-eabi/lib/thumb/v7-m/nofp\libc_nano.a(lib_a-mprec.o)
 .rodata._svfprintf_r.str1.1
                0x000000000800a16c       0x11 d:/st software/cubeide/stm32cubeide_1.12.1/stm32cubeide/plugins/com.st.stm32cube.ide.mcu.externaltools.gnu-tools-for-stm32.10.3-2021.10.win32_1.0.200.202301161003/tools/bin/../lib/gcc/arm-none-eabi/10.3.1/../../../../arm-none-eabi/lib/thumb/v7-m/nofp\libc_nano.a(lib_a-nano-svfprintf.o)
 .rodata._vfprintf_r.str1.1
                0x000000000800a17d       0x11 d:/st software/cubeide/stm32cubeide_1.12.1/stm32cubeide/plugins/com.st.stm32cube.ide.mcu.externaltools.gnu-tools-for-stm32.10.3-2021.10.win32_1.0.200.202301161003/tools/bin/../lib/gcc/arm-none-eabi/10.3.1/../../../../arm-none-eabi/lib/thumb/v7-m/nofp\libc_nano.a(lib_a-nano-vfprintf.o)
 .rodata.__assert_func.str1.1
                0x000000000800a17d       0x3c d:/st software/cubeide/stm32cubeide_1.12.1/stm32cubeide/plugins/com.st.stm32cube.ide.mcu.externaltools.gnu-tools-for-stm32.10.3-2021.10.win32_1.0.200.202301161003/tools/bin/../lib/gcc/arm-none-eabi/10.3.1/../../../../arm-none-eabi/lib/thumb/v7-m/nofp\libc_nano.a(lib_a-assert.o)
                                         0x3d (size before relaxing)
 .rodata._setlocale_r.str1.1
                0x000000000800a1b9        0x8 d:/st software/cubeide/stm32cubeide_1.12.1/stm32cubeide/plugins/com.st.stm32cube.ide.mcu.externaltools.gnu-tools-for-stm32.10.3-2021.10.win32_1.0.200.202301161003/tools/bin/../lib/gcc/arm-none-eabi/10.3.1/../../../../arm-none-eabi/lib/thumb/v7-m/nofp\libc_nano.a(lib_a-locale.o)
                                          0x9 (size before relaxing)
 .rodata.str1.1
                0x000000000800a1c1        0x2 d:/st software/cubeide/stm32cubeide_1.12.1/stm32cubeide/plugins/com.st.stm32cube.ide.mcu.externaltools.gnu-tools-for-stm32.10.3-2021.10.win32_1.0.200.202301161003/tools/bin/../lib/gcc/arm-none-eabi/10.3.1/../../../../arm-none-eabi/lib/thumb/v7-m/nofp\libc_nano.a(lib_a-locale.o)
 .rodata._ctype_