../SX1262 drivers/sx126x/radio.c:495:16:RadioGetFskBandwidthRegValue	24	static
../SX1262 drivers/sx126x/radio.c:515:6:RadioInit	16	static
../SX1262 drivers/sx126x/radio.c:538:14:RadioGetStatus	8	static
../SX1262 drivers/sx126x/radio.c:553:6:RadioSetModem	16	static
../SX1262 drivers/sx126x/radio.c:576:6:RadioSetChannel	16	static
../SX1262 drivers/sx126x/radio.c:581:6:RadioIsChannelFree	72	static
../SX1262 drivers/sx126x/radio.c:617:10:RadioRandom	16	static
../SX1262 drivers/sx126x/radio.c:635:6:RadioSetRxConfig	32	static
../SX1262 drivers/sx126x/radio.c:761:6:RadioSetTxConfig	32	static
../SX1262 drivers/sx126x/radio.c:865:6:RadioCheckRfFrequency	16	static
../SX1262 drivers/sx126x/radio.c:870:17:RadioGetLoRaBandwidthInHz	24	static
../SX1262 drivers/sx126x/radio.c:911:17:RadioGetGfskTimeOnAirNumerator	24	static
../SX1262 drivers/sx126x/radio.c:928:17:RadioGetLoRaTimeOnAirNumerator	48	static
../SX1262 drivers/sx126x/radio.c:993:10:RadioTimeOnAir	48	static
../SX1262 drivers/sx126x/radio.c:1024:6:RadioSend	16	static
../SX1262 drivers/sx126x/radio.c:1046:6:RadioSleep	16	static
../SX1262 drivers/sx126x/radio.c:1056:6:RadioStandby	8	static
../SX1262 drivers/sx126x/radio.c:1061:6:RadioRx	16	static
../SX1262 drivers/sx126x/radio.c:1085:6:RadioRxBoosted	16	static
../SX1262 drivers/sx126x/radio.c:1109:6:RadioSetRxDutyCycle	16	static
../SX1262 drivers/sx126x/radio.c:1114:6:RadioAddRegisterToRetentionList	40	static
../SX1262 drivers/sx126x/radio.c:1149:6:RadioStartCad	8	static
../SX1262 drivers/sx126x/radio.c:1155:6:RadioSetTxContinuousWave	16	static
../SX1262 drivers/sx126x/radio.c:1167:9:RadioRssi	16	static
../SX1262 drivers/sx126x/radio.c:1172:6:RadioWrite	16	static
../SX1262 drivers/sx126x/radio.c:1177:9:RadioRead	16	static
../SX1262 drivers/sx126x/radio.c:1182:6:RadioWriteBuffer	24	static
../SX1262 drivers/sx126x/radio.c:1187:6:RadioReadBuffer	24	static
../SX1262 drivers/sx126x/radio.c:1192:6:RadioSetMaxPayloadLength	16	static
../SX1262 drivers/sx126x/radio.c:1209:6:RadioSetPublicNetwork	16	static
../SX1262 drivers/sx126x/radio.c:1228:10:RadioGetWakeupTime	8	static
../SX1262 drivers/sx126x/radio.c:1233:6:RadioOnTxTimeoutIrq	16	static
../SX1262 drivers/sx126x/radio.c:1241:6:RadioOnRxTimeoutIrq	16	static
../SX1262 drivers/sx126x/radio.c:1249:6:RadioOnDioIrq	4	static
../SX1262 drivers/sx126x/radio.c:1255:6:RadioIrqProcess	24	static
