../SX1262 drivers/sx126x/sx126x.c:115:6:SX126xInit	8	static
../SX1262 drivers/sx126x/sx126x.c:136:6:SX126xCheckDeviceReady	8	static
../SX1262 drivers/sx126x/sx126x.c:147:6:SX126xSetPayload	16	static
../SX1262 drivers/sx126x/sx126x.c:152:9:SX126xGetPayload	32	static
../SX1262 drivers/sx126x/sx126x.c:165:6:SX126xSendPayload	24	static
../SX1262 drivers/sx126x/sx126x.c:171:9:SX126xSetSyncWord	16	static
../SX1262 drivers/sx126x/sx126x.c:177:6:SX126xSetCrcSeed	24	static
../SX1262 drivers/sx126x/sx126x.c:195:6:SX126xSetCrcPolynomial	24	static
../SX1262 drivers/sx126x/sx126x.c:213:6:SX126xSetWhiteningSeed	24	static
../SX1262 drivers/sx126x/sx126x.c:231:10:SX126xGetRandom	16	static
../SX1262 drivers/sx126x/sx126x.c:256:6:SX126xSetSleep	24	static
../SX1262 drivers/sx126x/sx126x.c:273:6:SX126xSetStandby	16	static
../SX1262 drivers/sx126x/sx126x.c:286:6:SX126xSetFs	8	static
../SX1262 drivers/sx126x/sx126x.c:292:6:SX126xSetTx	24	static
../SX1262 drivers/sx126x/sx126x.c:304:6:SX126xSetRx	24	static
../SX1262 drivers/sx126x/sx126x.c:318:6:SX126xSetRxBoosted	24	static
../SX1262 drivers/sx126x/sx126x.c:332:6:SX126xSetRxDutyCycle	24	static
../SX1262 drivers/sx126x/sx126x.c:346:6:SX126xSetCad	8	static
../SX1262 drivers/sx126x/sx126x.c:352:6:SX126xSetTxContinuousWave	8	static
../SX1262 drivers/sx126x/sx126x.c:358:6:SX126xSetTxInfinitePreamble	8	static
../SX1262 drivers/sx126x/sx126x.c:364:6:SX126xSetStopRxTimerOnPreambleDetect	16	static
../SX1262 drivers/sx126x/sx126x.c:369:6:SX126xSetLoRaSymbNumTimeout	24	static
../SX1262 drivers/sx126x/sx126x.c:393:6:SX126xSetRegulatorMode	16	static
../SX1262 drivers/sx126x/sx126x.c:398:6:SX126xCalibrate	24	static
../SX1262 drivers/sx126x/sx126x.c:411:6:SX126xCalibrateImage	24	static
../SX1262 drivers/sx126x/sx126x.c:443:6:SX126xSetPaConfig	32	static
../SX1262 drivers/sx126x/sx126x.c:454:6:SX126xSetRxTxFallbackMode	16	static
../SX1262 drivers/sx126x/sx126x.c:459:6:SX126xSetDioIrqParams	32	static
../SX1262 drivers/sx126x/sx126x.c:474:10:SX126xGetIrqStatus	16	static
../SX1262 drivers/sx126x/sx126x.c:482:6:SX126xSetDio2AsRfSwitchCtrl	16	static
../SX1262 drivers/sx126x/sx126x.c:487:6:SX126xSetDio3AsTcxoCtrl	24	static
../SX1262 drivers/sx126x/sx126x.c:499:6:SX126xSetRfFrequency	24	static
../SX1262 drivers/sx126x/sx126x.c:518:6:SX126xSetPacketType	16	static
../SX1262 drivers/sx126x/sx126x.c:525:20:SX126xGetPacketType	4	static
../SX1262 drivers/sx126x/sx126x.c:530:6:SX126xSetTxParams	24	static
../SX1262 drivers/sx126x/sx126x.c:574:6:SX126xSetModulationParams	32	static
../SX1262 drivers/sx126x/sx126x.c:619:6:SX126xSetPacketParams	32	static
../SX1262 drivers/sx126x/sx126x.c:678:6:SX126xSetCadParams	32	static
../SX1262 drivers/sx126x/sx126x.c:693:6:SX126xSetBufferBaseAddress	24	static
../SX1262 drivers/sx126x/sx126x.c:702:15:SX126xGetStatus	16	static
../SX1262 drivers/sx126x/sx126x.c:713:8:SX126xGetRssiInst	16	static
../SX1262 drivers/sx126x/sx126x.c:723:6:SX126xGetRxBufferStatus	24	static
../SX1262 drivers/sx126x/sx126x.c:742:6:SX126xGetPacketStatus	24	static
../SX1262 drivers/sx126x/sx126x.c:776:14:SX126xGetDeviceErrors	16	static
../SX1262 drivers/sx126x/sx126x.c:793:6:SX126xClearDeviceErrors	16	static
../SX1262 drivers/sx126x/sx126x.c:799:6:SX126xClearIrqStatus	24	static
../SX1262 drivers/sx126x/sx126x.c:808:17:SX126xConvertFreqInHzToPllStep	24	static
