../Radio_Drivers/sx126x/radio.c:494:16:RadioGetFskBandwidthRegValue	24	static
../Radio_Drivers/sx126x/radio.c:514:6:RadioInit	16	static
../Radio_Drivers/sx126x/radio.c:537:14:RadioGetStatus	8	static
../Radio_Drivers/sx126x/radio.c:552:6:RadioSetModem	16	static
../Radio_Drivers/sx126x/radio.c:575:6:RadioSetChannel	16	static
../Radio_Drivers/sx126x/radio.c:580:6:RadioIsChannelFree	72	static
../Radio_Drivers/sx126x/radio.c:616:10:RadioRandom	16	static
../Radio_Drivers/sx126x/radio.c:634:6:RadioSetRxConfig	32	static
../Radio_Drivers/sx126x/radio.c:760:6:RadioSetTxConfig	32	static
../Radio_Drivers/sx126x/radio.c:864:6:RadioCheckRfFrequency	16	static
../Radio_Drivers/sx126x/radio.c:869:17:RadioGetLoRaBandwidthInHz	24	static
../Radio_Drivers/sx126x/radio.c:910:17:RadioGetGfskTimeOnAirNumerator	24	static
../Radio_Drivers/sx126x/radio.c:927:17:RadioGetLoRaTimeOnAirNumerator	48	static
../Radio_Drivers/sx126x/radio.c:992:10:RadioTimeOnAir	48	static
../Radio_Drivers/sx126x/radio.c:1023:6:RadioSend	16	static
../Radio_Drivers/sx126x/radio.c:1045:6:RadioSleep	16	static
../Radio_Drivers/sx126x/radio.c:1055:6:RadioStandby	8	static
../Radio_Drivers/sx126x/radio.c:1060:6:RadioRx	16	static
../Radio_Drivers/sx126x/radio.c:1084:6:RadioRxBoosted	16	static
../Radio_Drivers/sx126x/radio.c:1108:6:RadioSetRxDutyCycle	16	static
../Radio_Drivers/sx126x/radio.c:1113:6:RadioAddRegisterToRetentionList	40	static
../Radio_Drivers/sx126x/radio.c:1148:6:RadioStartCad	8	static
../Radio_Drivers/sx126x/radio.c:1154:6:RadioSetTxContinuousWave	16	static
../Radio_Drivers/sx126x/radio.c:1166:9:RadioRssi	16	static
../Radio_Drivers/sx126x/radio.c:1171:6:RadioWrite	16	static
../Radio_Drivers/sx126x/radio.c:1176:9:RadioRead	16	static
../Radio_Drivers/sx126x/radio.c:1181:6:RadioWriteBuffer	24	static
../Radio_Drivers/sx126x/radio.c:1186:6:RadioReadBuffer	24	static
../Radio_Drivers/sx126x/radio.c:1191:6:RadioSetMaxPayloadLength	16	static
../Radio_Drivers/sx126x/radio.c:1208:6:RadioSetPublicNetwork	16	static
../Radio_Drivers/sx126x/radio.c:1227:10:RadioGetWakeupTime	8	static
../Radio_Drivers/sx126x/radio.c:1232:6:RadioOnTxTimeoutIrq	16	static
../Radio_Drivers/sx126x/radio.c:1240:6:RadioOnRxTimeoutIrq	16	static
../Radio_Drivers/sx126x/radio.c:1248:6:RadioOnDioIrq	4	static
../Radio_Drivers/sx126x/radio.c:1254:6:RadioIrqProcess	24	static
